core_cm0plus.h:745:22:NVIC_EnableIRQ	16	static
core_cm0plus.h:791:22:NVIC_ClearPendingIRQ	16	static
core_cm0plus.h:804:22:NVIC_SetPriority	24	static
uart_interrupt.c:36:6:Init_UART0	32	static
uart_interrupt.c:111:6:uart_rx	8	static
uart_interrupt.c:122:6:uart_tx	16	static
uart_interrupt.c:161:6:transmit_wait	8	static
uart_interrupt.c:174:6:recieve_wait	8	static
uart_interrupt.c:189:6:UART0_print_string	16	static
uart_interrupt.c:207:6:UART0_print_int	40	static
uart_interrupt.c:222:6:putch_cbuff	32	static
uart_interrupt.c:245:6:UART0_IRQHandler	8	static
uart_interrupt.c:283:6:cbuff_string	16	static
uart_interrupt.c:301:6:getinfo	16	static
