Archive member included to satisfy reference by file (symbol)

d:/mcuxpressoide_11.0.1_2563/ide/plugins/com.nxp.mcuxpresso.tools.win32_11.0.1.201907311258/tools/bin/../lib/gcc/arm-none-eabi/8.2.1/../../../../arm-none-eabi/lib/thumb/v6-m/nofp\libcr_semihost_nf.a(_cr__main.o)
                              ./startup/startup_mkl25z4.o (__main)
d:/mcuxpressoide_11.0.1_2563/ide/plugins/com.nxp.mcuxpresso.tools.win32_11.0.1.201907311258/tools/bin/../lib/gcc/arm-none-eabi/8.2.1/../../../../arm-none-eabi/lib/thumb/v6-m/nofp\libcr_semihost_nf.a(_cr_assert.o)
                              ./drivers/fsl_clock.o (__assertion_failed)
d:/mcuxpressoide_11.0.1_2563/ide/plugins/com.nxp.mcuxpresso.tools.win32_11.0.1.201907311258/tools/bin/../lib/gcc/arm-none-eabi/8.2.1/../../../../arm-none-eabi/lib/thumb/v6-m/nofp\libcr_semihost_nf.a(__ciob.o)
                              d:/mcuxpressoide_11.0.1_2563/ide/plugins/com.nxp.mcuxpresso.tools.win32_11.0.1.201907311258/tools/bin/../lib/gcc/arm-none-eabi/8.2.1/../../../../arm-none-eabi/lib/thumb/v6-m/nofp\libcr_semihost_nf.a(_cr_assert.o) (__Ciob)
d:/mcuxpressoide_11.0.1_2563/ide/plugins/com.nxp.mcuxpresso.tools.win32_11.0.1.201907311258/tools/bin/../lib/gcc/arm-none-eabi/8.2.1/../../../../arm-none-eabi/lib/thumb/v6-m/nofp\libcr_semihost_nf.a(__sys_appexit.o)
                              d:/mcuxpressoide_11.0.1_2563/ide/plugins/com.nxp.mcuxpresso.tools.win32_11.0.1.201907311258/tools/bin/../lib/gcc/arm-none-eabi/8.2.1/../../../../arm-none-eabi/lib/thumb/v6-m/nofp\libcr_semihost_nf.a(_cr_assert.o) (__sys_appexit)
d:/mcuxpressoide_11.0.1_2563/ide/plugins/com.nxp.mcuxpresso.tools.win32_11.0.1.201907311258/tools/bin/../lib/gcc/arm-none-eabi/8.2.1/../../../../arm-none-eabi/lib/thumb/v6-m/nofp\libcr_c.a(memcpy.o)
                              ./drivers/fsl_flash.o (memcpy)
d:/mcuxpressoide_11.0.1_2563/ide/plugins/com.nxp.mcuxpresso.tools.win32_11.0.1.201907311258/tools/bin/../lib/gcc/arm-none-eabi/8.2.1/../../../../arm-none-eabi/lib/thumb/v6-m/nofp\libcr_c.a(memset.o)
                              ./source/main.o (memset)
d:/mcuxpressoide_11.0.1_2563/ide/plugins/com.nxp.mcuxpresso.tools.win32_11.0.1.201907311258/tools/bin/../lib/gcc/arm-none-eabi/8.2.1/../../../../arm-none-eabi/lib/thumb/v6-m/nofp\libcr_c.a(_deferredlazyseek.o)
                              d:/mcuxpressoide_11.0.1_2563/ide/plugins/com.nxp.mcuxpresso.tools.win32_11.0.1.201907311258/tools/bin/../lib/gcc/arm-none-eabi/8.2.1/../../../../arm-none-eabi/lib/thumb/v6-m/nofp\libcr_semihost_nf.a(_cr_assert.o) (__flsbuf)
d:/mcuxpressoide_11.0.1_2563/ide/plugins/com.nxp.mcuxpresso.tools.win32_11.0.1.201907311258/tools/bin/../lib/gcc/arm-none-eabi/8.2.1/../../../../arm-none-eabi/lib/thumb/v6-m/nofp\libcr_c.a(_fflush.o)
                              d:/mcuxpressoide_11.0.1_2563/ide/plugins/com.nxp.mcuxpresso.tools.win32_11.0.1.201907311258/tools/bin/../lib/gcc/arm-none-eabi/8.2.1/../../../../arm-none-eabi/lib/thumb/v6-m/nofp\libcr_c.a(_deferredlazyseek.o) (_fflush)
d:/mcuxpressoide_11.0.1_2563/ide/plugins/com.nxp.mcuxpresso.tools.win32_11.0.1.201907311258/tools/bin/../lib/gcc/arm-none-eabi/8.2.1/../../../../arm-none-eabi/lib/thumb/v6-m/nofp\libcr_c.a(_writebuf.o)
                              d:/mcuxpressoide_11.0.1_2563/ide/plugins/com.nxp.mcuxpresso.tools.win32_11.0.1.201907311258/tools/bin/../lib/gcc/arm-none-eabi/8.2.1/../../../../arm-none-eabi/lib/thumb/v6-m/nofp\libcr_c.a(_deferredlazyseek.o) (_Cwritebuf)
d:/mcuxpressoide_11.0.1_2563/ide/plugins/com.nxp.mcuxpresso.tools.win32_11.0.1.201907311258/tools/bin/../lib/gcc/arm-none-eabi/8.2.1/../../../../arm-none-eabi/lib/thumb/v6-m/nofp\libcr_c.a(alloc.o)
                              ./source/circularbuff.o (malloc)
d:/mcuxpressoide_11.0.1_2563/ide/plugins/com.nxp.mcuxpresso.tools.win32_11.0.1.201907311258/tools/bin/../lib/gcc/arm-none-eabi/8.2.1/../../../../arm-none-eabi/lib/thumb/v6-m/nofp\libcr_c.a(fputs.o)
                              d:/mcuxpressoide_11.0.1_2563/ide/plugins/com.nxp.mcuxpresso.tools.win32_11.0.1.201907311258/tools/bin/../lib/gcc/arm-none-eabi/8.2.1/../../../../arm-none-eabi/lib/thumb/v6-m/nofp\libcr_semihost_nf.a(_cr_assert.o) (fputs)
d:/mcuxpressoide_11.0.1_2563/ide/plugins/com.nxp.mcuxpresso.tools.win32_11.0.1.201907311258/tools/bin/../lib/gcc/arm-none-eabi/8.2.1/../../../../arm-none-eabi/lib/thumb/v6-m/nofp\libcr_c.a(fseek.o)
                              d:/mcuxpressoide_11.0.1_2563/ide/plugins/com.nxp.mcuxpresso.tools.win32_11.0.1.201907311258/tools/bin/../lib/gcc/arm-none-eabi/8.2.1/../../../../arm-none-eabi/lib/thumb/v6-m/nofp\libcr_c.a(_deferredlazyseek.o) (fseek)
d:/mcuxpressoide_11.0.1_2563/ide/plugins/com.nxp.mcuxpresso.tools.win32_11.0.1.201907311258/tools/bin/../lib/gcc/arm-none-eabi/8.2.1/../../../../arm-none-eabi/lib/thumb/v6-m/nofp\libcr_c.a(ftell.o)
[...]
Memory Configuration

Name             Origin             Length             Attributes
PROGRAM_FLASH    0x00000000         0x00020000         xr
SRAM             0x1ffff000         0x00004000         xrw
*default*        0x00000000         0xffffffff

Linker script and memory map

LOAD ./utilities/fsl_debug_console.o
LOAD ./startup/startup_mkl25z4.o
LOAD ./source/RGBled.o
LOAD ./source/char_count_update.o
LOAD ./source/circularbuff.o
LOAD ./source/logger.o
LOAD ./source/main.o
LOAD ./source/mtb.o
LOAD ./source/semihost_hardfault.o
LOAD ./source/time_stamp.o
LOAD ./source/uart_interrupt.o
LOAD ./drivers/fsl_clock.o
LOAD ./drivers/fsl_cmp.o
LOAD ./drivers/fsl_common.o
LOAD ./drivers/fsl_dac.o
LOAD ./drivers/fsl_flash.o
LOAD ./drivers/fsl_gpio.o
LOAD ./drivers/fsl_i2c.o
LOAD ./drivers/fsl_llwu.o
LOAD ./drivers/fsl_lpsci.o
LOAD ./drivers/fsl_lptmr.o
LOAD ./drivers/fsl_rtc.o
LOAD ./drivers/fsl_smc.o
LOAD ./drivers/fsl_spi.o
LOAD ./drivers/fsl_uart.o
LOAD ./board/board.o
LOAD ./board/clock_config.o
LOAD ./board/peripherals.o
LOAD ./board/pin_mux.o
LOAD ./CMSIS/system_MKL25Z4.o
START GROUP
LOAD d:/mcuxpressoide_11.0.1_2563/ide/plugins/com.nxp.mcuxpresso.tools.win32_11.0.1.201907311258/tools/bin/../lib/gcc/arm-none-eabi/8.2.1/../../../../arm-none-eabi/lib/thumb/v6-m/nofp\libcr_semihost_nf.a
LOAD d:/mcuxpressoide_11.0.1_2563/ide/plugins/com.nxp.mcuxpresso.tools.win32_11.0.1.201907311258/tools/bin/../lib/gcc/arm-none-eabi/8.2.1/../../../../arm-none-eabi/lib/thumb/v6-m/nofp\libcr_c.a
LOAD d:/mcuxpressoide_11.0.1_2563/ide/plugins/com.nxp.mcuxpresso.tools.win32_11.0.1.201907311258/tools/bin/../lib/gcc/arm-none-eabi/8.2.1/thumb/v6-m/nofp\libcr_eabihelpers.a
LOAD d:/mcuxpressoide_11.0.1_2563/ide/plugins/com.nxp.mcuxpresso.tools.win32_11.0.1.201907311258/tools/bin/../lib/gcc/arm-none-eabi/8.2.1/thumb/v6-m/nofp\libgcc.a
END GROUP
                0x00000000                __base_PROGRAM_FLASH = 0x0
                0x00000000                __base_Flash = 0x0
                0x00020000                __top_PROGRAM_FLASH = 0x20000
                0x00020000                __top_Flash = 0x20000
                0x1ffff000                __base_SRAM = 0x1ffff000
                0x1ffff000                __base_RAM = 0x1ffff000
                0x20003000                __top_SRAM = 0x20003000
                0x20003000                __top_RAM = 0x20003000

.text           0x00000000     0x4bac
 FILL mask 0xff
                0x00000000                __vectors_start__ = ABSOLUTE (.)
 *(SORT_BY_ALIGNMENT(.isr_vector))
 .isr_vector    0x00000000       0xc0 ./startup/startup_mkl25z4.o
                0x00000000                g_pfnVectors
                0x00000000                __Vectors
                0x000000c0                . = ALIGN (0x4)
                0x000000c0                __section_table_start = .
                0x000000c0                __data_section_table = .
                0x000000c0        0x4 LONG 0x4bac LOADADDR (.data)
                0x000000c4        0x4 LONG 0x1ffff080 ADDR (.data)
                0x000000c8        0x4 LONG 0x8 SIZEOF (.data)
                0x000000cc                __data_section_table_end = .
                0x000000cc                __bss_section_table = .
                0x000000cc        0x4 LONG 0x1ffff088 ADDR (.bss)
                0x000000d0        0x4 LONG 0xa1c SIZEOF (.bss)
                0x000000d4                __bss_section_table_end = .
                0x000000d4                __section_table_end = .
 *(SORT_BY_ALIGNMENT(.after_vectors*))
 .after_vectors.reset
                0x000000d4       0x4c ./startup/startup_mkl25z4.o
                0x000000d4                ResetISR
 .after_vectors.init_data
                0x00000120       0x12 ./startup/startup_mkl25z4.o
                0x00000120                data_init
 .after_vectors.init_bss
                0x00000132       0x10 ./startup/startup_mkl25z4.o
                0x00000132                bss_init
 .after_vectors
                0x00000142      0x10c ./startup/startup_mkl25z4.o
                0x00000142                NMI_Handler
                0x00000146                SVC_Handler
                0x00000148                PendSV_Handler
                0x0000014c                LPTMR0_DriverIRQHandler
                0x0000014c                DMA0_DriverIRQHandler
                0x0000014c                PORTD_DriverIRQHandler
                0x0000014c                Reserved39_DriverIRQHandler
                0x0000014c                DMA2_DriverIRQHandler
                0x0000014c                CMP0_DriverIRQHandler
                0x0000014c                ADC0_DriverIRQHandler
                0x0000014c                TPM2_DriverIRQHandler
                0x0000014c                DMA1_DriverIRQHandler
                0x0000014c                PIT_DriverIRQHandler
                0x0000014c                TSI0_DriverIRQHandler
                0x0000014c                RTC_Seconds_DriverIRQHandler
                0x0000014c                RTC_DriverIRQHandler
                0x0000014c                LLWU_DriverIRQHandler
                0x0000014c                MCG_DriverIRQHandler
                0x0000014c                TPM1_DriverIRQHandler
                0x0000014c                PORTA_DriverIRQHandler
                0x0000014c                Reserved45_DriverIRQHandler
                0x0000014c                FTFA_DriverIRQHandler
                0x0000014c                IntDefaultHandler
                0x0000014c                USB0_DriverIRQHandler
                0x0000014c                DAC0_DriverIRQHandler
                0x0000014c                DMA3_DriverIRQHandler
                0x0000014c                LVD_LVW_DriverIRQHandler
                0x0000014c                TPM0_DriverIRQHandler
                0x0000014c                Reserved20_DriverIRQHandler
                0x0000014e                DMA0_IRQHandler
                0x00000156                DMA1_IRQHandler
                0x0000015e                DMA2_IRQHandler
                0x00000166                DMA3_IRQHandler
                0x0000016e                Reserved20_IRQHandler
                0x00000176                FTFA_IRQHandler
                0x0000017e                LVD_LVW_IRQHandler
                0x00000186                LLWU_IRQHandler
                0x0000018e                I2C0_IRQHandler
                0x00000196                I2C1_IRQHandler
                0x0000019e                SPI0_IRQHandler
                0x000001a6                SPI1_IRQHandler
                0x000001b6                UART1_IRQHandler
                0x000001be                UART2_IRQHandler
                0x000001c6                ADC0_IRQHandler
                0x000001ce                CMP0_IRQHandler
                0x000001d6                TPM0_IRQHandler
                0x000001de                TPM1_IRQHandler
                0x000001e6                TPM2_IRQHandler
                0x000001ee                RTC_IRQHandler
                0x000001f6                RTC_Seconds_IRQHandler
                0x000001fe                PIT_IRQHandler
                0x00000206                Reserved39_IRQHandler
                0x0000020e                USB0_IRQHandler
                0x00000216                DAC0_IRQHandler
                0x0000021e                TSI0_IRQHandler
                0x00000226                MCG_IRQHandler
                0x0000022e                LPTMR0_IRQHandler
                0x00000236                Reserved45_IRQHandler
                0x0000023e                PORTA_IRQHandler
                0x00000246                PORTD_IRQHandler
                0x00000400                . = 0x400
 *fill*         0x0000024e      0x1b2 ff
                0x00000400                PROVIDE (__FLASH_CONFIG_START__ = .)
 *(SORT_BY_ALIGNMENT(.FlashConfig))
 .FlashConfig   0x00000400       0x10 ./startup/startup_mkl25z4.o
                0x00000400                Flash_Config
                0x00000410                PROVIDE (__FLASH_CONFIG_END__ = .)
                0x00000001                ASSERT (! ((__FLASH_CONFIG_START__ == __FLASH_CONFIG_END__)), Linker Flash Config Support Enabled, but no .FlashConfig section provided within application)
 *(SORT_BY_ALIGNMENT(.text*))
 .text.DbgConsole_Init
                0x00000410       0xf0 ./utilities/fsl_debug_console.o
                0x00000410                DbgConsole_Init
 .text.__sys_write
                0x00000500       0x58 ./utilities/fsl_debug_console.o
                0x00000500                __sys_write
 .text.character_count
                0x00000558       0x28 ./source/char_count_update.o
                0x00000558                character_count
 .text.generate_report
                0x00000580       0x88 ./source/char_count_update.o
                0x00000580                generate_report
 .text.cbuff_add
                0x00000608       0xc0 ./source/circularbuff.o
                0x00000608                cbuff_add
 .text.main     0x000006c8       0x80 ./source/main.o
                0x000006c8                main
 .text.application_poll
                0x00000748       0x2c ./source/main.o
                0x00000748                application_poll
 .text.HardFault_Handler
                0x00000774       0x30 ./source/semihost_hardfault.o
                0x00000774                HardFault_Handler
 .text.NVIC_EnableIRQ
                0x000007a4       0x2c ./source/time_stamp.o
 .text.NVIC_SetPriority
                0x000007d0       0xdc ./source/time_stamp.o
 .text.Init_SysTick
                0x000008ac       0x3c ./source/time_stamp.o
                0x000008ac                Init_SysTick
 .text.SysTick_Handler
                0x000008e8       0x24 ./source/time_stamp.o
                0x000008e8                SysTick_Handler
 .text.get_current_time
                0x0000090c       0x18 ./source/time_stamp.o
                0x0000090c                get_current_time
 .text.time_stamp_print
                0x00000924      0x134 ./source/time_stamp.o
                0x00000924                time_stamp_print
 .text.Init_UART0
                0x00000a58      0x16c ./source/uart_interrupt.o
                0x00000a58                Init_UART0
 .text.uart_rx  0x00000bc4       0x24 ./source/uart_interrupt.o
                0x00000bc4                uart_rx
 .text.uart_tx  0x00000be8       0x24 ./source/uart_interrupt.o
                0x00000be8                uart_tx
 .text.transmit_wait
                0x00000c0c       0x1c ./source/uart_interrupt.o
                0x00000c0c                transmit_wait
 .text.recieve_wait
                0x00000c28       0x20 ./source/uart_interrupt.o
                0x00000c28                recieve_wait
 .text.putch_cbuff
                0x00000c48       0x28 ./source/uart_interrupt.o
                0x00000c48                putch_cbuff
 .text.UART0_IRQHandler
                0x00000c70       0x6c ./source/uart_interrupt.o
                0x00000c70                UART0_IRQHandler
 .text.CLOCK_SetEr32kClock
                0x00000cdc       0x34 ./drivers/fsl_clock.o
 .text.CLOCK_SetPllFllSelClock
                0x00000d10       0x38 ./drivers/fsl_clock.o
 .text.CLOCK_GetMcgExtClkFreq
                0x00000d48       0x28 ./drivers/fsl_clock.o
 .text.CLOCK_GetFllExtRefClkFreq
                0x00000d70       0xa4 ./drivers/fsl_clock.o
 .text.CLOCK_GetFllRefClkFreq
                0x00000e14       0x2c ./drivers/fsl_clock.o
 .text.CLOCK_GetOscRangeFromFreq
                0x00000e40       0x4c ./drivers/fsl_clock.o
 .text.CLOCK_GetPllFllSelClkFreq
                0x00000e8c       0x4c ./drivers/fsl_clock.o
                0x00000e8c                CLOCK_GetPllFllSelClkFreq
 .text.CLOCK_SetSimConfig
                0x00000ed8       0x38 ./drivers/fsl_clock.o
                0x00000ed8                CLOCK_SetSimConfig
 .text.CLOCK_GetFllFreq
                0x00000f10       0x84 ./drivers/fsl_clock.o
                0x00000f10                CLOCK_GetFllFreq
 .text.CLOCK_GetPll0Freq
                0x00000f94       0x70 ./drivers/fsl_clock.o
                0x00000f94                CLOCK_GetPll0Freq
 .text.CLOCK_SetInternalRefClkConfig
                0x00001004      0x124 ./drivers/fsl_clock.o
                0x00001004                CLOCK_SetInternalRefClkConfig
 .text.CLOCK_EnablePll0
                0x00001128       0x90 ./drivers/fsl_clock.o
                0x00001128                CLOCK_EnablePll0
 .text.CLOCK_InitOsc0
                0x000011b8       0x94 ./drivers/fsl_clock.o
                0x000011b8                CLOCK_InitOsc0
 .text.CLOCK_SetPbeMode
                0x0000124c       0xb0 ./drivers/fsl_clock.o
                0x0000124c                CLOCK_SetPbeMode
 .text.CLOCK_BootToPeeMode
                0x000012fc       0x70 ./drivers/fsl_clock.o
                0x000012fc                CLOCK_BootToPeeMode
 .text.I2C_TransferCommonIRQHandler
                0x0000136c       0x54 ./drivers/fsl_i2c.o
 .text.I2C0_DriverIRQHandler
                0x000013c0       0x20 ./drivers/fsl_i2c.o
                0x000013c0                I2C0_DriverIRQHandler
 .text.I2C1_DriverIRQHandler
                0x000013e0       0x20 ./drivers/fsl_i2c.o
                0x000013e0                I2C1_DriverIRQHandler
 .text.CLOCK_EnableClock
                0x00001400       0x34 ./drivers/fsl_lpsci.o
 .text.LPSCI_GetInstance
                0x00001434       0x48 ./drivers/fsl_lpsci.o
                0x00001434                LPSCI_GetInstance
 .text.LPSCI_Init
                0x0000147c      0x258 ./drivers/fsl_lpsci.o
                0x0000147c                LPSCI_Init
 .text.LPSCI_GetDefaultConfig
                0x000016d4       0x44 ./drivers/fsl_lpsci.o
                0x000016d4                LPSCI_GetDefaultConfig
 .text.LPSCI_ClearStatusFlags
                0x00001718       0x94 ./drivers/fsl_lpsci.o
                0x00001718                LPSCI_ClearStatusFlags
 .text.LPSCI_WriteBlocking
                0x000017ac       0x4c ./drivers/fsl_lpsci.o
                0x000017ac                LPSCI_WriteBlocking
 .text.LPSCI_ReadBlocking
                0x000017f8       0xc0 ./drivers/fsl_lpsci.o
                0x000017f8                LPSCI_ReadBlocking
 .text.UART0_DriverIRQHandler
                0x000018b8       0x24 ./drivers/fsl_lpsci.o
                0x000018b8                UART0_DriverIRQHandler
 .text.SPI_CommonIRQHandler
                0x000018dc       0x54 ./drivers/fsl_spi.o
 .text.SPI0_DriverIRQHandler
                0x00001930       0x30 ./drivers/fsl_spi.o
                0x00001930                SPI0_DriverIRQHandler
 .text.SPI1_DriverIRQHandler
                0x00001960       0x30 ./drivers/fsl_spi.o
                0x00001960                SPI1_DriverIRQHandler
 .text.CLOCK_EnableClock
                0x00001990       0x34 ./drivers/fsl_uart.o
 .text.UART_GetInstance
                0x000019c4       0x54 ./drivers/fsl_uart.o
                0x000019c4                UART_GetInstance
 .text.UART_Init
                0x00001a18      0x1e0 ./drivers/fsl_uart.o
                0x00001a18                UART_Init
 .text.UART_GetDefaultConfig
                0x00001bf8       0x44 ./drivers/fsl_uart.o
                0x00001bf8                UART_GetDefaultConfig
 .text.UART_ReadBlocking
                0x00001c3c       0x98 ./drivers/fsl_uart.o
                0x00001c3c                UART_ReadBlocking
 .text.UART1_DriverIRQHandler
                0x00001cd4       0x24 ./drivers/fsl_uart.o
                0x00001cd4                UART1_DriverIRQHandler
 .text.UART2_DriverIRQHandler
                0x00001cf8       0x24 ./drivers/fsl_uart.o
                0x00001cf8                UART2_DriverIRQHandler
 .text.CLOCK_SetLpsci0Clock
                0x00001d1c       0x38 ./board/board.o
 .text.BOARD_InitDebugConsole
                0x00001d54       0x30 ./board/board.o
                0x00001d54                BOARD_InitDebugConsole
 .text.CLOCK_SetLpsci0Clock
                0x00001d84       0x38 ./board/clock_config.o
 .text.CLOCK_SetSimSafeDivs
                0x00001dbc       0x20 ./board/clock_config.o
 .text.CLOCK_SetXtal0Freq
                0x00001ddc       0x1c ./board/clock_config.o
 .text.CLOCK_CONFIG_SetFllExtRefDiv
                0x00001df8       0x3c ./board/clock_config.o
 .text.BOARD_BootClockRUN
                0x00001e34       0x6c ./board/clock_config.o
                0x00001e34                BOARD_BootClockRUN
 .text.CLOCK_EnableClock
                0x00001ea0       0x34 ./board/pin_mux.o
 .text.PORT_SetPinMux
                0x00001ed4       0x40 ./board/pin_mux.o
 .text.BOARD_InitPins
                0x00001f14       0x4c ./board/pin_mux.o
                0x00001f14                BOARD_InitPins
 .text.SystemInit
                0x00001f60       0x18 ./CMSIS/system_MKL25Z4.o
                0x00001f60                SystemInit
 .text.__assertion_failed
                0x00001f78       0x4c d:/mcuxpressoide_11.0.1_2563/ide/plugins/com.nxp.mcuxpresso.tools.win32_11.0.1.201907311258/tools/bin/../lib/gcc/arm-none-eabi/8.2.1/../../../../arm-none-eabi/lib/thumb/v6-m/nofp\libcr_semihost_nf.a(_cr_assert.o)
                0x00001f78                __assertion_failed
 .text.__sys_appexit
                0x00001fc4        0xc d:/mcuxpressoide_11.0.1_2563/ide/plugins/com.nxp.mcuxpresso.tools.win32_11.0.1.201907311258/tools/bin/../lib/gcc/arm-none-eabi/8.2.1/../../../../arm-none-eabi/lib/thumb/v6-m/nofp\libcr_semihost_nf.a(__sys_appexit.o)
                0x00001fc4                __sys_appexit
                0x00001fc4                __exit
 .text._deferredlazyseek
                0x00001fd0       0x40 d:/mcuxpressoide_11.0.1_2563/ide/plugins/com.nxp.mcuxpresso.tools.win32_11.0.1.201907311258/tools/bin/../lib/gcc/arm-none-eabi/8.2.1/../../../../arm-none-eabi/lib/thumb/v6-m/nofp\libcr_c.a(_deferredlazyseek.o)
                0x00001fd0                _deferredlazyseek
 .text.__flsbuf
                0x00002010      0x14c d:/mcuxpressoide_11.0.1_2563/ide/plugins/com.nxp.mcuxpresso.tools.win32_11.0.1.201907311258/tools/bin/../lib/gcc/arm-none-eabi/8.2.1/../../../../arm-none-eabi/lib/thumb/v6-m/nofp\libcr_c.a(_deferredlazyseek.o)
                0x00002010                __flsbuf
 .text._fflush  0x0000215c       0x5c d:/mcuxpressoide_11.0.1_2563/ide/plugins/com.nxp.mcuxpresso.tools.win32_11.0.1.201907311258/tools/bin/../lib/gcc/arm-none-eabi/8.2.1/../../../../arm-none-eabi/lib/thumb/v6-m/nofp\libcr_c.a(_fflush.o)
                0x0000215c                _fflush
 .text._Cwritebuf
                0x000021b8       0x68 d:/mcuxpressoide_11.0.1_2563/ide/plugins/com.nxp.mcuxpresso.tools.win32_11.0.1.201907311258/tools/bin/../lib/gcc/arm-none-eabi/8.2.1/../../../../arm-none-eabi/lib/thumb/v6-m/nofp\libcr_c.a(_writebuf.o)
                0x000021b8                _Cwritebuf
 .text.malloc   0x00002220       0xcc d:/mcuxpressoide_11.0.1_2563/ide/plugins/com.nxp.mcuxpresso.tools.win32_11.0.1.201907311258/tools/bin/../lib/gcc/arm-none-eabi/8.2.1/../../../../arm-none-eabi/lib/thumb/v6-m/nofp\libcr_c.a(alloc.o)
                0x00002220                malloc
 .text._Csys_alloc
                0x000022ec       0x20 d:/mcuxpressoide_11.0.1_2563/ide/plugins/com.nxp.mcuxpresso.tools.win32_11.0.1.201907311258/tools/bin/../lib/gcc/arm-none-eabi/8.2.1/../../../../arm-none-eabi/lib/thumb/v6-m/nofp\libcr_c.a(alloc.o)
                0x000022ec                _Csys_alloc
 .text.fseek    0x0000230c       0xf0 d:/mcuxpressoide_11.0.1_2563/ide/plugins/com.nxp.mcuxpresso.tools.win32_11.0.1.201907311258/tools/bin/../lib/gcc/arm-none-eabi/8.2.1/../../../../arm-none-eabi/lib/thumb/v6-m/nofp\libcr_c.a(fseek.o)
                0x0000230c                fseek
 .text.ftell    0x000023fc       0x48 d:/mcuxpressoide_11.0.1_2563/ide/plugins/com.nxp.mcuxpresso.tools.win32_11.0.1.201907311258/tools/bin/../lib/gcc/arm-none-eabi/8.2.1/../../../../arm-none-eabi/lib/thumb/v6-m/nofp\libcr_c.a(ftell.o)
                0x000023fc                ftell
 .text._initio  0x00002444       0x7c d:/mcuxpressoide_11.0.1_2563/ide/plugins/com.nxp.mcuxpresso.tools.win32_11.0.1.201907311258/tools/bin/../lib/gcc/arm-none-eabi/8.2.1/../../../../arm-none-eabi/lib/thumb/v6-m/nofp\libcr_c.a(initio.o)
                0x00002444                _initio
 .text.__vfprintf
                0x000024c0      0xcd8 d:/mcuxpressoide_11.0.1_2563/ide/plugins/com.nxp.mcuxpresso.tools.win32_11.0.1.201907311258/tools/bin/../lib/gcc/arm-none-eabi/8.2.1/../../../../arm-none-eabi/lib/thumb/v6-m/nofp\libcr_c.a(printf.o)
                0x000024c0                __vfprintf
 .text._sprintf
                0x00003198       0x6c d:/mcuxpressoide_11.0.1_2563/ide/plugins/com.nxp.mcuxpresso.tools.win32_11.0.1.201907311258/tools/bin/../lib/gcc/arm-none-eabi/8.2.1/../../../../arm-none-eabi/lib/thumb/v6-m/nofp\libcr_c.a(printf.o)
                0x00003198                _sprintf
 .text._vsnprintf
                0x00003204       0x70 d:/mcuxpressoide_11.0.1_2563/ide/plugins/com.nxp.mcuxpresso.tools.win32_11.0.1.201907311258/tools/bin/../lib/gcc/arm-none-eabi/8.2.1/../../../../arm-none-eabi/lib/thumb/v6-m/nofp\libcr_c.a(printf.o)
                0x00003204                _vsnprintf
 .text._printf  0x00003274       0x50 d:/mcuxpressoide_11.0.1_2563/ide/plugins/com.nxp.mcuxpresso.tools.win32_11.0.1.201907311258/tools/bin/../lib/gcc/arm-none-eabi/8.2.1/../../../../arm-none-eabi/lib/thumb/v6-m/nofp\libcr_c.a(printf.o)
                0x00003274                _printf
 .text.setvbuf  0x000032c4       0x4c d:/mcuxpressoide_11.0.1_2563/ide/plugins/com.nxp.mcuxpresso.tools.win32_11.0.1.201907311258/tools/bin/../lib/gcc/arm-none-eabi/8.2.1/../../../../arm-none-eabi/lib/thumb/v6-m/nofp\libcr_c.a(setvbuf.o)
                0x000032c4                setvbuf
 .text.strlen   0x00003310       0x58 d:/mcuxpressoide_11.0.1_2563/ide/plugins/com.nxp.mcuxpresso.tools.win32_11.0.1.201907311258/tools/bin/../lib/gcc/arm-none-eabi/8.2.1/../../../../arm-none-eabi/lib/thumb/v6-m/nofp\libcr_c.a(strlen.o)
                0x00003310                strlen
 .text._sbrk    0x00003368       0x40 d:/mcuxpressoide_11.0.1_2563/ide/plugins/com.nxp.mcuxpresso.tools.win32_11.0.1.201907311258/tools/bin/../lib/gcc/arm-none-eabi/8.2.1/../../../../arm-none-eabi/lib/thumb/v6-m/nofp\libcr_c.a(_cr_sbrk.o)
                0x00003368                _sbrk
 .text._fdopen  0x000033a8       0x74 d:/mcuxpressoide_11.0.1_2563/ide/plugins/com.nxp.mcuxpresso.tools.win32_11.0.1.201907311258/tools/bin/../lib/gcc/arm-none-eabi/8.2.1/../../../../arm-none-eabi/lib/thumb/v6-m/nofp\libcr_c.a(_fdopen.o)
                0x000033a8                _fdopen
 .text.fclose   0x0000341c       0x5c d:/mcuxpressoide_11.0.1_2563/ide/plugins/com.nxp.mcuxpresso.tools.win32_11.0.1.201907311258/tools/bin/../lib/gcc/arm-none-eabi/8.2.1/../../../../arm-none-eabi/lib/thumb/v6-m/nofp\libcr_c.a(fclose.o)
                0x0000341c                fclose
 .text.fflush   0x00003478       0x44 d:/mcuxpressoide_11.0.1_2563/ide/plugins/com.nxp.mcuxpresso.tools.win32_11.0.1.201907311258/tools/bin/../lib/gcc/arm-none-eabi/8.2.1/../../../../arm-none-eabi/lib/thumb/v6-m/nofp\libcr_c.a(fflush.o)
                0x00003478                fflush
 .text.__check_heap_overflow
                0x000034bc       0x14 d:/mcuxpressoide_11.0.1_2563/ide/plugins/com.nxp.mcuxpresso.tools.win32_11.0.1.201907311258/tools/bin/../lib/gcc/arm-none-eabi/8.2.1/../../../../arm-none-eabi/lib/thumb/v6-m/nofp\libcr_c.a(_cr_check_heap.o)
                0x000034bc                __check_heap_overflow
 .text._do_fflush
                0x000034d0       0x44 d:/mcuxpressoide_11.0.1_2563/ide/plugins/com.nxp.mcuxpresso.tools.win32_11.0.1.201907311258/tools/bin/../lib/gcc/arm-none-eabi/8.2.1/../../../../arm-none-eabi/lib/thumb/v6-m/nofp\libcr_c.a(_do_fflush.o)
                0x000034d0                _do_fflush
 .text.__aeabi_ddiv
                0x00003514      0x148 d:/mcuxpressoide_11.0.1_2563/ide/plugins/com.nxp.mcuxpresso.tools.win32_11.0.1.201907311258/tools/bin/../lib/gcc/arm-none-eabi/8.2.1/thumb/v6-m/nofp\libcr_eabihelpers.a(double.o)
                0x00003514                __aeabi_ddiv
 .text.__aeabi_d2uiz
                0x0000365c       0x34 d:/mcuxpressoide_11.0.1_2563/ide/plugins/com.nxp.mcuxpresso.tools.win32_11.0.1.201907311258/tools/bin/../lib/gcc/arm-none-eabi/8.2.1/thumb/v6-m/nofp\libcr_eabihelpers.a(double.o)
                0x0000365c                __aeabi_d2uiz
 .text.__aeabi_fdiv
                0x00003690       0xdc d:/mcuxpressoide_11.0.1_2563/ide/plugins/com.nxp.mcuxpresso.tools.win32_11.0.1.201907311258/tools/bin/../lib/gcc/arm-none-eabi/8.2.1/thumb/v6-m/nofp\libcr_eabihelpers.a(float.o)
                0x00003690                __aeabi_fdiv
 .text.UART_EnableTx
                0x0000376c       0x40 ./utilities/fsl_debug_console.o
 .text.UART_EnableRx
                0x000037ac       0x40 ./utilities/fsl_debug_console.o
 .text.LPSCI_EnableTx
                0x000037ec       0x40 ./utilities/fsl_debug_console.o
 .text.LPSCI_EnableRx
                0x0000382c       0x40 ./utilities/fsl_debug_console.o
 .text.cbuff_init
                0x0000386c       0x7c ./source/circularbuff.o
                0x0000386c                cbuff_init
 .text.cbuff_check_full
                0x000038e8       0x3a ./source/circularbuff.o
                0x000038e8                cbuff_check_full
 .text.UART0_print_string
                0x00003922       0x2e ./source/uart_interrupt.o
                0x00003922                UART0_print_string
 .text.OSC_SetExtRefClkConfig
                0x00003950       0x3e ./drivers/fsl_clock.o
 .text.OSC_SetCapLoad
                0x0000398e       0x42 ./drivers/fsl_clock.o
 .text.CLOCK_GetPll0RefFreq
                0x000039d0       0x10 ./drivers/fsl_clock.o
 .text.CLOCK_SetExternalRefClkConfig
                0x000039e0       0x16 ./drivers/fsl_clock.o
                0x000039e0                CLOCK_SetExternalRefClkConfig
 .text.LPSCI_GetStatusFlags
                0x000039f6       0x26 ./drivers/fsl_lpsci.o
                0x000039f6                LPSCI_GetStatusFlags
 .text.UART_GetStatusFlags
                0x00003a1c       0x26 ./drivers/fsl_uart.o
                0x00003a1c                UART_GetStatusFlags
 .text.UART_WriteBlocking
                0x00003a42       0x3a ./drivers/fsl_uart.o
                0x00003a42                UART_WriteBlocking
 .text.BOARD_InitBootClocks
                0x00003a7c        0xe ./board/clock_config.o
                0x00003a7c                BOARD_InitBootClocks
 .text.BOARD_InitBootPeripherals
                0x00003a8a        0xa ./board/peripherals.o
                0x00003a8a                BOARD_InitBootPeripherals
 .text.BOARD_InitBootPins
                0x00003a94        0xe ./board/pin_mux.o
                0x00003a94                BOARD_InitBootPins
 .text.__main   0x00003aa2        0xc d:/mcuxpressoide_11.0.1_2563/ide/plugins/com.nxp.mcuxpresso.tools.win32_11.0.1.201907311258/tools/bin/../lib/gcc/arm-none-eabi/8.2.1/../../../../arm-none-eabi/lib/thumb/v6-m/nofp\libcr_semihost_nf.a(_cr__main.o)
                0x00003aa2                __CR_SEMIHOST
                0x00003aa2                __main
 .text.memset   0x00003aae        0x8 d:/mcuxpressoide_11.0.1_2563/ide/plugins/com.nxp.mcuxpresso.tools.win32_11.0.1.201907311258/tools/bin/../lib/gcc/arm-none-eabi/8.2.1/../../../../arm-none-eabi/lib/thumb/v6-m/nofp\libcr_c.a(memset.o)
                0x00003aae                memset
 .text.free     0x00003ab6       0x2c d:/mcuxpressoide_11.0.1_2563/ide/plugins/com.nxp.mcuxpresso.tools.win32_11.0.1.201907311258/tools/bin/../lib/gcc/arm-none-eabi/8.2.1/../../../../arm-none-eabi/lib/thumb/v6-m/nofp\libcr_c.a(alloc.o)
                0x00003ab6                free
 .text.fputs    0x00003ae2       0x2e d:/mcuxpressoide_11.0.1_2563/ide/plugins/com.nxp.mcuxpresso.tools.win32_11.0.1.201907311258/tools/bin/../lib/gcc/arm-none-eabi/8.2.1/../../../../arm-none-eabi/lib/thumb/v6-m/nofp\libcr_c.a(fputs.o)
                0x00003ae2                fputs
 .text.no_fp_display
                0x00003b10        0x4 d:/mcuxpressoide_11.0.1_2563/ide/plugins/com.nxp.mcuxpresso.tools.win32_11.0.1.201907311258/tools/bin/../lib/gcc/arm-none-eabi/8.2.1/../../../../arm-none-eabi/lib/thumb/v6-m/nofp\libcr_c.a(printf.o)
 .text.remove   0x00003b14       0x12 d:/mcuxpressoide_11.0.1_2563/ide/plugins/com.nxp.mcuxpresso.tools.win32_11.0.1.201907311258/tools/bin/../lib/gcc/arm-none-eabi/8.2.1/../../../../arm-none-eabi/lib/thumb/v6-m/nofp\libcr_c.a(remove.o)
                0x00003b14                remove
 .text.__aeabi_division_idivmod
                0x00003b26       0x78 d:/mcuxpressoide_11.0.1_2563/ide/plugins/com.nxp.mcuxpresso.tools.win32_11.0.1.201907311258/tools/bin/../lib/gcc/arm-none-eabi/8.2.1/thumb/v6-m/nofp\libcr_eabihelpers.a(division_32.o)
                0x00003b26                __aeabi_idivmod
                0x00003b26                __aeabi_idiv
                0x00003b2c                __aeabi_uidivmod
                0x00003b2c                __aeabi_uidiv
 .text.__aeabi_division_uldivmod
                0x00003b9e       0x5a d:/mcuxpressoide_11.0.1_2563/ide/plugins/com.nxp.mcuxpresso.tools.win32_11.0.1.201907311258/tools/bin/../lib/gcc/arm-none-eabi/8.2.1/thumb/v6-m/nofp\libcr_eabihelpers.a(division_64.o)
                0x00003b9e                __aeabi_uldivmod
 .text.__aeabi_division_idiv0
                0x00003bf8        0x2 d:/mcuxpressoide_11.0.1_2563/ide/plugins/com.nxp.mcuxpresso.tools.win32_11.0.1.201907311258/tools/bin/../lib/gcc/arm-none-eabi/8.2.1/thumb/v6-m/nofp\libcr_eabihelpers.a(division_idiv0.o)
                0x00003bf8                __aeabi_idiv0
 .text.__bhs_ui2d
                0x00003bfa       0x5e d:/mcuxpressoide_11.0.1_2563/ide/plugins/com.nxp.mcuxpresso.tools.win32_11.0.1.201907311258/tools/bin/../lib/gcc/arm-none-eabi/8.2.1/thumb/v6-m/nofp\libcr_eabihelpers.a(double.o)
                0x00003bfa                __bhs_ui2d
 .text.__aeabi_ui2d
                0x00003c58        0xc d:/mcuxpressoide_11.0.1_2563/ide/plugins/com.nxp.mcuxpresso.tools.win32_11.0.1.201907311258/tools/bin/../lib/gcc/arm-none-eabi/8.2.1/thumb/v6-m/nofp\libcr_eabihelpers.a(double.o)
                0x00003c58                __aeabi_ui2d
 .text.__aeabi_f2ulz
                0x00003c64       0x3e d:/mcuxpressoide_11.0.1_2563/ide/plugins/com.nxp.mcuxpresso.tools.win32_11.0.1.201907311258/tools/bin/../lib/gcc/arm-none-eabi/8.2.1/thumb/v6-m/nofp\libcr_eabihelpers.a(float.o)
                0x00003c64                __aeabi_f2ulz
 .text.__bhs_ul2f
                0x00003ca2       0x80 d:/mcuxpressoide_11.0.1_2563/ide/plugins/com.nxp.mcuxpresso.tools.win32_11.0.1.201907311258/tools/bin/../lib/gcc/arm-none-eabi/8.2.1/thumb/v6-m/nofp\libcr_eabihelpers.a(float.o)
                0x00003ca2                __bhs_ul2f
 .text.__aeabi_ul2f
                0x00003d22        0xc d:/mcuxpressoide_11.0.1_2563/ide/plugins/com.nxp.mcuxpresso.tools.win32_11.0.1.201907311258/tools/bin/../lib/gcc/arm-none-eabi/8.2.1/thumb/v6-m/nofp\libcr_eabihelpers.a(float.o)
                0x00003d22                __aeabi_ul2f
 .text.__aeabi_llong_lmul
                0x00003d2e       0x2e d:/mcuxpressoide_11.0.1_2563/ide/plugins/com.nxp.mcuxpresso.tools.win32_11.0.1.201907311258/tools/bin/../lib/gcc/arm-none-eabi/8.2.1/thumb/v6-m/nofp\libcr_eabihelpers.a(llong.o)
                0x00003d2e                __aeabi_lmul
 .text.__aeabi_memset_lowlevel
                0x00003d5c       0x2a d:/mcuxpressoide_11.0.1_2563/ide/plugins/com.nxp.mcuxpresso.tools.win32_11.0.1.201907311258/tools/bin/../lib/gcc/arm-none-eabi/8.2.1/thumb/v6-m/nofp\libcr_eabihelpers.a(memcpy.o)
                0x00003d5c                __aeabi_lowlevel_memset
 .text.__sys_close
                0x00003d86        0xc d:/mcuxpressoide_11.0.1_2563/ide/plugins/com.nxp.mcuxpresso.tools.win32_11.0.1.201907311258/tools/bin/../lib/gcc/arm-none-eabi/8.2.1/../../../../arm-none-eabi/lib/thumb/v6-m/nofp\libcr_semihost_nf.a(__sys_close.o)
                0x00003d86                __sys_close
 .text.__sys_flen
                0x00003d92        0xc d:/mcuxpressoide_11.0.1_2563/ide/plugins/com.nxp.mcuxpresso.tools.win32_11.0.1.201907311258/tools/bin/../lib/gcc/arm-none-eabi/8.2.1/../../../../arm-none-eabi/lib/thumb/v6-m/nofp\libcr_semihost_nf.a(__sys_flen.o)
                0x00003d92                __sys_flen
 .text.__sys_istty
                0x00003d9e        0xc d:/mcuxpressoide_11.0.1_2563/ide/plugins/com.nxp.mcuxpresso.tools.win32_11.0.1.201907311258/tools/bin/../lib/gcc/arm-none-eabi/8.2.1/../../../../arm-none-eabi/lib/thumb/v6-m/nofp\libcr_semihost_nf.a(__sys_istty.o)
                0x00003d9e                __sys_istty
 .text.__sys_remove
                0x00003daa        0xc d:/mcuxpressoide_11.0.1_2563/ide/plugins/com.nxp.mcuxpresso.tools.win32_11.0.1.201907311258/tools/bin/../lib/gcc/arm-none-eabi/8.2.1/../../../../arm-none-eabi/lib/thumb/v6-m/nofp\libcr_semihost_nf.a(__sys_remove.o)
                0x00003daa                __sys_remove
 .text.__sys_seek
                0x00003db6        0xc d:/mcuxpressoide_11.0.1_2563/ide/plugins/com.nxp.mcuxpresso.tools.win32_11.0.1.201907311258/tools/bin/../lib/gcc/arm-none-eabi/8.2.1/../../../../arm-none-eabi/lib/thumb/v6-m/nofp\libcr_semihost_nf.a(__sys_seek.o)
                0x00003db6                __sys_seek
 .text.__sys_tmpnam
                0x00003dc2        0xc d:/mcuxpressoide_11.0.1_2563/ide/plugins/com.nxp.mcuxpresso.tools.win32_11.0.1.201907311258/tools/bin/../lib/gcc/arm-none-eabi/8.2.1/../../../../arm-none-eabi/lib/thumb/v6-m/nofp\libcr_semihost_nf.a(__sys_tmpnam.o)
                0x00003dc2                __sys_tmpnam
 *(SORT_BY_ALIGNMENT(.rodata) SORT_BY_ALIGNMENT(.rodata.*) SORT_BY_ALIGNMENT(.constdata) SORT_BY_ALIGNMENT(.constdata.*))
 *fill*         0x00003dce        0x2 ff
 .rodata        0x00003dd0        0xb ./source/char_count_update.o
 *fill*         0x00003ddb        0x1 ff
 .rodata        0x00003ddc       0xc6 ./source/circularbuff.o
 *fill*         0x00003ea2        0x2 ff
 .rodata        0x00003ea4       0x1a ./source/time_stamp.o
 *fill*         0x00003ebe        0x2 ff
 .rodata        0x00003ec0       0x1e ./source/uart_interrupt.o
 *fill*         0x00003ede        0x2 ff
 .rodata        0x00003ee0      0x11d ./drivers/fsl_clock.o
 *fill*         0x00003ffd        0x3 ff
 .rodata.fllFactorTable.5230
                0x00004000       0x10 ./drivers/fsl_clock.o
 .rodata        0x00004010      0x48c ./drivers/fsl_lpsci.o
 .rodata        0x0000449c      0x213 ./drivers/fsl_spi.o
 *fill*         0x000046af        0x1 ff
 .rodata.s_uartBases
                0x000046b0        0xc ./drivers/fsl_uart.o
 .rodata.s_uartClock
                0x000046bc        0xc ./drivers/fsl_uart.o
 .rodata        0x000046c8      0x45b ./drivers/fsl_uart.o
 *fill*         0x00004b23        0x1 ff
 .rodata.mcgConfig_BOARD_BootClockRUN
                0x00004b24        0xa ./board/clock_config.o
                0x00004b24                mcgConfig_BOARD_BootClockRUN
 *fill*         0x00004b2e        0x2 ff
 .rodata.simConfig_BOARD_BootClockRUN
                0x00004b30        0x8 ./board/clock_config.o
                0x00004b30                simConfig_BOARD_BootClockRUN
 .rodata.oscConfig_BOARD_BootClockRUN
                0x00004b38        0x8 ./board/clock_config.o
                0x00004b38                oscConfig_BOARD_BootClockRUN
 .rodata.__num_Ciob_streams
                0x00004b40        0x4 d:/mcuxpressoide_11.0.1_2563/ide/plugins/com.nxp.mcuxpresso.tools.win32_11.0.1.201907311258/tools/bin/../lib/gcc/arm-none-eabi/8.2.1/../../../../arm-none-eabi/lib/thumb/v6-m/nofp\libcr_semihost_nf.a(__ciob.o)
                0x00004b40                __num_Ciob_streams
 .rodata.__assertion_failed.str1.1
                0x00004b44       0x15 d:/mcuxpressoide_11.0.1_2563/ide/plugins/com.nxp.mcuxpresso.tools.win32_11.0.1.201907311258/tools/bin/../lib/gcc/arm-none-eabi/8.2.1/../../../../arm-none-eabi/lib/thumb/v6-m/nofp\libcr_semihost_nf.a(_cr_assert.o)
 .rodata._Csys_alloc.str1.1
                0x00004b59       0x18 d:/mcuxpressoide_11.0.1_2563/ide/plugins/com.nxp.mcuxpresso.tools.win32_11.0.1.201907311258/tools/bin/../lib/gcc/arm-none-eabi/8.2.1/../../../../arm-none-eabi/lib/thumb/v6-m/nofp\libcr_c.a(alloc.o)
 .rodata._initio.str1.1
                0x00004b71        0x4 d:/mcuxpressoide_11.0.1_2563/ide/plugins/com.nxp.mcuxpresso.tools.win32_11.0.1.201907311258/tools/bin/../lib/gcc/arm-none-eabi/8.2.1/../../../../arm-none-eabi/lib/thumb/v6-m/nofp\libcr_c.a(initio.o)
 .rodata.__vfprintf.str1.1
                0x00004b75       0x35 d:/mcuxpressoide_11.0.1_2563/ide/plugins/com.nxp.mcuxpresso.tools.win32_11.0.1.201907311258/tools/bin/../lib/gcc/arm-none-eabi/8.2.1/../../../../arm-none-eabi/lib/thumb/v6-m/nofp\libcr_c.a(printf.o)
                                 0x38 (size before relaxing)
                0x00004bac                . = ALIGN (0x4)
 *fill*         0x00004baa        0x2 ff

.glue_7         0x00004bac        0x0
 .glue_7        0x00004bac        0x0 linker stubs

.glue_7t        0x00004bac        0x0
 .glue_7t       0x00004bac        0x0 linker stubs

.vfp11_veneer   0x00004bac        0x0
 .vfp11_veneer  0x00004bac        0x0 linker stubs

.v4_bx          0x00004bac        0x0
 .v4_bx         0x00004bac        0x0 linker stubs

.iplt           0x00004bac        0x0
 .iplt          0x00004bac        0x0 ./utilities/fsl_debug_console.o

.rel.dyn        0x00004bac        0x0
 .rel.iplt      0x00004bac        0x0 ./utilities/fsl_debug_console.o

.ARM.extab
 *(SORT_BY_ALIGNMENT(.ARM.extab*) SORT_BY_ALIGNMENT(.gnu.linkonce.armextab.*))
                0x00004bac                __exidx_start = .

.ARM.exidx
 *(SORT_BY_ALIGNMENT(.ARM.exidx*) SORT_BY_ALIGNMENT(.gnu.linkonce.armexidx.*))
                0x00004bac                __exidx_end = .
                0x00004bac                _etext = .

.m_usb_data
 *(SORT_BY_ALIGNMENT(m_usb_bdt))

.mtb_buffer_default
                0x1ffff000       0x80
 *(SORT_BY_ALIGNMENT(.mtb*))
 .mtb.$RAM1     0x1ffff000       0x80 ./source/mtb.o
                0x1ffff000                __mtb_buffer__

.uninit_RESERVED
                0x1ffff080        0x0
                0x1ffff080                . = ALIGN (0x4)
 *(SORT_BY_ALIGNMENT(.bss.$RESERVED*))
                0x1ffff080                . = ALIGN (0x4)
                0x1ffff080                _end_uninit_RESERVED = .

.data           0x1ffff080        0x8 load address 0x00004bac
 FILL mask 0xff
                0x1ffff080                _data = .
 *(SORT_BY_ALIGNMENT(vtable))
 *(SORT_BY_ALIGNMENT(.ramfunc*))
 *(SORT_BY_ALIGNMENT(CodeQuickAccess))
 *(SORT_BY_ALIGNMENT(DataQuickAccess))
 *(SORT_BY_ALIGNMENT(RamFunction))
 *(SORT_BY_ALIGNMENT(.data*))
 .data.s_slowIrcFreq
                0x1ffff080        0x4 ./drivers/fsl_clock.o
 .data.SystemCoreClock
                0x1ffff084        0x4 ./CMSIS/system_MKL25Z4.o
                0x1ffff084                SystemCoreClock
                0x1ffff088                . = ALIGN (0x4)
                0x1ffff088                _edata = .

.igot.plt       0x1ffff088        0x0 load address 0x00004bb4
 .igot.plt      0x1ffff088        0x0 ./utilities/fsl_debug_console.o

.bss            0x1ffff088      0xa1c load address 0x00004bb4
                0x1ffff088                . = ALIGN (0x4)
                0x1ffff088                _bss = .
 *(SORT_BY_ALIGNMENT(.bss*))
 .bss.current_time
                0x1ffff088        0x8 ./source/time_stamp.o
 .bss.s_debugConsole
                0x1ffff090       0x10 ./utilities/fsl_debug_console.o
 .bss.char_count
                0x1ffff0a0      0x100 ./source/char_count_update.o
                0x1ffff0a0                char_count
 .bss.rx        0x1ffff1a0        0x4 ./source/main.o
                0x1ffff1a0                rx
 .bss.time_buf.5473
                0x1ffff1a4      0x800 ./source/time_stamp.o
 .bss.g_xtal0Freq
                0x1ffff9a4        0x4 ./drivers/fsl_clock.o
                0x1ffff9a4                g_xtal0Freq
 .bss.s_i2cHandle
                0x1ffff9a8        0x8 ./drivers/fsl_i2c.o
 .bss.s_i2cMasterIsr
                0x1ffff9b0        0x4 ./drivers/fsl_i2c.o
 .bss.s_i2cSlaveIsr
                0x1ffff9b4        0x4 ./drivers/fsl_i2c.o
 .bss.s_lpsciHandle
                0x1ffff9b8        0x4 ./drivers/fsl_lpsci.o
 .bss.s_lpsciIsr
                0x1ffff9bc        0x4 ./drivers/fsl_lpsci.o
 .bss.s_spiHandle
                0x1ffff9c0        0x8 ./drivers/fsl_spi.o
 .bss.s_spiMasterIsr
                0x1ffff9c8        0x4 ./drivers/fsl_spi.o
 .bss.s_spiSlaveIsr
                0x1ffff9cc        0x4 ./drivers/fsl_spi.o
 .bss.s_uartHandle
                0x1ffff9d0        0xc ./drivers/fsl_uart.o
 .bss.s_uartIsr
                0x1ffff9dc        0x4 ./drivers/fsl_uart.o
 .bss.__Ciob    0x1ffff9e0       0xb4 d:/mcuxpressoide_11.0.1_2563/ide/plugins/com.nxp.mcuxpresso.tools.win32_11.0.1.201907311258/tools/bin/../lib/gcc/arm-none-eabi/8.2.1/../../../../arm-none-eabi/lib/thumb/v6-m/nofp\libcr_semihost_nf.a(__ciob.o)
                0x1ffff9e0                __Ciob
 .bss.__end_of_heap
                0x1ffffa94        0x4 d:/mcuxpressoide_11.0.1_2563/ide/plugins/com.nxp.mcuxpresso.tools.win32_11.0.1.201907311258/tools/bin/../lib/gcc/arm-none-eabi/8.2.1/../../../../arm-none-eabi/lib/thumb/v6-m/nofp\libcr_c.a(__init_alloc.o)
                0x1ffffa94                __end_of_heap
 .bss.__heaps   0x1ffffa98        0x4 d:/mcuxpressoide_11.0.1_2563/ide/plugins/com.nxp.mcuxpresso.tools.win32_11.0.1.201907311258/tools/bin/../lib/gcc/arm-none-eabi/8.2.1/../../../../arm-none-eabi/lib/thumb/v6-m/nofp\libcr_c.a(__init_alloc.o)
                0x1ffffa98                __heaps
 .bss.errno     0x1ffffa9c        0x4 d:/mcuxpressoide_11.0.1_2563/ide/plugins/com.nxp.mcuxpresso.tools.win32_11.0.1.201907311258/tools/bin/../lib/gcc/arm-none-eabi/8.2.1/../../../../arm-none-eabi/lib/thumb/v6-m/nofp\libcr_c.a(errno.o)
                0x1ffffa9c                errno
 .bss.rx_flag   0x1ffffaa0        0x1 ./source/main.o
                0x1ffffaa0                rx_flag
 .bss.rx_flag_1
                0x1ffffaa1        0x1 ./source/main.o
                0x1ffffaa1                rx_flag_1
 .bss.ch1       0x1ffffaa2        0x1 ./source/uart_interrupt.o
                0x1ffffaa2                ch1
 *(SORT_BY_ALIGNMENT(COMMON))
                0x1ffffaa4                . = ALIGN (0x4)
 *fill*         0x1ffffaa3        0x1 
                0x1ffffaa4                _ebss = .
                [!provide]                PROVIDE (end = .)

.noinit         0x1ffffaa4        0x0 load address 0x00004bb4
                0x1ffffaa4                . = ALIGN (0x4)
                0x1ffffaa4                _noinit = .
 *(SORT_BY_ALIGNMENT(.noinit*))
                0x1ffffaa4                . = ALIGN (0x4)
                0x1ffffaa4                _end_noinit = .
                0x00001024                _HeapSize = 0x1024

.heap           0x1ffffaa4     0x1024 load address 0x00004bb4
                0x1ffffaa4                _pvHeapStart = .
                0x20000ac8                . = (. + _HeapSize)
 *fill*         0x1ffffaa4     0x1024 
                0x20000ac8                . = ALIGN (0x4)
                0x20000ac8                _pvHeapLimit = .
                0x00000400                _StackSize = 0x400

.heap2stackfill
                0x20000ac8      0x400 load address 0x00004bb4
                0x20000ec8                . = (. + _StackSize)
 *fill*         0x20000ac8      0x400 

.stack          0x20002c00        0x0
                0x20002c00                _vStackBase = .
                0x20002c00                . = ALIGN (0x4)
                0x20003000                _vStackTop = (. + _StackSize)
                0x00000000                _image_start = LOADADDR (.text)
                0x00004bb4                _image_end = (LOADADDR (.data) + SIZEOF (.data))
                0x00004bb4                _image_size = (_image_end - _image_start)
OUTPUT(PES_ASSIGNMENT-5.axf elf32-littlearm)

.debug_info     0x00000000     0xc001
 .debug_info    0x00000000      0xa38 ./utilities/fsl_debug_console.o
 .debug_info    0x00000a38      0x4df ./startup/startup_mkl25z4.o
 .debug_info    0x00000f17      0x25c ./source/char_count_update.o
 .debug_info    0x00001173      0x4ae ./source/circularbuff.o
 .debug_info    0x00001621      0x8af ./source/main.o
 .debug_info    0x00001ed0       0x53 ./source/mtb.o
 .debug_info    0x00001f23       0x3c ./source/semihost_hardfault.o
 .debug_info    0x00001f5f      0x803 ./source/time_stamp.o
 .debug_info    0x00002762      0x9a4 ./source/uart_interrupt.o
 .debug_info    0x00003106     0x1a97 ./drivers/fsl_clock.o
 .debug_info    0x00004b9d     0x1a9a ./drivers/fsl_i2c.o
 .debug_info    0x00006637     0x1469 ./drivers/fsl_lpsci.o
 .debug_info    0x00007aa0     0x1411 ./drivers/fsl_spi.o
 .debug_info    0x00008eb1     0x140a ./drivers/fsl_uart.o
 .debug_info    0x0000a2bb      0x80b ./board/board.o
 .debug_info    0x0000aac6      0xb23 ./board/clock_config.o
 .debug_info    0x0000b5e9       0x3c ./board/peripherals.o
 .debug_info    0x0000b625      0x5a3 ./board/pin_mux.o
 .debug_info    0x0000bbc8      0x439 ./CMSIS/system_MKL25Z4.o

.debug_abbrev   0x00000000     0x2558
 .debug_abbrev  0x00000000      0x22c ./utilities/fsl_debug_console.o
 .debug_abbrev  0x0000022c      0x18d ./startup/startup_mkl25z4.o
 .debug_abbrev  0x000003b9      0x12a ./source/char_count_update.o
 .debug_abbrev  0x000004e3      0x197 ./source/circularbuff.o
 .debug_abbrev  0x0000067a      0x1fa ./source/main.o
 .debug_abbrev  0x00000874       0x46 ./source/mtb.o
 .debug_abbrev  0x000008ba       0x31 ./source/semihost_hardfault.o
 .debug_abbrev  0x000008eb      0x25d ./source/time_stamp.o
 .debug_abbrev  0x00000b48      0x2b2 ./source/uart_interrupt.o
 .debug_abbrev  0x00000dfa      0x36f ./drivers/fsl_clock.o
 .debug_abbrev  0x00001169      0x36e ./drivers/fsl_i2c.o
 .debug_abbrev  0x000014d7      0x309 ./drivers/fsl_lpsci.o
 .debug_abbrev  0x000017e0      0x323 ./drivers/fsl_spi.o
 .debug_abbrev  0x00001b03      0x323 ./drivers/fsl_uart.o
 .debug_abbrev  0x00001e26      0x1a7 ./board/board.o
 .debug_abbrev  0x00001fcd      0x249 ./board/clock_config.o
 .debug_abbrev  0x00002216       0x31 ./board/peripherals.o
 .debug_abbrev  0x00002247      0x1bb ./board/pin_mux.o
 .debug_abbrev  0x00002402      0x156 ./CMSIS/system_MKL25Z4.o

.debug_aranges  0x00000000      0xb48
 .debug_aranges
                0x00000000       0x58 ./utilities/fsl_debug_console.o
 .debug_aranges
                0x00000058      0x160 ./startup/startup_mkl25z4.o
 .debug_aranges
                0x000001b8       0x28 ./source/char_count_update.o
 .debug_aranges
                0x000001e0       0x60 ./source/circularbuff.o
 .debug_aranges
                0x00000240       0x40 ./source/main.o
 .debug_aranges
                0x00000280       0x18 ./source/mtb.o
 .debug_aranges
                0x00000298       0x20 ./source/semihost_hardfault.o
 .debug_aranges
                0x000002b8       0x50 ./source/time_stamp.o
 .debug_aranges
                0x00000308       0x70 ./source/uart_interrupt.o
 .debug_aranges
                0x00000378      0x1d8 ./drivers/fsl_clock.o
 .debug_aranges
                0x00000550      0x178 ./drivers/fsl_i2c.o
 .debug_aranges
                0x000006c8      0x118 ./drivers/fsl_lpsci.o
 .debug_aranges
                0x000007e0      0x130 ./drivers/fsl_spi.o
 .debug_aranges
                0x00000910      0x130 ./drivers/fsl_uart.o
 .debug_aranges
                0x00000a40       0x28 ./board/board.o
 .debug_aranges
                0x00000a68       0x60 ./board/clock_config.o
 .debug_aranges
                0x00000ac8       0x20 ./board/peripherals.o
 .debug_aranges
                0x00000ae8       0x38 ./board/pin_mux.o
 .debug_aranges
                0x00000b20       0x28 ./CMSIS/system_MKL25Z4.o

.debug_ranges   0x00000000      0xa28
 .debug_ranges  0x00000000       0x48 ./utilities/fsl_debug_console.o
 .debug_ranges  0x00000048      0x150 ./startup/startup_mkl25z4.o
 .debug_ranges  0x00000198       0x18 ./source/char_count_update.o
 .debug_ranges  0x000001b0       0x50 ./source/circularbuff.o
 .debug_ranges  0x00000200       0x48 ./source/main.o
 .debug_ranges  0x00000248       0x10 ./source/semihost_hardfault.o
 .debug_ranges  0x00000258       0x40 ./source/time_stamp.o
 .debug_ranges  0x00000298       0x60 ./source/uart_interrupt.o
 .debug_ranges  0x000002f8      0x1c8 ./drivers/fsl_clock.o
 .debug_ranges  0x000004c0      0x168 ./drivers/fsl_i2c.o
 .debug_ranges  0x00000628      0x108 ./drivers/fsl_lpsci.o
 .debug_ranges  0x00000730      0x120 ./drivers/fsl_spi.o
 .debug_ranges  0x00000850      0x120 ./drivers/fsl_uart.o
 .debug_ranges  0x00000970       0x18 ./board/board.o
 .debug_ranges  0x00000988       0x50 ./board/clock_config.o
 .debug_ranges  0x000009d8       0x10 ./board/peripherals.o
 .debug_ranges  0x000009e8       0x28 ./board/pin_mux.o
 .debug_ranges  0x00000a10       0x18 ./CMSIS/system_MKL25Z4.o

.debug_macro    0x00000000     0x91a7
 .debug_macro   0x00000000      0x13a ./utilities/fsl_debug_console.o
 .debug_macro   0x0000013a      0xaae ./utilities/fsl_debug_console.o
 .debug_macro   0x00000be8       0x10 ./utilities/fsl_debug_console.o
 .debug_macro   0x00000bf8       0x16 ./utilities/fsl_debug_console.o
 .debug_macro   0x00000c0e       0x10 ./utilities/fsl_debug_console.o
 .debug_macro   0x00000c1e      0x12e ./utilities/fsl_debug_console.o
 .debug_macro   0x00000d4c       0x28 ./utilities/fsl_debug_console.o
 .debug_macro   0x00000d74       0xc4 ./utilities/fsl_debug_console.o
 .debug_macro   0x00000e38       0x16 ./utilities/fsl_debug_console.o
 .debug_macro   0x00000e4e       0x22 ./utilities/fsl_debug_console.o
 .debug_macro   0x00000e70      0x5b3 ./utilities/fsl_debug_console.o
 .debug_macro   0x00001423       0x10 ./utilities/fsl_debug_console.o
 .debug_macro   0x00001433       0x3f ./utilities/fsl_debug_console.o
 .debug_macro   0x00001472       0x3a ./utilities/fsl_debug_console.o
 .debug_macro   0x000014ac       0x26 ./utilities/fsl_debug_console.o
 .debug_macro   0x000014d2      0x329 ./utilities/fsl_debug_console.o
 .debug_macro   0x000017fb       0x30 ./utilities/fsl_debug_console.o
 .debug_macro   0x0000182b     0x51e2 ./utilities/fsl_debug_console.o
 .debug_macro   0x00006a0d     0x1352 ./utilities/fsl_debug_console.o
 .debug_macro   0x00007d5f       0x3a ./utilities/fsl_debug_console.o
 .debug_macro   0x00007d99       0xf4 ./utilities/fsl_debug_console.o
 .debug_macro   0x00007e8d       0x35 ./utilities/fsl_debug_console.o
 .debug_macro   0x00007ec2       0xd2 ./utilities/fsl_debug_console.o
 .debug_macro   0x00007f94       0x2e ./utilities/fsl_debug_console.o
 .debug_macro   0x00007fc2       0x10 ./utilities/fsl_debug_console.o
 .debug_macro   0x00007fd2       0x10 ./utilities/fsl_debug_console.o
 .debug_macro   0x00007fe2       0x29 ./startup/startup_mkl25z4.o
 .debug_macro   0x0000800b       0x8e ./source/char_count_update.o
 .debug_macro   0x00008099       0xd8 ./source/char_count_update.o
 .debug_macro   0x00008171       0x22 ./source/char_count_update.o
 .debug_macro   0x00008193      0x13d ./source/circularbuff.o
 .debug_macro   0x000082d0      0x1a2 ./source/main.o
 .debug_macro   0x00008472       0x34 ./source/main.o
 .debug_macro   0x000084a6       0x22 ./source/main.o
 .debug_macro   0x000084c8       0x2f ./source/mtb.o
 .debug_macro   0x000084f7       0x82 ./source/mtb.o
 .debug_macro   0x00008579       0x10 ./source/mtb.o
 .debug_macro   0x00008589       0x11 ./source/semihost_hardfault.o
 .debug_macro   0x0000859a      0x156 ./source/time_stamp.o
 .debug_macro   0x000086f0      0x14c ./source/uart_interrupt.o
 .debug_macro   0x0000883c      0x196 ./drivers/fsl_clock.o
 .debug_macro   0x000089d2       0xeb ./drivers/fsl_i2c.o
 .debug_macro   0x00008abd       0x10 ./drivers/fsl_i2c.o
 .debug_macro   0x00008acd       0xec ./drivers/fsl_lpsci.o
 .debug_macro   0x00008bb9       0xeb ./drivers/fsl_spi.o
 .debug_macro   0x00008ca4       0x10 ./drivers/fsl_spi.o
 .debug_macro   0x00008cb4       0xf2 ./drivers/fsl_uart.o
 .debug_macro   0x00008da6      0x12b ./board/board.o
 .debug_macro   0x00008ed1      0x129 ./board/clock_config.o
 .debug_macro   0x00008ffa       0x1b ./board/peripherals.o
 .debug_macro   0x00009015       0xee ./board/pin_mux.o
 .debug_macro   0x00009103       0x10 ./board/pin_mux.o
 .debug_macro   0x00009113       0x94 ./CMSIS/system_MKL25Z4.o

.debug_line     0x00000000     0x72f7
 .debug_line    0x00000000      0x46b ./utilities/fsl_debug_console.o
 .debug_line    0x0000046b      0x1e7 ./startup/startup_mkl25z4.o
 .debug_line    0x00000652      0x227 ./source/char_count_update.o
 .debug_line    0x00000879      0x509 ./source/circularbuff.o
 .debug_line    0x00000d82      0x42d ./source/main.o
 .debug_line    0x000011af       0xcd ./source/mtb.o
 .debug_line    0x0000127c       0x5a ./source/semihost_hardfault.o
 .debug_line    0x000012d6      0x455 ./source/time_stamp.o
 .debug_line    0x0000172b      0x4c4 ./source/uart_interrupt.o
 .debug_line    0x00001bef     0x12a9 ./drivers/fsl_clock.o
 .debug_line    0x00002e98     0x126e ./drivers/fsl_i2c.o
 .debug_line    0x00004106      0xd2a ./drivers/fsl_lpsci.o
 .debug_line    0x00004e30      0xaac ./drivers/fsl_spi.o
 .debug_line    0x000058dc      0xd19 ./drivers/fsl_uart.o
 .debug_line    0x000065f5      0x2e6 ./board/board.o
 .debug_line    0x000068db      0x395 ./board/clock_config.o
 .debug_line    0x00006c70       0x5c ./board/peripherals.o
 .debug_line    0x00006ccc      0x2f4 ./board/pin_mux.o
 .debug_line    0x00006fc0      0x337 ./CMSIS/system_MKL25Z4.o

.debug_str      0x00000000    0x374b7
 .debug_str     0x00000000    0x315fb ./utilities/fsl_debug_console.o
                              0x31859 (size before relaxing)
 .debug_str     0x000315fb      0x3e1 ./startup/startup_mkl25z4.o
                               0x31ed (size before relaxing)
 .debug_str     0x000319dc       0x90 ./source/char_count_update.o
                               0x4934 (size before relaxing)
 .debug_str     0x00031a6c      0x179 ./source/circularbuff.o
                              0x30b53 (size before relaxing)
 .debug_str     0x00031be5      0xf69 ./source/main.o
                              0x31e07 (size before relaxing)
 .debug_str     0x00032b4e      0x532 ./source/mtb.o
                               0x32f9 (size before relaxing)
 .debug_str     0x00033080       0x1f ./source/semihost_hardfault.o
                               0x2de6 (size before relaxing)
 .debug_str     0x0003309f      0x2ca ./source/time_stamp.o
                              0x311e4 (size before relaxing)
 .debug_str     0x00033369      0x1cd ./source/uart_interrupt.o
                              0x31104 (size before relaxing)
 .debug_str     0x00033536     0x14d2 ./drivers/fsl_clock.o
                              0x322f4 (size before relaxing)
 .debug_str     0x00034a08      0xc3e ./drivers/fsl_i2c.o
                              0x31ace (size before relaxing)
 .debug_str     0x00035646      0x915 ./drivers/fsl_lpsci.o
                              0x318fc (size before relaxing)
 .debug_str     0x00035f5b      0x7b1 ./drivers/fsl_spi.o
                              0x316be (size before relaxing)
 .debug_str     0x0003670c      0x832 ./drivers/fsl_uart.o
                              0x3191f (size before relaxing)
 .debug_str     0x00036f3e       0x4c ./board/board.o
                              0x3176c (size before relaxing)
 .debug_str     0x00036f8a      0x322 ./board/clock_config.o
                              0x31259 (size before relaxing)
 .debug_str     0x000372ac       0x31 ./board/peripherals.o
                               0x2df7 (size before relaxing)
 .debug_str     0x000372dd      0x18b ./board/pin_mux.o
                              0x30a05 (size before relaxing)
 .debug_str     0x00037468       0x4f ./CMSIS/system_MKL25Z4.o
                              0x2fc5e (size before relaxing)

.comment        0x00000000       0x75
 .comment       0x00000000       0x75 ./utilities/fsl_debug_console.o
                                 0x76 (size before relaxing)
 .comment       0x00000075       0x76 ./startup/startup_mkl25z4.o
 .comment       0x00000075       0x76 ./source/char_count_update.o
 .comment       0x00000075       0x76 ./source/circularbuff.o
 .comment       0x00000075       0x76 ./source/main.o
 .comment       0x00000075       0x76 ./source/mtb.o
 .comment       0x00000075       0x76 ./source/semihost_hardfault.o
 .comment       0x00000075       0x76 ./source/time_stamp.o
 .comment       0x00000075       0x76 ./source/uart_interrupt.o
 .comment       0x00000075       0x76 ./drivers/fsl_clock.o
 .comment       0x00000075       0x76 ./drivers/fsl_i2c.o
 .comment       0x00000075       0x76 ./drivers/fsl_lpsci.o
 .comment       0x00000075       0x76 ./drivers/fsl_spi.o
 .comment       0x00000075       0x76 ./drivers/fsl_uart.o
 .comment       0x00000075       0x76 ./board/board.o
 .comment       0x00000075       0x76 ./board/clock_config.o
 .comment       0x00000075       0x76 ./board/peripherals.o
 .comment       0x00000075       0x76 ./board/pin_mux.o
 .comment       0x00000075       0x76 ./CMSIS/system_MKL25Z4.o
 .comment       0x00000075       0x76 d:/mcuxpressoide_11.0.1_2563/ide/plugins/com.nxp.mcuxpresso.tools.win32_11.0.1.201907311258/tools/bin/../lib/gcc/arm-none-eabi/8.2.1/../../../../arm-none-eabi/lib/thumb/v6-m/nofp\libcr_semihost_nf.a(_cr__main.o)
 .comment       0x00000075       0x76 d:/mcuxpressoide_11.0.1_2563/ide/plugins/com.nxp.mcuxpresso.tools.win32_11.0.1.201907311258/tools/bin/../lib/gcc/arm-none-eabi/8.2.1/../../../../arm-none-eabi/lib/thumb/v6-m/nofp\libcr_semihost_nf.a(_cr_assert.o)
 .comment       0x00000075       0x76 d:/mcuxpressoide_11.0.1_2563/ide/plugins/com.nxp.mcuxpresso.tools.win32_11.0.1.201907311258/tools/bin/../lib/gcc/arm-none-eabi/8.2.1/../../../../arm-none-eabi/lib/thumb/v6-m/nofp\libcr_semihost_nf.a(__ciob.o)
 .comment       0x00000075       0x76 d:/mcuxpressoide_11.0.1_2563/ide/plugins/com.nxp.mcuxpresso.tools.win32_11.0.1.201907311258/tools/bin/../lib/gcc/arm-none-eabi/8.2.1/../../../../arm-none-eabi/lib/thumb/v6-m/nofp\libcr_c.a(memset.o)
 .comment       0x00000075       0x76 d:/mcuxpressoide_11.0.1_2563/ide/plugins/com.nxp.mcuxpresso.tools.win32_11.0.1.201907311258/tools/bin/../lib/gcc/arm-none-eabi/8.2.1/../../../../arm-none-eabi/lib/thumb/v6-m/nofp\libcr_c.a(_deferredlazyseek.o)
 .comment       0x00000075       0x76 d:/mcuxpressoide_11.0.1_2563/ide/plugins/com.nxp.mcuxpresso.tools.win32_11.0.1.201907311258/tools/bin/../lib/gcc/arm-none-eabi/8.2.1/../../../../arm-none-eabi/lib/thumb/v6-m/nofp\libcr_c.a(_fflush.o)
 .comment       0x00000075       0x76 d:/mcuxpressoide_11.0.1_2563/ide/plugins/com.nxp.mcuxpresso.tools.win32_11.0.1.201907311258/tools/bin/../lib/gcc/arm-none-eabi/8.2.1/../../../../arm-none-eabi/lib/thumb/v6-m/nofp\libcr_c.a(_writebuf.o)
 .comment       0x00000075       0x76 d:/mcuxpressoide_11.0.1_2563/ide/plugins/com.nxp.mcuxpresso.tools.win32_11.0.1.201907311258/tools/bin/../lib/gcc/arm-none-eabi/8.2.1/../../../../arm-none-eabi/lib/thumb/v6-m/nofp\libcr_c.a(alloc.o)
 .comment       0x00000075       0x76 d:/mcuxpressoide_11.0.1_2563/ide/plugins/com.nxp.mcuxpresso.tools.win32_11.0.1.201907311258/tools/bin/../lib/gcc/arm-none-eabi/8.2.1/../../../../arm-none-eabi/lib/thumb/v6-m/nofp\libcr_c.a(fputs.o)
 .comment       0x00000075       0x76 d:/mcuxpressoide_11.0.1_2563/ide/plugins/com.nxp.mcuxpresso.tools.win32_11.0.1.201907311258/tools/bin/../lib/gcc/arm-none-eabi/8.2.1/../../../../arm-none-eabi/lib/thumb/v6-m/nofp\libcr_c.a(fseek.o)
 .comment       0x00000075       0x76 d:/mcuxpressoide_11.0.1_2563/ide/plugins/com.nxp.mcuxpresso.tools.win32_11.0.1.201907311258/tools/bin/../lib/gcc/arm-none-eabi/8.2.1/../../../../arm-none-eabi/lib/thumb/v6-m/nofp\libcr_c.a(ftell.o)
 .comment       0x00000075       0x76 d:/mcuxpressoide_11.0.1_2563/ide/plugins/com.nxp.mcuxpresso.tools.win32_11.0.1.201907311258/tools/bin/../lib/gcc/arm-none-eabi/8.2.1/../../../../arm-none-eabi/lib/thumb/v6-m/nofp\libcr_c.a(initio.o)
 .comment       0x00000075       0x76 d:/mcuxpressoide_11.0.1_2563/ide/plugins/com.nxp.mcuxpresso.tools.win32_11.0.1.201907311258/tools/bin/../lib/gcc/arm-none-eabi/8.2.1/../../../../arm-none-eabi/lib/thumb/v6-m/nofp\libcr_c.a(printf.o)
 .comment       0x00000075       0x76 d:/mcuxpressoide_11.0.1_2563/ide/plugins/com.nxp.mcuxpresso.tools.win32_11.0.1.201907311258/tools/bin/../lib/gcc/arm-none-eabi/8.2.1/../../../../arm-none-eabi/lib/thumb/v6-m/nofp\libcr_c.a(setvbuf.o)
 .comment       0x00000075       0x76 d:/mcuxpressoide_11.0.1_2563/ide/plugins/com.nxp.mcuxpresso.tools.win32_11.0.1.201907311258/tools/bin/../lib/gcc/arm-none-eabi/8.2.1/../../../../arm-none-eabi/lib/thumb/v6-m/nofp\libcr_c.a(strlen.o)
 .comment       0x00000075       0x76 d:/mcuxpressoide_11.0.1_2563/ide/plugins/com.nxp.mcuxpresso.tools.win32_11.0.1.201907311258/tools/bin/../lib/gcc/arm-none-eabi/8.2.1/../../../../arm-none-eabi/lib/thumb/v6-m/nofp\libcr_c.a(__init_alloc.o)
 .comment       0x00000075       0x76 d:/mcuxpressoide_11.0.1_2563/ide/plugins/com.nxp.mcuxpresso.tools.win32_11.0.1.201907311258/tools/bin/../lib/gcc/arm-none-eabi/8.2.1/../../../../arm-none-eabi/lib/thumb/v6-m/nofp\libcr_c.a(_cr_sbrk.o)
 .comment       0x00000075       0x76 d:/mcuxpressoide_11.0.1_2563/ide/plugins/com.nxp.mcuxpresso.tools.win32_11.0.1.201907311258/tools/bin/../lib/gcc/arm-none-eabi/8.2.1/../../../../arm-none-eabi/lib/thumb/v6-m/nofp\libcr_c.a(_fdopen.o)
 .comment       0x00000075       0x76 d:/mcuxpressoide_11.0.1_2563/ide/plugins/com.nxp.mcuxpresso.tools.win32_11.0.1.201907311258/tools/bin/../lib/gcc/arm-none-eabi/8.2.1/../../../../arm-none-eabi/lib/thumb/v6-m/nofp\libcr_c.a(errno.o)
 .comment       0x00000075       0x76 d:/mcuxpressoide_11.0.1_2563/ide/plugins/com.nxp.mcuxpresso.tools.win32_11.0.1.201907311258/tools/bin/../lib/gcc/arm-none-eabi/8.2.1/../../../../arm-none-eabi/lib/thumb/v6-m/nofp\libcr_c.a(fclose.o)
 .comment       0x00000075       0x76 d:/mcuxpressoide_11.0.1_2563/ide/plugins/com.nxp.mcuxpresso.tools.win32_11.0.1.201907311258/tools/bin/../lib/gcc/arm-none-eabi/8.2.1/../../../../arm-none-eabi/lib/thumb/v6-m/nofp\libcr_c.a(fflush.o)
 .comment       0x00000075       0x76 d:/mcuxpressoide_11.0.1_2563/ide/plugins/com.nxp.mcuxpresso.tools.win32_11.0.1.201907311258/tools/bin/../lib/gcc/arm-none-eabi/8.2.1/../../../../arm-none-eabi/lib/thumb/v6-m/nofp\libcr_c.a(remove.o)
 .comment       0x00000075       0x76 d:/mcuxpressoide_11.0.1_2563/ide/plugins/com.nxp.mcuxpresso.tools.win32_11.0.1.201907311258/tools/bin/../lib/gcc/arm-none-eabi/8.2.1/../../../../arm-none-eabi/lib/thumb/v6-m/nofp\libcr_c.a(_cr_check_heap.o)
 .comment       0x00000075       0x76 d:/mcuxpressoide_11.0.1_2563/ide/plugins/com.nxp.mcuxpresso.tools.win32_11.0.1.201907311258/tools/bin/../lib/gcc/arm-none-eabi/8.2.1/../../../../arm-none-eabi/lib/thumb/v6-m/nofp\libcr_c.a(_do_fflush.o)
 .comment       0x00000075       0x76 d:/mcuxpressoide_11.0.1_2563/ide/plugins/com.nxp.mcuxpresso.tools.win32_11.0.1.201907311258/tools/bin/../lib/gcc/arm-none-eabi/8.2.1/thumb/v6-m/nofp\libcr_eabihelpers.a(double.o)
 .comment       0x00000075       0x76 d:/mcuxpressoide_11.0.1_2563/ide/plugins/com.nxp.mcuxpresso.tools.win32_11.0.1.201907311258/tools/bin/../lib/gcc/arm-none-eabi/8.2.1/thumb/v6-m/nofp\libcr_eabihelpers.a(float.o)

.ARM.attributes
                0x00000000       0x2a
 .ARM.attributes
                0x00000000       0x2c ./utilities/fsl_debug_console.o
 .ARM.attributes
                0x0000002c       0x2c ./startup/startup_mkl25z4.o
 .ARM.attributes
                0x00000058       0x2c ./source/char_count_update.o
 .ARM.attributes
                0x00000084       0x2c ./source/circularbuff.o
 .ARM.attributes
                0x000000b0       0x2c ./source/main.o
 .ARM.attributes
                0x000000dc       0x32 ./source/mtb.o
 .ARM.attributes
                0x0000010e       0x2c ./source/semihost_hardfault.o
 .ARM.attributes
                0x0000013a       0x2c ./source/time_stamp.o
 .ARM.attributes
                0x00000166       0x2c ./source/uart_interrupt.o
 .ARM.attributes
                0x00000192       0x2c ./drivers/fsl_clock.o
 .ARM.attributes
                0x000001be       0x2c ./drivers/fsl_i2c.o
 .ARM.attributes
                0x000001ea       0x2c ./drivers/fsl_lpsci.o
 .ARM.attributes
                0x00000216       0x2c ./drivers/fsl_spi.o
 .ARM.attributes
                0x00000242       0x2c ./drivers/fsl_uart.o
 .ARM.attributes
                0x0000026e       0x2c ./board/board.o
 .ARM.attributes
                0x0000029a       0x2c ./board/clock_config.o
 .ARM.attributes
                0x000002c6       0x2c ./board/peripherals.o
 .ARM.attributes
                0x000002f2       0x2c ./board/pin_mux.o
 .ARM.attributes
                0x0000031e       0x2c ./CMSIS/system_MKL25Z4.o
 .ARM.attributes
                0x0000034a       0x2c d:/mcuxpressoide_11.0.1_2563/ide/plugins/com.nxp.mcuxpresso.tools.win32_11.0.1.201907311258/tools/bin/../lib/gcc/arm-none-eabi/8.2.1/../../../../arm-none-eabi/lib/thumb/v6-m/nofp\libcr_semihost_nf.a(_cr__main.o)
 .ARM.attributes
                0x00000376       0x2c d:/mcuxpressoide_11.0.1_2563/ide/plugins/com.nxp.mcuxpresso.tools.win32_11.0.1.201907311258/tools/bin/../lib/gcc/arm-none-eabi/8.2.1/../../../../arm-none-eabi/lib/thumb/v6-m/nofp\libcr_semihost_nf.a(_cr_assert.o)
 .ARM.attributes
                0x000003a2       0x31 d:/mcuxpressoide_11.0.1_2563/ide/plugins/com.nxp.mcuxpresso.tools.win32_11.0.1.201907311258/tools/bin/../lib/gcc/arm-none-eabi/8.2.1/../../../../arm-none-eabi/lib/thumb/v6-m/nofp\libcr_semihost_nf.a(__ciob.o)
 .ARM.attributes
                0x000003d3       0x1c d:/mcuxpressoide_11.0.1_2563/ide/plugins/com.nxp.mcuxpresso.tools.win32_11.0.1.201907311258/tools/bin/../lib/gcc/arm-none-eabi/8.2.1/../../../../arm-none-eabi/lib/thumb/v6-m/nofp\libcr_semihost_nf.a(__sys_appexit.o)
 .ARM.attributes
                0x000003ef       0x2c d:/mcuxpressoide_11.0.1_2563/ide/plugins/com.nxp.mcuxpresso.tools.win32_11.0.1.201907311258/tools/bin/../lib/gcc/arm-none-eabi/8.2.1/../../../../arm-none-eabi/lib/thumb/v6-m/nofp\libcr_c.a(memset.o)
 .ARM.attributes
                0x0000041b       0x2c d:/mcuxpressoide_11.0.1_2563/ide/plugins/com.nxp.mcuxpresso.tools.win32_11.0.1.201907311258/tools/bin/../lib/gcc/arm-none-eabi/8.2.1/../../../../arm-none-eabi/lib/thumb/v6-m/nofp\libcr_c.a(_deferredlazyseek.o)
 .ARM.attributes
                0x00000447       0x2c d:/mcuxpressoide_11.0.1_2563/ide/plugins/com.nxp.mcuxpresso.tools.win32_11.0.1.201907311258/tools/bin/../lib/gcc/arm-none-eabi/8.2.1/../../../../arm-none-eabi/lib/thumb/v6-m/nofp\libcr_c.a(_fflush.o)
 .ARM.attributes
                0x00000473       0x2c d:/mcuxpressoide_11.0.1_2563/ide/plugins/com.nxp.mcuxpresso.tools.win32_11.0.1.201907311258/tools/bin/../lib/gcc/arm-none-eabi/8.2.1/../../../../arm-none-eabi/lib/thumb/v6-m/nofp\libcr_c.a(_writebuf.o)
 .ARM.attributes
                0x0000049f       0x2c d:/mcuxpressoide_11.0.1_2563/ide/plugins/com.nxp.mcuxpresso.tools.win32_11.0.1.201907311258/tools/bin/../lib/gcc/arm-none-eabi/8.2.1/../../../../arm-none-eabi/lib/thumb/v6-m/nofp\libcr_c.a(alloc.o)
 .ARM.attributes
                0x000004cb       0x2c d:/mcuxpressoide_11.0.1_2563/ide/plugins/com.nxp.mcuxpresso.tools.win32_11.0.1.201907311258/tools/bin/../lib/gcc/arm-none-eabi/8.2.1/../../../../arm-none-eabi/lib/thumb/v6-m/nofp\libcr_c.a(fputs.o)
 .ARM.attributes
                0x000004f7       0x2c d:/mcuxpressoide_11.0.1_2563/ide/plugins/com.nxp.mcuxpresso.tools.win32_11.0.1.201907311258/tools/bin/../lib/gcc/arm-none-eabi/8.2.1/../../../../arm-none-eabi/lib/thumb/v6-m/nofp\libcr_c.a(fseek.o)
 .ARM.attributes
                0x00000523       0x2c d:/mcuxpressoide_11.0.1_2563/ide/plugins/com.nxp.mcuxpresso.tools.win32_11.0.1.201907311258/tools/bin/../lib/gcc/arm-none-eabi/8.2.1/../../../../arm-none-eabi/lib/thumb/v6-m/nofp\libcr_c.a(ftell.o)
 .ARM.attributes
                0x0000054f       0x2c d:/mcuxpressoide_11.0.1_2563/ide/plugins/com.nxp.mcuxpresso.tools.win32_11.0.1.201907311258/tools/bin/../lib/gcc/arm-none-eabi/8.2.1/../../../../arm-none-eabi/lib/thumb/v6-m/nofp\libcr_c.a(initio.o)
 .ARM.attributes
                0x0000057b       0x2c d:/mcuxpressoide_11.0.1_2563/ide/plugins/com.nxp.mcuxpresso.tools.win32_11.0.1.201907311258/tools/bin/../lib/gcc/arm-none-eabi/8.2.1/../../../../arm-none-eabi/lib/thumb/v6-m/nofp\libcr_c.a(printf.o)
 .ARM.attributes
                0x000005a7       0x2c d:/mcuxpressoide_11.0.1_2563/ide/plugins/com.nxp.mcuxpresso.tools.win32_11.0.1.201907311258/tools/bin/../lib/gcc/arm-none-eabi/8.2.1/../../../../arm-none-eabi/lib/thumb/v6-m/nofp\libcr_c.a(setvbuf.o)
 .ARM.attributes
                0x000005d3       0x2c d:/mcuxpressoide_11.0.1_2563/ide/plugins/com.nxp.mcuxpresso.tools.win32_11.0.1.201907311258/tools/bin/../lib/gcc/arm-none-eabi/8.2.1/../../../../arm-none-eabi/lib/thumb/v6-m/nofp\libcr_c.a(strlen.o)
 .ARM.attributes
                0x000005ff       0x2c d:/mcuxpressoide_11.0.1_2563/ide/plugins/com.nxp.mcuxpresso.tools.win32_11.0.1.201907311258/tools/bin/../lib/gcc/arm-none-eabi/8.2.1/../../../../arm-none-eabi/lib/thumb/v6-m/nofp\libcr_c.a(__init_alloc.o)
 .ARM.attributes
                0x0000062b       0x2c d:/mcuxpressoide_11.0.1_2563/ide/plugins/com.nxp.mcuxpresso.tools.win32_11.0.1.201907311258/tools/bin/../lib/gcc/arm-none-eabi/8.2.1/../../../../arm-none-eabi/lib/thumb/v6-m/nofp\libcr_c.a(_cr_sbrk.o)
 .ARM.attributes
                0x00000657       0x2c d:/mcuxpressoide_11.0.1_2563/ide/plugins/com.nxp.mcuxpresso.tools.win32_11.0.1.201907311258/tools/bin/../lib/gcc/arm-none-eabi/8.2.1/../../../../arm-none-eabi/lib/thumb/v6-m/nofp\libcr_c.a(_fdopen.o)
 .ARM.attributes
                0x00000683       0x31 d:/mcuxpressoide_11.0.1_2563/ide/plugins/com.nxp.mcuxpresso.tools.win32_11.0.1.201907311258/tools/bin/../lib/gcc/arm-none-eabi/8.2.1/../../../../arm-none-eabi/lib/thumb/v6-m/nofp\libcr_c.a(errno.o)
 .ARM.attributes
                0x000006b4       0x2c d:/mcuxpressoide_11.0.1_2563/ide/plugins/com.nxp.mcuxpresso.tools.win32_11.0.1.201907311258/tools/bin/../lib/gcc/arm-none-eabi/8.2.1/../../../../arm-none-eabi/lib/thumb/v6-m/nofp\libcr_c.a(fclose.o)
 .ARM.attributes
                0x000006e0       0x2c d:/mcuxpressoide_11.0.1_2563/ide/plugins/com.nxp.mcuxpresso.tools.win32_11.0.1.201907311258/tools/bin/../lib/gcc/arm-none-eabi/8.2.1/../../../../arm-none-eabi/lib/thumb/v6-m/nofp\libcr_c.a(fflush.o)
 .ARM.attributes
                0x0000070c       0x2c d:/mcuxpressoide_11.0.1_2563/ide/plugins/com.nxp.mcuxpresso.tools.win32_11.0.1.201907311258/tools/bin/../lib/gcc/arm-none-eabi/8.2.1/../../../../arm-none-eabi/lib/thumb/v6-m/nofp\libcr_c.a(remove.o)
 .ARM.attributes
                0x00000738       0x2c d:/mcuxpressoide_11.0.1_2563/ide/plugins/com.nxp.mcuxpresso.tools.win32_11.0.1.201907311258/tools/bin/../lib/gcc/arm-none-eabi/8.2.1/../../../../arm-none-eabi/lib/thumb/v6-m/nofp\libcr_c.a(_cr_check_heap.o)
 .ARM.attributes
                0x00000764       0x2c d:/mcuxpressoide_11.0.1_2563/ide/plugins/com.nxp.mcuxpresso.tools.win32_11.0.1.201907311258/tools/bin/../lib/gcc/arm-none-eabi/8.2.1/../../../../arm-none-eabi/lib/thumb/v6-m/nofp\libcr_c.a(_do_fflush.o)
 .ARM.attributes
                0x00000790       0x1c d:/mcuxpressoide_11.0.1_2563/ide/plugins/com.nxp.mcuxpresso.tools.win32_11.0.1.201907311258/tools/bin/../lib/gcc/arm-none-eabi/8.2.1/thumb/v6-m/nofp\libcr_eabihelpers.a(division_32.o)
 .ARM.attributes
                0x000007ac       0x1c d:/mcuxpressoide_11.0.1_2563/ide/plugins/com.nxp.mcuxpresso.tools.win32_11.0.1.201907311258/tools/bin/../lib/gcc/arm-none-eabi/8.2.1/thumb/v6-m/nofp\libcr_eabihelpers.a(division_64.o)
 .ARM.attributes
                0x000007c8       0x1c d:/mcuxpressoide_11.0.1_2563/ide/plugins/com.nxp.mcuxpresso.tools.win32_11.0.1.201907311258/tools/bin/../lib/gcc/arm-none-eabi/8.2.1/thumb/v6-m/nofp\libcr_eabihelpers.a(division_idiv0.o)
 .ARM.attributes
                0x000007e4       0x2c d:/mcuxpressoide_11.0.1_2563/ide/plugins/com.nxp.mcuxpresso.tools.win32_11.0.1.201907311258/tools/bin/../lib/gcc/arm-none-eabi/8.2.1/thumb/v6-m/nofp\libcr_eabihelpers.a(double.o)
 .ARM.attributes
                0x00000810       0x2c d:/mcuxpressoide_11.0.1_2563/ide/plugins/com.nxp.mcuxpresso.tools.win32_11.0.1.201907311258/tools/bin/../lib/gcc/arm-none-eabi/8.2.1/thumb/v6-m/nofp\libcr_eabihelpers.a(float.o)
 .ARM.attributes
                0x0000083c       0x1c d:/mcuxpressoide_11.0.1_2563/ide/plugins/com.nxp.mcuxpresso.tools.win32_11.0.1.201907311258/tools/bin/../lib/gcc/arm-none-eabi/8.2.1/thumb/v6-m/nofp\libcr_eabihelpers.a(llong.o)
 .ARM.attributes
                0x00000858       0x1c d:/mcuxpressoide_11.0.1_2563/ide/plugins/com.nxp.mcuxpresso.tools.win32_11.0.1.201907311258/tools/bin/../lib/gcc/arm-none-eabi/8.2.1/thumb/v6-m/nofp\libcr_eabihelpers.a(memcpy.o)
 .ARM.attributes
                0x00000874       0x1c d:/mcuxpressoide_11.0.1_2563/ide/plugins/com.nxp.mcuxpresso.tools.win32_11.0.1.201907311258/tools/bin/../lib/gcc/arm-none-eabi/8.2.1/../../../../arm-none-eabi/lib/thumb/v6-m/nofp\libcr_semihost_nf.a(__sys_close.o)
 .ARM.attributes
                0x00000890       0x1c d:/mcuxpressoide_11.0.1_2563/ide/plugins/com.nxp.mcuxpresso.tools.win32_11.0.1.201907311258/tools/bin/../lib/gcc/arm-none-eabi/8.2.1/../../../../arm-none-eabi/lib/thumb/v6-m/nofp\libcr_semihost_nf.a(__sys_flen.o)
 .ARM.attributes
                0x000008ac       0x1c d:/mcuxpressoide_11.0.1_2563/ide/plugins/com.nxp.mcuxpresso.tools.win32_11.0.1.201907311258/tools/bin/../lib/gcc/arm-none-eabi/8.2.1/../../../../arm-none-eabi/lib/thumb/v6-m/nofp\libcr_semihost_nf.a(__sys_istty.o)
 .ARM.attributes
                0x000008c8       0x1c d:/mcuxpressoide_11.0.1_2563/ide/plugins/com.nxp.mcuxpresso.tools.win32_11.0.1.201907311258/tools/bin/../lib/gcc/arm-none-eabi/8.2.1/../../../../arm-none-eabi/lib/thumb/v6-m/nofp\libcr_semihost_nf.a(__sys_remove.o)
 .ARM.attributes
                0x000008e4       0x1c d:/mcuxpressoide_11.0.1_2563/ide/plugins/com.nxp.mcuxpresso.tools.win32_11.0.1.201907311258/tools/bin/../lib/gcc/arm-none-eabi/8.2.1/../../../../arm-none-eabi/lib/thumb/v6-m/nofp\libcr_semihost_nf.a(__sys_seek.o)
 .ARM.attributes
                0x00000900       0x1c d:/mcuxpressoide_11.0.1_2563/ide/plugins/com.nxp.mcuxpresso.tools.win32_11.0.1.201907311258/tools/bin/../lib/gcc/arm-none-eabi/8.2.1/../../../../arm-none-eabi/lib/thumb/v6-m/nofp\libcr_semihost_nf.a(__sys_tmpnam.o)

.debug_frame    0x00000000     0x2518
 .debug_frame   0x00000000      0x10c ./utilities/fsl_debug_console.o
 .debug_frame   0x0000010c      0x3b0 ./startup/startup_mkl25z4.o
 .debug_frame   0x000004bc       0x50 ./source/char_count_update.o
 .debug_frame   0x0000050c      0x130 ./source/circularbuff.o
 .debug_frame   0x0000063c       0xb0 ./source/main.o
 .debug_frame   0x000006ec       0x20 ./source/semihost_hardfault.o
 .debug_frame   0x0000070c       0xe4 ./source/time_stamp.o
 .debug_frame   0x000007f0      0x164 ./source/uart_interrupt.o
 .debug_frame   0x00000954      0x6e0 ./drivers/fsl_clock.o
 .debug_frame   0x00001034      0x58c ./drivers/fsl_i2c.o
 .debug_frame   0x000015c0      0x418 ./drivers/fsl_lpsci.o
 .debug_frame   0x000019d8      0x468 ./drivers/fsl_spi.o
 .debug_frame   0x00001e40      0x468 ./drivers/fsl_uart.o
 .debug_frame   0x000022a8       0x50 ./board/board.o
 .debug_frame   0x000022f8      0x120 ./board/clock_config.o
 .debug_frame   0x00002418       0x2c ./board/peripherals.o
 .debug_frame   0x00002444       0x88 ./board/pin_mux.o
 .debug_frame   0x000024cc       0x4c ./CMSIS/system_MKL25Z4.o

Cross Reference Table

Symbol                                            File
ADC0_DriverIRQHandler                             ./startup/startup_mkl25z4.o
ADC0_IRQHandler                                   ./startup/startup_mkl25z4.o
BOARD_BootClockRUN                                ./board/clock_config.o
BOARD_BootClockVLPR                               ./board/clock_config.o
BOARD_InitBootClocks                              ./board/clock_config.o
                                                  ./source/main.o
BOARD_InitBootPeripherals                         ./board/peripherals.o
                                                  ./source/main.o
BOARD_InitBootPins                                ./board/pin_mux.o
                                                  ./source/main.o
BOARD_InitDebugConsole                            ./board/board.o
                                                  ./source/main.o
BOARD_InitPins                                    ./board/pin_mux.o
CLOCK_BootToBlpeMode                              ./drivers/fsl_clock.o
CLOCK_BootToBlpiMode                              ./drivers/fsl_clock.o
                                                  ./board/clock_config.o
CLOCK_BootToFeeMode                               ./drivers/fsl_clock.o
CLOCK_BootToFeiMode                               ./drivers/fsl_clock.o
CLOCK_BootToPeeMode                               ./drivers/fsl_clock.o
                                                  ./board/clock_config.o
CLOCK_CalcPllDiv                                  ./drivers/fsl_clock.o
CLOCK_ClearStatusFlags                            ./drivers/fsl_clock.o
CLOCK_DeinitOsc0                                  ./drivers/fsl_clock.o
CLOCK_EnablePll0                                  ./drivers/fsl_clock.o
CLOCK_EnableUsbfs0Clock                           ./drivers/fsl_clock.o
CLOCK_ExternalModeToFbeModeQuick                  ./drivers/fsl_clock.o
CLOCK_FllStableDelay                              ./drivers/fsl_clock.o
CLOCK_GetBusClkFreq                               ./drivers/fsl_clock.o
CLOCK_GetCoreSysClkFreq                           ./drivers/fsl_clock.o
CLOCK_GetEr32kClkFreq                             ./drivers/fsl_clock.o
CLOCK_GetFixedFreqClkFreq                         ./drivers/fsl_clock.o
CLOCK_GetFlashClkFreq                             ./drivers/fsl_clock.o
CLOCK_GetFllFreq                                  ./drivers/fsl_clock.o
CLOCK_GetFreq                                     ./drivers/fsl_clock.o
CLOCK_GetInternalRefClkFreq                       ./drivers/fsl_clock.o
CLOCK_GetMode                                     ./drivers/fsl_clock.o
CLOCK_GetOsc0ErClkFreq                            ./drivers/fsl_clock.o
CLOCK_GetOutClkFreq                               ./drivers/fsl_clock.o
CLOCK_GetPlatClkFreq                              ./drivers/fsl_clock.o
CLOCK_GetPll0Freq                                 ./drivers/fsl_clock.o
CLOCK_GetPllFllSelClkFreq                         ./drivers/fsl_clock.o
                                                  ./board/board.o
CLOCK_GetStatusFlags                              ./drivers/fsl_clock.o
CLOCK_InitOsc0                                    ./drivers/fsl_clock.o
                                                  ./board/clock_config.o
CLOCK_InternalModeToFbiModeQuick                  ./drivers/fsl_clock.o
CLOCK_SetBlpeMode                                 ./drivers/fsl_clock.o
CLOCK_SetBlpiMode                                 ./drivers/fsl_clock.o
CLOCK_SetExternalRefClkConfig                     ./drivers/fsl_clock.o
CLOCK_SetFbeMode                                  ./drivers/fsl_clock.o
CLOCK_SetFbiMode                                  ./drivers/fsl_clock.o
CLOCK_SetFeeMode                                  ./drivers/fsl_clock.o
CLOCK_SetFeiMode                                  ./drivers/fsl_clock.o
CLOCK_SetInternalRefClkConfig                     ./drivers/fsl_clock.o
                                                  ./board/clock_config.o
CLOCK_SetMcgConfig                                ./drivers/fsl_clock.o
CLOCK_SetOsc0MonitorMode                          ./drivers/fsl_clock.o
CLOCK_SetPbeMode                                  ./drivers/fsl_clock.o
CLOCK_SetPeeMode                                  ./drivers/fsl_clock.o
CLOCK_SetPll0MonitorMode                          ./drivers/fsl_clock.o
CLOCK_SetSimConfig                                ./drivers/fsl_clock.o
                                                  ./board/clock_config.o
CLOCK_TrimInternalRefClk                          ./drivers/fsl_clock.o
CMP0_DriverIRQHandler                             ./startup/startup_mkl25z4.o
CMP0_IRQHandler                                   ./startup/startup_mkl25z4.o
CMP_ClearStatusFlags                              ./drivers/fsl_cmp.o
CMP_Deinit                                        ./drivers/fsl_cmp.o
CMP_DisableInterrupts                             ./drivers/fsl_cmp.o
CMP_EnableDMA                                     ./drivers/fsl_cmp.o
CMP_EnableInterrupts                              ./drivers/fsl_cmp.o
CMP_GetDefaultConfig                              ./drivers/fsl_cmp.o
CMP_GetStatusFlags                                ./drivers/fsl_cmp.o
CMP_Init                                          ./drivers/fsl_cmp.o
CMP_SetDACConfig                                  ./drivers/fsl_cmp.o
CMP_SetFilterConfig                               ./drivers/fsl_cmp.o
CMP_SetInputChannels                              ./drivers/fsl_cmp.o
DAC0_DriverIRQHandler                             ./startup/startup_mkl25z4.o
DAC0_IRQHandler                                   ./startup/startup_mkl25z4.o
DAC_ClearBufferStatusFlags                        ./drivers/fsl_dac.o
DAC_Deinit                                        ./drivers/fsl_dac.o
DAC_DisableBufferInterrupts                       ./drivers/fsl_dac.o
DAC_EnableBufferInterrupts                        ./drivers/fsl_dac.o
DAC_GetBufferStatusFlags                          ./drivers/fsl_dac.o
DAC_GetDefaultBufferConfig                        ./drivers/fsl_dac.o
DAC_GetDefaultConfig                              ./drivers/fsl_dac.o
DAC_Init                                          ./drivers/fsl_dac.o
DAC_SetBufferConfig                               ./drivers/fsl_dac.o
DAC_SetBufferReadPointer                          ./drivers/fsl_dac.o
DAC_SetBufferValue                                ./drivers/fsl_dac.o
DMA0_DriverIRQHandler                             ./startup/startup_mkl25z4.o
DMA0_IRQHandler                                   ./startup/startup_mkl25z4.o
DMA1_DriverIRQHandler                             ./startup/startup_mkl25z4.o
DMA1_IRQHandler                                   ./startup/startup_mkl25z4.o
DMA2_DriverIRQHandler                             ./startup/startup_mkl25z4.o
DMA2_IRQHandler                                   ./startup/startup_mkl25z4.o
DMA3_DriverIRQHandler                             ./startup/startup_mkl25z4.o
DMA3_IRQHandler                                   ./startup/startup_mkl25z4.o
DbgConsole_Deinit                                 ./utilities/fsl_debug_console.o
DbgConsole_Init                                   ./utilities/fsl_debug_console.o
                                                  ./board/board.o
FLASH_Erase                                       ./drivers/fsl_flash.o
FLASH_EraseAll                                    ./drivers/fsl_flash.o
FLASH_EraseAllExecuteOnlySegments                 ./drivers/fsl_flash.o
FLASH_GetProperty                                 ./drivers/fsl_flash.o
FLASH_GetSecurityState                            ./drivers/fsl_flash.o
FLASH_Init                                        ./drivers/fsl_flash.o
FLASH_IsExecuteOnly                               ./drivers/fsl_flash.o
FLASH_IsProtected                                 ./drivers/fsl_flash.o
FLASH_PflashGetPrefetchSpeculation                ./drivers/fsl_flash.o
FLASH_PflashGetProtection                         ./drivers/fsl_flash.o
FLASH_PflashSetPrefetchSpeculation                ./drivers/fsl_flash.o
                                                  ./drivers/fsl_smc.o
FLASH_PflashSetProtection                         ./drivers/fsl_flash.o
FLASH_PrepareExecuteInRamFunctions                ./drivers/fsl_flash.o
FLASH_Program                                     ./drivers/fsl_flash.o
FLASH_ProgramOnce                                 ./drivers/fsl_flash.o
FLASH_ReadOnce                                    ./drivers/fsl_flash.o
FLASH_ReadResource                                ./drivers/fsl_flash.o
FLASH_SecurityBypass                              ./drivers/fsl_flash.o
FLASH_SetCallback                                 ./drivers/fsl_flash.o
FLASH_SetProperty                                 ./drivers/fsl_flash.o
FLASH_VerifyErase                                 ./drivers/fsl_flash.o
FLASH_VerifyEraseAll                              ./drivers/fsl_flash.o
FLASH_VerifyEraseAllExecuteOnlySegments           ./drivers/fsl_flash.o
FLASH_VerifyProgram                               ./drivers/fsl_flash.o
FTFA_DriverIRQHandler                             ./startup/startup_mkl25z4.o
FTFA_IRQHandler                                   ./startup/startup_mkl25z4.o
Flash_Config                                      ./startup/startup_mkl25z4.o
GPIO_ClearPinsInterruptFlags                      ./drivers/fsl_gpio.o
GPIO_GetPinsInterruptFlags                        ./drivers/fsl_gpio.o
GPIO_PinInit                                      ./drivers/fsl_gpio.o
                                                  ./source/RGBled.o
HardFault_Handler                                 ./source/semihost_hardfault.o
                                                  ./startup/startup_mkl25z4.o
I2C0_DriverIRQHandler                             ./drivers/fsl_i2c.o
                                                  ./startup/startup_mkl25z4.o
I2C0_IRQHandler                                   ./startup/startup_mkl25z4.o
I2C1_DriverIRQHandler                             ./drivers/fsl_i2c.o
                                                  ./startup/startup_mkl25z4.o
I2C1_IRQHandler                                   ./startup/startup_mkl25z4.o
I2C_DisableInterrupts                             ./drivers/fsl_i2c.o
I2C_EnableInterrupts                              ./drivers/fsl_i2c.o
I2C_GetInstance                                   ./drivers/fsl_i2c.o
I2C_MasterDeinit                                  ./drivers/fsl_i2c.o
I2C_MasterGetDefaultConfig                        ./drivers/fsl_i2c.o
I2C_MasterGetStatusFlags                          ./drivers/fsl_i2c.o
I2C_MasterInit                                    ./drivers/fsl_i2c.o
I2C_MasterReadBlocking                            ./drivers/fsl_i2c.o
I2C_MasterRepeatedStart                           ./drivers/fsl_i2c.o
I2C_MasterSetBaudRate                             ./drivers/fsl_i2c.o
I2C_MasterStart                                   ./drivers/fsl_i2c.o
I2C_MasterStop                                    ./drivers/fsl_i2c.o
I2C_MasterTransferAbort                           ./drivers/fsl_i2c.o
I2C_MasterTransferBlocking                        ./drivers/fsl_i2c.o
I2C_MasterTransferCreateHandle                    ./drivers/fsl_i2c.o
I2C_MasterTransferGetCount                        ./drivers/fsl_i2c.o
I2C_MasterTransferHandleIRQ                       ./drivers/fsl_i2c.o
I2C_MasterTransferNonBlocking                     ./drivers/fsl_i2c.o
I2C_MasterWriteBlocking                           ./drivers/fsl_i2c.o
I2C_SlaveDeinit                                   ./drivers/fsl_i2c.o
I2C_SlaveGetDefaultConfig                         ./drivers/fsl_i2c.o
I2C_SlaveInit                                     ./drivers/fsl_i2c.o
I2C_SlaveReadBlocking                             ./drivers/fsl_i2c.o
I2C_SlaveTransferAbort                            ./drivers/fsl_i2c.o
I2C_SlaveTransferCreateHandle                     ./drivers/fsl_i2c.o
I2C_SlaveTransferGetCount                         ./drivers/fsl_i2c.o
I2C_SlaveTransferHandleIRQ                        ./drivers/fsl_i2c.o
I2C_SlaveTransferNonBlocking                      ./drivers/fsl_i2c.o
I2C_SlaveWriteBlocking                            ./drivers/fsl_i2c.o
Init_SysTick                                      ./source/time_stamp.o
                                                  ./source/main.o
Init_UART0                                        ./source/uart_interrupt.o
                                                  ./source/main.o
InstallIRQHandler                                 ./drivers/fsl_common.o
IntDefaultHandler                                 ./startup/startup_mkl25z4.o
LLWU_ClearExternalWakeupPinFlag                   ./drivers/fsl_llwu.o
LLWU_ClearPinFilterFlag                           ./drivers/fsl_llwu.o
LLWU_DriverIRQHandler                             ./startup/startup_mkl25z4.o
LLWU_GetExternalWakeupPinFlag                     ./drivers/fsl_llwu.o
LLWU_GetPinFilterFlag                             ./drivers/fsl_llwu.o
LLWU_IRQHandler                                   ./startup/startup_mkl25z4.o
LLWU_SetExternalWakeupPinMode                     ./drivers/fsl_llwu.o
LLWU_SetPinFilterMode                             ./drivers/fsl_llwu.o
LPSCI_ClearStatusFlags                            ./drivers/fsl_lpsci.o
LPSCI_Deinit                                      ./drivers/fsl_lpsci.o
                                                  ./utilities/fsl_debug_console.o
LPSCI_DisableInterrupts                           ./drivers/fsl_lpsci.o
LPSCI_EnableInterrupts                            ./drivers/fsl_lpsci.o
LPSCI_GetDefaultConfig                            ./drivers/fsl_lpsci.o
                                                  ./utilities/fsl_debug_console.o
LPSCI_GetEnabledInterrupts                        ./drivers/fsl_lpsci.o
LPSCI_GetInstance                                 ./drivers/fsl_lpsci.o
LPSCI_GetStatusFlags                              ./drivers/fsl_lpsci.o
LPSCI_Init                                        ./drivers/fsl_lpsci.o
                                                  ./utilities/fsl_debug_console.o
LPSCI_ReadBlocking                                ./drivers/fsl_lpsci.o
                                                  ./utilities/fsl_debug_console.o
LPSCI_SetBaudRate                                 ./drivers/fsl_lpsci.o
LPSCI_TransferAbortReceive                        ./drivers/fsl_lpsci.o
LPSCI_TransferAbortSend                           ./drivers/fsl_lpsci.o
LPSCI_TransferCreateHandle                        ./drivers/fsl_lpsci.o
LPSCI_TransferGetReceiveCount                     ./drivers/fsl_lpsci.o
LPSCI_TransferGetSendCount                        ./drivers/fsl_lpsci.o
LPSCI_TransferHandleErrorIRQ                      ./drivers/fsl_lpsci.o
LPSCI_TransferHandleIRQ                           ./drivers/fsl_lpsci.o
LPSCI_TransferReceiveNonBlocking                  ./drivers/fsl_lpsci.o
LPSCI_TransferSendNonBlocking                     ./drivers/fsl_lpsci.o
LPSCI_TransferStartRingBuffer                     ./drivers/fsl_lpsci.o
LPSCI_TransferStopRingBuffer                      ./drivers/fsl_lpsci.o
LPSCI_WriteBlocking                               ./drivers/fsl_lpsci.o
                                                  ./utilities/fsl_debug_console.o
LPTMR0_DriverIRQHandler                           ./startup/startup_mkl25z4.o
LPTMR0_IRQHandler                                 ./startup/startup_mkl25z4.o
LPTMR_Deinit                                      ./drivers/fsl_lptmr.o
LPTMR_GetDefaultConfig                            ./drivers/fsl_lptmr.o
LPTMR_Init                                        ./drivers/fsl_lptmr.o
LVD_LVW_DriverIRQHandler                          ./startup/startup_mkl25z4.o
LVD_LVW_IRQHandler                                ./startup/startup_mkl25z4.o
Log_String                                        ./source/logger.o
Log_integer                                       ./source/logger.o
Log_level                                         ./source/logger.o
MCG_DriverIRQHandler                              ./startup/startup_mkl25z4.o
MCG_IRQHandler                                    ./startup/startup_mkl25z4.o
NMI_Handler                                       ./startup/startup_mkl25z4.o
PIT_DriverIRQHandler                              ./startup/startup_mkl25z4.o
PIT_IRQHandler                                    ./startup/startup_mkl25z4.o
PORTA_DriverIRQHandler                            ./startup/startup_mkl25z4.o
PORTA_IRQHandler                                  ./startup/startup_mkl25z4.o
PORTD_DriverIRQHandler                            ./startup/startup_mkl25z4.o
PORTD_IRQHandler                                  ./startup/startup_mkl25z4.o
PendSV_Handler                                    ./startup/startup_mkl25z4.o
RGB_OFF                                           ./source/RGBled.o
RGB_init                                          ./source/RGBled.o
RTC_ClearStatusFlags                              ./drivers/fsl_rtc.o
RTC_DriverIRQHandler                              ./startup/startup_mkl25z4.o
RTC_GetAlarm                                      ./drivers/fsl_rtc.o
RTC_GetDatetime                                   ./drivers/fsl_rtc.o
RTC_GetDefaultConfig                              ./drivers/fsl_rtc.o
RTC_IRQHandler                                    ./startup/startup_mkl25z4.o
RTC_Init                                          ./drivers/fsl_rtc.o
RTC_Seconds_DriverIRQHandler                      ./startup/startup_mkl25z4.o
RTC_Seconds_IRQHandler                            ./startup/startup_mkl25z4.o
RTC_SetAlarm                                      ./drivers/fsl_rtc.o
RTC_SetDatetime                                   ./drivers/fsl_rtc.o
Reserved20_DriverIRQHandler                       ./startup/startup_mkl25z4.o
Reserved20_IRQHandler                             ./startup/startup_mkl25z4.o
Reserved39_DriverIRQHandler                       ./startup/startup_mkl25z4.o
Reserved39_IRQHandler                             ./startup/startup_mkl25z4.o
Reserved45_DriverIRQHandler                       ./startup/startup_mkl25z4.o
Reserved45_IRQHandler                             ./startup/startup_mkl25z4.o
ResetISR                                          ./startup/startup_mkl25z4.o
SMC_PostExitStopModes                             ./drivers/fsl_smc.o
SMC_PreEnterStopModes                             ./drivers/fsl_smc.o
SMC_SetPowerModeLls                               ./drivers/fsl_smc.o
SMC_SetPowerModeRun                               ./drivers/fsl_smc.o
SMC_SetPowerModeStop                              ./drivers/fsl_smc.o
SMC_SetPowerModeVlls                              ./drivers/fsl_smc.o
SMC_SetPowerModeVlpr                              ./drivers/fsl_smc.o