Archive member included to satisfy reference by file (symbol)

d:/mcuxpressoide_11.0.1_2563/ide/plugins/com.nxp.mcuxpresso.tools.win32_11.0.1.201907311258/tools/bin/../lib/gcc/arm-none-eabi/8.2.1/../../../../arm-none-eabi/lib/thumb/v6-m/nofp\libcr_semihost_nf.a(_cr__main.o)
                              ./startup/startup_mkl25z4.o (__main)
d:/mcuxpressoide_11.0.1_2563/ide/plugins/com.nxp.mcuxpresso.tools.win32_11.0.1.201907311258/tools/bin/../lib/gcc/arm-none-eabi/8.2.1/../../../../arm-none-eabi/lib/thumb/v6-m/nofp\libcr_semihost_nf.a(_cr_assert.o)
                              ./source/adc_dac.o (__assertion_failed)
d:/mcuxpressoide_11.0.1_2563/ide/plugins/com.nxp.mcuxpresso.tools.win32_11.0.1.201907311258/tools/bin/../lib/gcc/arm-none-eabi/8.2.1/../../../../arm-none-eabi/lib/thumb/v6-m/nofp\libcr_semihost_nf.a(__ciob.o)
                              d:/mcuxpressoide_11.0.1_2563/ide/plugins/com.nxp.mcuxpresso.tools.win32_11.0.1.201907311258/tools/bin/../lib/gcc/arm-none-eabi/8.2.1/../../../../arm-none-eabi/lib/thumb/v6-m/nofp\libcr_semihost_nf.a(_cr_assert.o) (__Ciob)
d:/mcuxpressoide_11.0.1_2563/ide/plugins/com.nxp.mcuxpresso.tools.win32_11.0.1.201907311258/tools/bin/../lib/gcc/arm-none-eabi/8.2.1/../../../../arm-none-eabi/lib/thumb/v6-m/nofp\libcr_semihost_nf.a(__sys_appexit.o)
                              d:/mcuxpressoide_11.0.1_2563/ide/plugins/com.nxp.mcuxpresso.tools.win32_11.0.1.201907311258/tools/bin/../lib/gcc/arm-none-eabi/8.2.1/../../../../arm-none-eabi/lib/thumb/v6-m/nofp\libcr_semihost_nf.a(_cr_assert.o) (__sys_appexit)
d:/mcuxpressoide_11.0.1_2563/ide/plugins/com.nxp.mcuxpresso.tools.win32_11.0.1.201907311258/tools/bin/../lib/gcc/arm-none-eabi/8.2.1/../../../../arm-none-eabi/lib/thumb/v6-m/nofp\libcr_c.a(powf.o)
                              ./source/task1.o (powf)
d:/mcuxpressoide_11.0.1_2563/ide/plugins/com.nxp.mcuxpresso.tools.win32_11.0.1.201907311258/tools/bin/../lib/gcc/arm-none-eabi/8.2.1/../../../../arm-none-eabi/lib/thumb/v6-m/nofp\libcr_c.a(sqrtf.o)
                              ./source/task1.o (sqrtf)
d:/mcuxpressoide_11.0.1_2563/ide/plugins/com.nxp.mcuxpresso.tools.win32_11.0.1.201907311258/tools/bin/../lib/gcc/arm-none-eabi/8.2.1/../../../../arm-none-eabi/lib/thumb/v6-m/nofp\libcr_c.a(memcpy.o)
                              ./freertos/queue.o (memcpy)
d:/mcuxpressoide_11.0.1_2563/ide/plugins/com.nxp.mcuxpresso.tools.win32_11.0.1.201907311258/tools/bin/../lib/gcc/arm-none-eabi/8.2.1/../../../../arm-none-eabi/lib/thumb/v6-m/nofp\libcr_c.a(memset.o)
                              ./freertos/tasks.o (memset)
d:/mcuxpressoide_11.0.1_2563/ide/plugins/com.nxp.mcuxpresso.tools.win32_11.0.1.201907311258/tools/bin/../lib/gcc/arm-none-eabi/8.2.1/../../../../arm-none-eabi/lib/thumb/v6-m/nofp\libcr_c.a(_deferredlazyseek.o)
                              d:/mcuxpressoide_11.0.1_2563/ide/plugins/com.nxp.mcuxpresso.tools.win32_11.0.1.201907311258/tools/bin/../lib/gcc/arm-none-eabi/8.2.1/../../../../arm-none-eabi/lib/thumb/v6-m/nofp\libcr_semihost_nf.a(_cr_assert.o) (__flsbuf)
d:/mcuxpressoide_11.0.1_2563/ide/plugins/com.nxp.mcuxpresso.tools.win32_11.0.1.201907311258/tools/bin/../lib/gcc/arm-none-eabi/8.2.1/../../../../arm-none-eabi/lib/thumb/v6-m/nofp\libcr_c.a(_fflush.o)
                              d:/mcuxpressoide_11.0.1_2563/ide/plugins/com.nxp.mcuxpresso.tools.win32_11.0.1.201907311258/tools/bin/../lib/gcc/arm-none-eabi/8.2.1/../../../../arm-none-eabi/lib/thumb/v6-m/nofp\libcr_c.a(_deferredlazyseek.o) (_fflush)
d:/mcuxpressoide_11.0.1_2563/ide/plugins/com.nxp.mcuxpresso.tools.win32_11.0.1.201907311258/tools/bin/../lib/gcc/arm-none-eabi/8.2.1/../../../../arm-none-eabi/lib/thumb/v6-m/nofp\libcr_c.a(_writebuf.o)
                              d:/mcuxpressoide_11.0.1_2563/ide/plugins/com.nxp.mcuxpresso.tools.win32_11.0.1.201907311258/tools/bin/../lib/gcc/arm-none-eabi/8.2.1/../../../../arm-none-eabi/lib/thumb/v6-m/nofp\libcr_c.a(_deferredlazyseek.o) (_Cwritebuf)
d:/mcuxpressoide_11.0.1_2563/ide/plugins/com.nxp.mcuxpresso.tools.win32_11.0.1.201907311258/tools/bin/../lib/gcc/arm-none-eabi/8.2.1/../../../../arm-none-eabi/lib/thumb/v6-m/nofp\libcr_c.a(alloc.o)
                              ./source/circularbuff.o (malloc)
d:/mcuxpressoide_11.0.1_2563/ide/plugins/com.nxp.mcuxpresso.tools.win32_11.0.1.201907311258/tools/bin/../lib/gcc/arm-none-eabi/8.2.1/../../../../arm-none-eabi/lib/thumb/v6-m/nofp\libcr_c.a(errno.o)
                              d:/mcuxpressoide_11.0.1_2563/ide/plugins/com.nxp.mcuxpresso.tools.win32_11.0.1.201907311258/tools/bin/../lib/gcc/arm-none-eabi/8.2.1/../../../../arm-none-eabi/lib/thumb/v6-m/nofp\libcr_c.a(powf.o) (errno)
d:/mcuxpressoide_11.0.1_2563/ide/plugins/com.nxp.mcuxpresso.tools.win32_11.0.1.201907311258/tools/bin/../lib/gcc/arm-none-eabi/8.2.1/../../../../arm-none-eabi/lib/thumb/v6-m/nofp\libcr_c.a(fputs.o)
[...]
Memory Configuration

Name             Origin             Length             Attributes
PROGRAM_FLASH    0x00000000         0x00020000         xr
SRAM             0x1ffff000         0x00004000         xrw
*default*        0x00000000         0xffffffff

Linker script and memory map

LOAD ./utilities/fsl_debug_console.o
LOAD ./startup/startup_mkl25z4.o
LOAD ./source/adc_dac.o
LOAD ./source/circularbuff.o
LOAD ./source/dma.o
LOAD ./source/logger.o
LOAD ./source/main.o
LOAD ./source/mtb.o
LOAD ./source/semihost_hardfault.o
LOAD ./source/task1.o
LOAD ./source/time_stamp.o
LOAD ./source/wave.o
LOAD ./freertos/croutine.o
LOAD ./freertos/event_groups.o
LOAD ./freertos/fsl_tickless_lptmr.o
LOAD ./freertos/fsl_tickless_systick.o
LOAD ./freertos/heap_4.o
LOAD ./freertos/list.o
LOAD ./freertos/port.o
LOAD ./freertos/queue.o
LOAD ./freertos/tasks.o
LOAD ./freertos/timers.o
LOAD ./drivers/fsl_adc16.o
LOAD ./drivers/fsl_clock.o
LOAD ./drivers/fsl_common.o
LOAD ./drivers/fsl_dac.o
LOAD ./drivers/fsl_dma.o
LOAD ./drivers/fsl_dmamux.o
LOAD ./drivers/fsl_flash.o
LOAD ./drivers/fsl_gpio.o
LOAD ./drivers/fsl_lpsci.o
LOAD ./drivers/fsl_lpsci_freertos.o
LOAD ./drivers/fsl_smc.o
LOAD ./drivers/fsl_uart.o
LOAD ./drivers/fsl_uart_freertos.o
LOAD ./board/board.o
LOAD ./board/clock_config.o
LOAD ./board/peripherals.o
LOAD ./board/pin_mux.o
LOAD ./CMSIS/system_MKL25Z4.o
START GROUP
LOAD d:/mcuxpressoide_11.0.1_2563/ide/plugins/com.nxp.mcuxpresso.tools.win32_11.0.1.201907311258/tools/bin/../lib/gcc/arm-none-eabi/8.2.1/../../../../arm-none-eabi/lib/thumb/v6-m/nofp\libcr_semihost_nf.a
LOAD d:/mcuxpressoide_11.0.1_2563/ide/plugins/com.nxp.mcuxpresso.tools.win32_11.0.1.201907311258/tools/bin/../lib/gcc/arm-none-eabi/8.2.1/../../../../arm-none-eabi/lib/thumb/v6-m/nofp\libcr_c.a
LOAD d:/mcuxpressoide_11.0.1_2563/ide/plugins/com.nxp.mcuxpresso.tools.win32_11.0.1.201907311258/tools/bin/../lib/gcc/arm-none-eabi/8.2.1/thumb/v6-m/nofp\libcr_eabihelpers.a
LOAD d:/mcuxpressoide_11.0.1_2563/ide/plugins/com.nxp.mcuxpresso.tools.win32_11.0.1.201907311258/tools/bin/../lib/gcc/arm-none-eabi/8.2.1/thumb/v6-m/nofp\libgcc.a
END GROUP
                0x00000000                __base_PROGRAM_FLASH = 0x0
                0x00000000                __base_Flash = 0x0
                0x00020000                __top_PROGRAM_FLASH = 0x20000
                0x00020000                __top_Flash = 0x20000
                0x1ffff000                __base_SRAM = 0x1ffff000
                0x1ffff000                __base_RAM = 0x1ffff000
                0x20003000                __top_SRAM = 0x20003000
                0x20003000                __top_RAM = 0x20003000

.text           0x00000000     0x9300
 FILL mask 0xff
                0x00000000                __vectors_start__ = ABSOLUTE (.)
 *(SORT_BY_ALIGNMENT(.isr_vector))
 .isr_vector    0x00000000       0xc0 ./startup/startup_mkl25z4.o
                0x00000000                g_pfnVectors
                0x00000000                __Vectors
                0x000000c0                . = ALIGN (0x4)
                0x000000c0                __section_table_start = .
                0x000000c0                __data_section_table = .
                0x000000c0        0x4 LONG 0x9300 LOADADDR (.data)
                0x000000c4        0x4 LONG 0x1ffff080 ADDR (.data)
                0x000000c8        0x4 LONG 0xc SIZEOF (.data)
                0x000000cc                __data_section_table_end = .
                0x000000cc                __bss_section_table = .
                0x000000cc        0x4 LONG 0x1ffff090 ADDR (.bss)
                0x000000d0        0x4 LONG 0x2ce4 SIZEOF (.bss)
                0x000000d4                __bss_section_table_end = .
                0x000000d4                __section_table_end = .
 *(SORT_BY_ALIGNMENT(.after_vectors*))
 .after_vectors.reset
                0x000000d4       0x4c ./startup/startup_mkl25z4.o
                0x000000d4                ResetISR
 .after_vectors.init_data
                0x00000120       0x12 ./startup/startup_mkl25z4.o
                0x00000120                data_init
 .after_vectors.init_bss
                0x00000132       0x10 ./startup/startup_mkl25z4.o
                0x00000132                bss_init
 .after_vectors
                0x00000142      0x10c ./startup/startup_mkl25z4.o
                0x00000142                NMI_Handler
                0x0000014c                I2C0_DriverIRQHandler
                0x0000014c                SPI1_DriverIRQHandler
                0x0000014c                LPTMR0_DriverIRQHandler
                0x0000014c                Reserved39_DriverIRQHandler
                0x0000014c                PIT_DriverIRQHandler
                0x0000014c                PORTD_DriverIRQHandler
                0x0000014c                CMP0_DriverIRQHandler
                0x0000014c                ADC0_DriverIRQHandler
                0x0000014c                TPM2_DriverIRQHandler
                0x0000014c                SPI0_DriverIRQHandler
                0x0000014c                I2C1_DriverIRQHandler
                0x0000014c                TSI0_DriverIRQHandler
                0x0000014c                RTC_Seconds_DriverIRQHandler
                0x0000014c                TPM0_DriverIRQHandler
                0x0000014c                RTC_DriverIRQHandler
                0x0000014c                LLWU_DriverIRQHandler
                0x0000014c                MCG_DriverIRQHandler
                0x0000014c                TPM1_DriverIRQHandler
                0x0000014c                PORTA_DriverIRQHandler
                0x0000014c                Reserved45_DriverIRQHandler
                0x0000014c                FTFA_DriverIRQHandler
                0x0000014c                IntDefaultHandler
                0x0000014c                USB0_DriverIRQHandler
                0x0000014c                DAC0_DriverIRQHandler
                0x0000014c                Reserved20_DriverIRQHandler
                0x0000014c                LVD_LVW_DriverIRQHandler
                0x0000014e                DMA0_IRQHandler
                0x00000156                DMA1_IRQHandler
                0x0000015e                DMA2_IRQHandler
                0x00000166                DMA3_IRQHandler
                0x0000016e                Reserved20_IRQHandler
                0x00000176                FTFA_IRQHandler
                0x0000017e                LVD_LVW_IRQHandler
                0x00000186                LLWU_IRQHandler
                0x0000018e                I2C0_IRQHandler
                0x00000196                I2C1_IRQHandler
                0x0000019e                SPI0_IRQHandler
                0x000001a6                SPI1_IRQHandler
                0x000001ae                UART0_IRQHandler
                0x000001b6                UART1_IRQHandler
                0x000001be                UART2_IRQHandler
                0x000001c6                ADC0_IRQHandler
                0x000001ce                CMP0_IRQHandler
                0x000001d6                TPM0_IRQHandler
                0x000001de                TPM1_IRQHandler
                0x000001e6                TPM2_IRQHandler
                0x000001ee                RTC_IRQHandler
                0x000001f6                RTC_Seconds_IRQHandler
                0x000001fe                PIT_IRQHandler
                0x00000206                Reserved39_IRQHandler
                0x0000020e                USB0_IRQHandler
                0x00000216                DAC0_IRQHandler
                0x0000021e                TSI0_IRQHandler
                0x00000226                MCG_IRQHandler
                0x0000022e                LPTMR0_IRQHandler
                0x00000236                Reserved45_IRQHandler
                0x0000023e                PORTA_IRQHandler
                0x00000246                PORTD_IRQHandler
                0x00000400                . = 0x400
 *fill*         0x0000024e      0x1b2 ff
                0x00000400                PROVIDE (__FLASH_CONFIG_START__ = .)
 *(SORT_BY_ALIGNMENT(.FlashConfig))
 .FlashConfig   0x00000400       0x10 ./startup/startup_mkl25z4.o
                0x00000400                Flash_Config
                0x00000410                PROVIDE (__FLASH_CONFIG_END__ = .)
                0x00000001                ASSERT (! ((__FLASH_CONFIG_START__ == __FLASH_CONFIG_END__)), Linker Flash Config Support Enabled, but no .FlashConfig section provided within application)
 *(SORT_BY_ALIGNMENT(.text*))
 .text.vPortStartFirstTask
                0x00000410       0x38 ./freertos/port.o
 *fill*         0x00000448        0x8 ff
 .text.PendSV_Handler
                0x00000450       0x48 ./freertos/port.o
                0x00000450                PendSV_Handler
 .text.DbgConsole_Init
                0x00000498       0xf0 ./utilities/fsl_debug_console.o
                0x00000498                DbgConsole_Init
 .text.__sys_write
                0x00000588       0x58 ./utilities/fsl_debug_console.o
                0x00000588                __sys_write
 .text.ADC16_GetChannelConversionValue
                0x000005e0       0x30 ./source/adc_dac.o
 .text.initialize_dac
                0x00000610       0x48 ./source/adc_dac.o
                0x00000610                initialize_dac
 .text.initialize_adc
                0x00000658       0x54 ./source/adc_dac.o
                0x00000658                initialize_adc
 .text.dac_write
                0x000006ac       0x34 ./source/adc_dac.o
                0x000006ac                dac_write
 .text.adc_read
                0x000006e0       0x40 ./source/adc_dac.o
                0x000006e0                adc_read
 .text.DMAMUX_EnableChannel
                0x00000720       0x40 ./source/dma.o
 .text.DMAMUX_SetSource
                0x00000760       0x50 ./source/dma.o
 .text.dma_init
                0x000007b0       0x44 ./source/dma.o
                0x000007b0                dma_init
 .text.main     0x000007f4       0x9c ./source/main.o
                0x000007f4                main
 .text.HardFault_Handler
                0x00000890       0x30 ./source/semihost_hardfault.o
                0x00000890                HardFault_Handler
 .text.DMA_StartTransfer
                0x000008c0       0x54 ./source/task1.o
 .text.updateTime
                0x00000914       0x18 ./source/task1.o
                0x00000914                updateTime
 .text.dac_task
                0x0000092c       0x58 ./source/task1.o
                0x0000092c                dac_task
 .text.adc_task
                0x00000984      0x11c ./source/task1.o
                0x00000984                adc_task
 .text.start_dsp
                0x00000aa0      0x24c ./source/task1.o
                0x00000aa0                start_dsp
 .text.DMA_Callback
                0x00000cec       0x1c ./source/task1.o
                0x00000cec                DMA_Callback
 .text.SysTick_Handler
                0x00000d08       0x24 ./source/time_stamp.o
                0x00000d08                SysTick_Handler
 .text.sine_lookup_generate
                0x00000d2c       0xcc ./source/wave.o
                0x00000d2c                sine_lookup_generate
 .text.get_next_val
                0x00000df8       0x30 ./source/wave.o
                0x00000df8                get_next_val
 .text.prvSetupTimerInterrupt
                0x00000e28       0x40 ./freertos/fsl_tickless_lptmr.o
                0x00000e28                prvSetupTimerInterrupt
 .text.pvPortMalloc
                0x00000e68      0x14c ./freertos/heap_4.o
                0x00000e68                pvPortMalloc
 .text.vPortFree
                0x00000fb4       0x90 ./freertos/heap_4.o
                0x00000fb4                vPortFree
 .text.prvHeapInit
                0x00001044       0xc0 ./freertos/heap_4.o
 .text.prvInsertBlockIntoFreeList
                0x00001104       0xb0 ./freertos/heap_4.o
 .text.pxPortInitialiseStack
                0x000011b4       0x54 ./freertos/port.o
                0x000011b4                pxPortInitialiseStack
 .text.prvTaskExitError
                0x00001208       0x18 ./freertos/port.o
 .text.xPortStartScheduler
                0x00001220       0x44 ./freertos/port.o
                0x00001220                xPortStartScheduler
 .text.vPortEndScheduler
                0x00001264       0x20 ./freertos/port.o
                0x00001264                vPortEndScheduler
 .text.vPortYield
                0x00001284       0x20 ./freertos/port.o
                0x00001284                vPortYield
 .text.vPortEnterCritical
                0x000012a4       0x24 ./freertos/port.o
                0x000012a4                vPortEnterCritical
 .text.vPortExitCritical
                0x000012c8       0x30 ./freertos/port.o
                0x000012c8                vPortExitCritical
 .text.vQueueAddToRegistry
                0x000012f8       0x50 ./freertos/queue.o
                0x000012f8                vQueueAddToRegistry
 .text.prvInitialiseNewTask
                0x00001348      0x12c ./freertos/tasks.o
 .text.prvAddNewTaskToReadyList
                0x00001474       0xd0 ./freertos/tasks.o
 .text.vTaskSuspend
                0x00001544       0xb8 ./freertos/tasks.o
                0x00001544                vTaskSuspend
 .text.vTaskStartScheduler
                0x000015fc       0x78 ./freertos/tasks.o
                0x000015fc                vTaskStartScheduler
 .text.vTaskEndScheduler
                0x00001674       0x1c ./freertos/tasks.o
                0x00001674                vTaskEndScheduler
 .text.vTaskSuspendAll
                0x00001690       0x18 ./freertos/tasks.o
                0x00001690                vTaskSuspendAll
 .text.xTaskResumeAll
                0x000016a8      0x118 ./freertos/tasks.o
                0x000016a8                xTaskResumeAll
 .text.xTaskGetTickCount
                0x000017c0       0x1c ./freertos/tasks.o
                0x000017c0                xTaskGetTickCount
 .text.xTaskIncrementTick
                0x000017dc      0x14c ./freertos/tasks.o
                0x000017dc                xTaskIncrementTick
 .text.vTaskSwitchContext
                0x00001928       0xa4 ./freertos/tasks.o
                0x00001928                vTaskSwitchContext
 .text.vTaskPlaceOnEventList
                0x000019cc       0x3c ./freertos/tasks.o
                0x000019cc                vTaskPlaceOnEventList
 .text.vTaskPlaceOnEventListRestricted
                0x00001a08       0x4c ./freertos/tasks.o
                0x00001a08                vTaskPlaceOnEventListRestricted
 .text.xTaskRemoveFromEventList
                0x00001a54       0xb8 ./freertos/tasks.o
                0x00001a54                xTaskRemoveFromEventList
 .text.vTaskSetTimeOutState
                0x00001b0c       0x34 ./freertos/tasks.o
                0x00001b0c                vTaskSetTimeOutState
 .text.xTaskCheckForTimeOut
                0x00001b40       0x9c ./freertos/tasks.o
                0x00001b40                xTaskCheckForTimeOut
 .text.vTaskMissedYield
                0x00001bdc       0x14 ./freertos/tasks.o
                0x00001bdc                vTaskMissedYield
 .text.prvIdleTask
                0x00001bf0       0x20 ./freertos/tasks.o
 .text.prvInitialiseTaskLists
                0x00001c10       0x88 ./freertos/tasks.o
 .text.prvCheckTasksWaitingTermination
                0x00001c98       0x74 ./freertos/tasks.o
 .text.prvResetNextTaskUnblockTime
                0x00001d0c       0x48 ./freertos/tasks.o
 .text.xTaskGetSchedulerState
                0x00001d54       0x38 ./freertos/tasks.o
                0x00001d54                xTaskGetSchedulerState
 .text.vTaskPriorityInherit
                0x00001d8c       0xbc ./freertos/tasks.o
                0x00001d8c                vTaskPriorityInherit
 .text.xTaskPriorityDisinherit
                0x00001e48       0xb8 ./freertos/tasks.o
                0x00001e48                xTaskPriorityDisinherit
 .text.pvTaskIncrementMutexHeldCount
                0x00001f00       0x24 ./freertos/tasks.o
                0x00001f00                pvTaskIncrementMutexHeldCount
 .text.prvAddCurrentTaskToDelayedList
                0x00001f24       0xa8 ./freertos/tasks.o
 .text.xTimerCreateTimerTask
                0x00001fcc       0x54 ./freertos/timers.o
                0x00001fcc                xTimerCreateTimerTask
 .text.xTimerGenericCommand
                0x00002020       0x94 ./freertos/timers.o
                0x00002020                xTimerGenericCommand
 .text.prvProcessExpiredTimer
                0x000020b4       0x70 ./freertos/timers.o
 .text.prvProcessTimerOrBlockTask
                0x00002124       0x8c ./freertos/timers.o
 .text.prvGetNextExpireTime
                0x000021b0       0x40 ./freertos/timers.o
 .text.prvSampleTimeNow
                0x000021f0       0x40 ./freertos/timers.o
 .text.prvInsertTimerInActiveList
                0x00002230       0x84 ./freertos/timers.o
 .text.prvProcessReceivedCommands
                0x000022b4      0x124 ./freertos/timers.o
 .text.prvSwitchTimerLists
                0x000023d8       0xb4 ./freertos/timers.o
 .text.prvCheckForValidListAndQueue
                0x0000248c       0x74 ./freertos/timers.o
 .text.CLOCK_EnableClock
                0x00002500       0x34 ./drivers/fsl_adc16.o
 .text.ADC16_GetInstance
                0x00002534       0x48 ./drivers/fsl_adc16.o
 .text.ADC16_Init
                0x0000257c      0x114 ./drivers/fsl_adc16.o
                0x0000257c                ADC16_Init
 .text.ADC16_GetDefaultConfig
                0x00002690       0x58 ./drivers/fsl_adc16.o
                0x00002690                ADC16_GetDefaultConfig
 .text.ADC16_SetChannelConfig
                0x000026e8       0x6c ./drivers/fsl_adc16.o
                0x000026e8                ADC16_SetChannelConfig
 .text.ADC16_GetChannelStatusFlags
                0x00002754       0x40 ./drivers/fsl_adc16.o
                0x00002754                ADC16_GetChannelStatusFlags
 .text.CLOCK_SetEr32kClock
                0x00002794       0x34 ./drivers/fsl_clock.o
 .text.CLOCK_SetPllFllSelClock
                0x000027c8       0x38 ./drivers/fsl_clock.o
 .text.CLOCK_GetMcgExtClkFreq
                0x00002800       0x28 ./drivers/fsl_clock.o
 .text.CLOCK_GetFllExtRefClkFreq
                0x00002828       0xa4 ./drivers/fsl_clock.o
 .text.CLOCK_GetFllRefClkFreq
                0x000028cc       0x2c ./drivers/fsl_clock.o
 .text.CLOCK_GetOscRangeFromFreq
                0x000028f8       0x4c ./drivers/fsl_clock.o
 .text.CLOCK_GetPllFllSelClkFreq
                0x00002944       0x4c ./drivers/fsl_clock.o
                0x00002944                CLOCK_GetPllFllSelClkFreq
 .text.CLOCK_SetSimConfig
                0x00002990       0x38 ./drivers/fsl_clock.o
                0x00002990                CLOCK_SetSimConfig
 .text.CLOCK_GetFllFreq
                0x000029c8       0x84 ./drivers/fsl_clock.o
                0x000029c8                CLOCK_GetFllFreq
 .text.CLOCK_GetPll0Freq
                0x00002a4c       0x70 ./drivers/fsl_clock.o
                0x00002a4c                CLOCK_GetPll0Freq
 .text.CLOCK_SetInternalRefClkConfig
                0x00002abc      0x124 ./drivers/fsl_clock.o
                0x00002abc                CLOCK_SetInternalRefClkConfig
 .text.CLOCK_EnablePll0
                0x00002be0       0x90 ./drivers/fsl_clock.o
                0x00002be0                CLOCK_EnablePll0
 .text.CLOCK_InitOsc0
                0x00002c70       0x94 ./drivers/fsl_clock.o
                0x00002c70                CLOCK_InitOsc0
 .text.CLOCK_SetPbeMode
                0x00002d04       0xb0 ./drivers/fsl_clock.o
                0x00002d04                CLOCK_SetPbeMode
 .text.CLOCK_BootToPeeMode
                0x00002db4       0x70 ./drivers/fsl_clock.o
                0x00002db4                CLOCK_BootToPeeMode
 .text.CLOCK_EnableClock
                0x00002e24       0x34 ./drivers/fsl_dac.o
 .text.DAC_GetInstance
                0x00002e58       0x48 ./drivers/fsl_dac.o
 .text.DAC_Init
                0x00002ea0       0x80 ./drivers/fsl_dac.o
                0x00002ea0                DAC_Init
 .text.DAC_GetDefaultConfig
                0x00002f20       0x30 ./drivers/fsl_dac.o
                0x00002f20                DAC_GetDefaultConfig
 .text.DAC_SetBufferValue
                0x00002f50       0x64 ./drivers/fsl_dac.o
                0x00002f50                DAC_SetBufferValue
 .text.DAC_SetBufferReadPointer
                0x00002fb4       0x60 ./drivers/fsl_dac.o
                0x00002fb4                DAC_SetBufferReadPointer
 .text.NVIC_EnableIRQ
                0x00003014       0x2c ./drivers/fsl_dma.o
 .text.CLOCK_EnableClock
                0x00003040       0x34 ./drivers/fsl_dma.o
 .text.DMA_EnableInterrupts
                0x00003074       0x4c ./drivers/fsl_dma.o
 .text.DMA_ClearChannelStatusFlags
                0x000030c0       0x54 ./drivers/fsl_dma.o
 .text.DMA_GetInstance
                0x00003114       0x48 ./drivers/fsl_dma.o
 .text.DMA_Init
                0x0000315c       0x24 ./drivers/fsl_dma.o
                0x0000315c                DMA_Init
 .text.DMA_ResetChannel
                0x00003180       0x90 ./drivers/fsl_dma.o
                0x00003180                DMA_ResetChannel
 .text.DMA_SetTransferConfig
                0x00003210       0xdc ./drivers/fsl_dma.o
                0x00003210                DMA_SetTransferConfig
 .text.DMA_CreateHandle
                0x000032ec       0x90 ./drivers/fsl_dma.o
                0x000032ec                DMA_CreateHandle
 .text.DMA_PrepareTransfer
                0x0000337c      0x130 ./drivers/fsl_dma.o
                0x0000337c                DMA_PrepareTransfer
 .text.DMA_SetCallback
                0x000034ac       0x34 ./drivers/fsl_dma.o
                0x000034ac                DMA_SetCallback
 .text.DMA_SubmitTransfer
                0x000034e0       0x9c ./drivers/fsl_dma.o
                0x000034e0                DMA_SubmitTransfer
 .text.DMA_HandleIRQ
                0x0000357c       0x4c ./drivers/fsl_dma.o
                0x0000357c                DMA_HandleIRQ
 .text.DMA0_DriverIRQHandler
                0x000035c8       0x18 ./drivers/fsl_dma.o
                0x000035c8                DMA0_DriverIRQHandler
 .text.DMA1_DriverIRQHandler
                0x000035e0       0x18 ./drivers/fsl_dma.o
                0x000035e0                DMA1_DriverIRQHandler
 .text.DMA2_DriverIRQHandler
                0x000035f8       0x18 ./drivers/fsl_dma.o
                0x000035f8                DMA2_DriverIRQHandler
 .text.DMA3_DriverIRQHandler
                0x00003610       0x18 ./drivers/fsl_dma.o
                0x00003610                DMA3_DriverIRQHandler
 .text.CLOCK_EnableClock
                0x00003628       0x34 ./drivers/fsl_dmamux.o
 .text.DMAMUX_GetInstance
                0x0000365c       0x48 ./drivers/fsl_dmamux.o
 .text.DMAMUX_Init
                0x000036a4       0x24 ./drivers/fsl_dmamux.o
                0x000036a4                DMAMUX_Init
 .text.CLOCK_EnableClock
                0x000036c8       0x34 ./drivers/fsl_lpsci.o
 .text.LPSCI_GetInstance
                0x000036fc       0x48 ./drivers/fsl_lpsci.o
                0x000036fc                LPSCI_GetInstance
 .text.LPSCI_Init
                0x00003744      0x258 ./drivers/fsl_lpsci.o
                0x00003744                LPSCI_Init
 .text.LPSCI_GetDefaultConfig
                0x0000399c       0x44 ./drivers/fsl_lpsci.o
                0x0000399c                LPSCI_GetDefaultConfig
 .text.LPSCI_ClearStatusFlags
                0x000039e0       0x94 ./drivers/fsl_lpsci.o
                0x000039e0                LPSCI_ClearStatusFlags
 .text.LPSCI_WriteBlocking
                0x00003a74       0x4c ./drivers/fsl_lpsci.o
                0x00003a74                LPSCI_WriteBlocking
 .text.LPSCI_ReadBlocking
                0x00003ac0       0xc0 ./drivers/fsl_lpsci.o
                0x00003ac0                LPSCI_ReadBlocking
 .text.UART0_DriverIRQHandler
                0x00003b80       0x24 ./drivers/fsl_lpsci.o
                0x00003b80                UART0_DriverIRQHandler
 .text.CLOCK_EnableClock
                0x00003ba4       0x34 ./drivers/fsl_uart.o
 .text.UART_GetInstance
                0x00003bd8       0x54 ./drivers/fsl_uart.o
                0x00003bd8                UART_GetInstance
 .text.UART_Init
                0x00003c2c      0x1e0 ./drivers/fsl_uart.o
                0x00003c2c                UART_Init
 .text.UART_GetDefaultConfig
                0x00003e0c       0x44 ./drivers/fsl_uart.o
                0x00003e0c                UART_GetDefaultConfig
 .text.UART_ReadBlocking
                0x00003e50       0x98 ./drivers/fsl_uart.o
                0x00003e50                UART_ReadBlocking
 .text.UART1_DriverIRQHandler
                0x00003ee8       0x24 ./drivers/fsl_uart.o
                0x00003ee8                UART1_DriverIRQHandler
 .text.UART2_DriverIRQHandler
                0x00003f0c       0x24 ./drivers/fsl_uart.o
                0x00003f0c                UART2_DriverIRQHandler
 .text.CLOCK_SetLpsci0Clock
                0x00003f30       0x38 ./board/board.o
 .text.BOARD_InitDebugConsole
                0x00003f68       0x30 ./board/board.o
                0x00003f68                BOARD_InitDebugConsole
 .text.CLOCK_SetSimSafeDivs
                0x00003f98       0x20 ./board/clock_config.o
 .text.CLOCK_SetXtal0Freq
                0x00003fb8       0x1c ./board/clock_config.o
 .text.CLOCK_CONFIG_SetFllExtRefDiv
                0x00003fd4       0x3c ./board/clock_config.o
 .text.BOARD_BootClockRUN
                0x00004010       0x64 ./board/clock_config.o
                0x00004010                BOARD_BootClockRUN
 .text.CLOCK_EnableClock
                0x00004074       0x34 ./board/pin_mux.o
 .text.PORT_SetPinMux
                0x000040a8       0x40 ./board/pin_mux.o
 .text.BOARD_InitPins
                0x000040e8       0x84 ./board/pin_mux.o
                0x000040e8                BOARD_InitPins
 .text.SystemInit
                0x0000416c       0x18 ./CMSIS/system_MKL25Z4.o
                0x0000416c                SystemInit
 .text.__assertion_failed
                0x00004184       0x4c d:/mcuxpressoide_11.0.1_2563/ide/plugins/com.nxp.mcuxpresso.tools.win32_11.0.1.201907311258/tools/bin/../lib/gcc/arm-none-eabi/8.2.1/../../../../arm-none-eabi/lib/thumb/v6-m/nofp\libcr_semihost_nf.a(_cr_assert.o)
                0x00004184                __assertion_failed
 .text.__sys_appexit
                0x000041d0        0xc d:/mcuxpressoide_11.0.1_2563/ide/plugins/com.nxp.mcuxpresso.tools.win32_11.0.1.201907311258/tools/bin/../lib/gcc/arm-none-eabi/8.2.1/../../../../arm-none-eabi/lib/thumb/v6-m/nofp\libcr_semihost_nf.a(__sys_appexit.o)
                0x000041d0                __sys_appexit
                0x000041d0                __exit
 .text.powf     0x000041dc      0x2ec d:/mcuxpressoide_11.0.1_2563/ide/plugins/com.nxp.mcuxpresso.tools.win32_11.0.1.201907311258/tools/bin/../lib/gcc/arm-none-eabi/8.2.1/../../../../arm-none-eabi/lib/thumb/v6-m/nofp\libcr_c.a(powf.o)
                0x000041dc                powf
 .text.sqrtf    0x000044c8       0xb8 d:/mcuxpressoide_11.0.1_2563/ide/plugins/com.nxp.mcuxpresso.tools.win32_11.0.1.201907311258/tools/bin/../lib/gcc/arm-none-eabi/8.2.1/../../../../arm-none-eabi/lib/thumb/v6-m/nofp\libcr_c.a(sqrtf.o)
                0x000044c8                sqrtf
 .text._deferredlazyseek
                0x00004580       0x40 d:/mcuxpressoide_11.0.1_2563/ide/plugins/com.nxp.mcuxpresso.tools.win32_11.0.1.201907311258/tools/bin/../lib/gcc/arm-none-eabi/8.2.1/../../../../arm-none-eabi/lib/thumb/v6-m/nofp\libcr_c.a(_deferredlazyseek.o)
                0x00004580                _deferredlazyseek
 .text.__flsbuf
                0x000045c0      0x14c d:/mcuxpressoide_11.0.1_2563/ide/plugins/com.nxp.mcuxpresso.tools.win32_11.0.1.201907311258/tools/bin/../lib/gcc/arm-none-eabi/8.2.1/../../../../arm-none-eabi/lib/thumb/v6-m/nofp\libcr_c.a(_deferredlazyseek.o)
                0x000045c0                __flsbuf
 .text._fflush  0x0000470c       0x5c d:/mcuxpressoide_11.0.1_2563/ide/plugins/com.nxp.mcuxpresso.tools.win32_11.0.1.201907311258/tools/bin/../lib/gcc/arm-none-eabi/8.2.1/../../../../arm-none-eabi/lib/thumb/v6-m/nofp\libcr_c.a(_fflush.o)
                0x0000470c                _fflush
 .text._Cwritebuf
                0x00004768       0x68 d:/mcuxpressoide_11.0.1_2563/ide/plugins/com.nxp.mcuxpresso.tools.win32_11.0.1.201907311258/tools/bin/../lib/gcc/arm-none-eabi/8.2.1/../../../../arm-none-eabi/lib/thumb/v6-m/nofp\libcr_c.a(_writebuf.o)
                0x00004768                _Cwritebuf
 .text.malloc   0x000047d0       0xcc d:/mcuxpressoide_11.0.1_2563/ide/plugins/com.nxp.mcuxpresso.tools.win32_11.0.1.201907311258/tools/bin/../lib/gcc/arm-none-eabi/8.2.1/../../../../arm-none-eabi/lib/thumb/v6-m/nofp\libcr_c.a(alloc.o)
                0x000047d0                malloc
 .text._Csys_alloc
                0x0000489c       0x20 d:/mcuxpressoide_11.0.1_2563/ide/plugins/com.nxp.mcuxpresso.tools.win32_11.0.1.201907311258/tools/bin/../lib/gcc/arm-none-eabi/8.2.1/../../../../arm-none-eabi/lib/thumb/v6-m/nofp\libcr_c.a(alloc.o)
                0x0000489c                _Csys_alloc
 .text.fseek    0x000048bc       0xf0 d:/mcuxpressoide_11.0.1_2563/ide/plugins/com.nxp.mcuxpresso.tools.win32_11.0.1.201907311258/tools/bin/../lib/gcc/arm-none-eabi/8.2.1/../../../../arm-none-eabi/lib/thumb/v6-m/nofp\libcr_c.a(fseek.o)
                0x000048bc                fseek
 .text.ftell    0x000049ac       0x48 d:/mcuxpressoide_11.0.1_2563/ide/plugins/com.nxp.mcuxpresso.tools.win32_11.0.1.201907311258/tools/bin/../lib/gcc/arm-none-eabi/8.2.1/../../../../arm-none-eabi/lib/thumb/v6-m/nofp\libcr_c.a(ftell.o)
                0x000049ac                ftell
 .text._initio  0x000049f4       0x7c d:/mcuxpressoide_11.0.1_2563/ide/plugins/com.nxp.mcuxpresso.tools.win32_11.0.1.201907311258/tools/bin/../lib/gcc/arm-none-eabi/8.2.1/../../../../arm-none-eabi/lib/thumb/v6-m/nofp\libcr_c.a(initio.o)
                0x000049f4                _initio
 .text.__vfprintf
                0x00004a70      0xcd8 d:/mcuxpressoide_11.0.1_2563/ide/plugins/com.nxp.mcuxpresso.tools.win32_11.0.1.201907311258/tools/bin/../lib/gcc/arm-none-eabi/8.2.1/../../../../arm-none-eabi/lib/thumb/v6-m/nofp\libcr_c.a(printf.o)
                0x00004a70                __vfprintf
 .text._vsnprintf
                0x00005748       0x70 d:/mcuxpressoide_11.0.1_2563/ide/plugins/com.nxp.mcuxpresso.tools.win32_11.0.1.201907311258/tools/bin/../lib/gcc/arm-none-eabi/8.2.1/../../../../arm-none-eabi/lib/thumb/v6-m/nofp\libcr_c.a(printf.o)
                0x00005748                _vsnprintf
 .text._printf  0x000057b8       0x50 d:/mcuxpressoide_11.0.1_2563/ide/plugins/com.nxp.mcuxpresso.tools.win32_11.0.1.201907311258/tools/bin/../lib/gcc/arm-none-eabi/8.2.1/../../../../arm-none-eabi/lib/thumb/v6-m/nofp\libcr_c.a(printf.o)
                0x000057b8                _printf
 .text.setvbuf  0x00005808       0x4c d:/mcuxpressoide_11.0.1_2563/ide/plugins/com.nxp.mcuxpresso.tools.win32_11.0.1.201907311258/tools/bin/../lib/gcc/arm-none-eabi/8.2.1/../../../../arm-none-eabi/lib/thumb/v6-m/nofp\libcr_c.a(setvbuf.o)
                0x00005808                setvbuf
 .text.strlen   0x00005854       0x58 d:/mcuxpressoide_11.0.1_2563/ide/plugins/com.nxp.mcuxpresso.tools.win32_11.0.1.201907311258/tools/bin/../lib/gcc/arm-none-eabi/8.2.1/../../../../arm-none-eabi/lib/thumb/v6-m/nofp\libcr_c.a(strlen.o)
                0x00005854                strlen
 .text.frexpf   0x000058ac       0x58 d:/mcuxpressoide_11.0.1_2563/ide/plugins/com.nxp.mcuxpresso.tools.win32_11.0.1.201907311258/tools/bin/../lib/gcc/arm-none-eabi/8.2.1/../../../../arm-none-eabi/lib/thumb/v6-m/nofp\libcr_c.a(frexpf.o)
                0x000058ac                frexpf
 .text.ldexpf   0x00005904       0x40 d:/mcuxpressoide_11.0.1_2563/ide/plugins/com.nxp.mcuxpresso.tools.win32_11.0.1.201907311258/tools/bin/../lib/gcc/arm-none-eabi/8.2.1/../../../../arm-none-eabi/lib/thumb/v6-m/nofp\libcr_c.a(ldexpf.o)
                0x00005904                ldexpf
 .text._sbrk    0x00005944       0x40 d:/mcuxpressoide_11.0.1_2563/ide/plugins/com.nxp.mcuxpresso.tools.win32_11.0.1.201907311258/tools/bin/../lib/gcc/arm-none-eabi/8.2.1/../../../../arm-none-eabi/lib/thumb/v6-m/nofp\libcr_c.a(_cr_sbrk.o)
                0x00005944                _sbrk
 .text._fdopen  0x00005984       0x74 d:/mcuxpressoide_11.0.1_2563/ide/plugins/com.nxp.mcuxpresso.tools.win32_11.0.1.201907311258/tools/bin/../lib/gcc/arm-none-eabi/8.2.1/../../../../arm-none-eabi/lib/thumb/v6-m/nofp\libcr_c.a(_fdopen.o)
                0x00005984                _fdopen
 .text._sincos  0x000059f8      0x1dc d:/mcuxpressoide_11.0.1_2563/ide/plugins/com.nxp.mcuxpresso.tools.win32_11.0.1.201907311258/tools/bin/../lib/gcc/arm-none-eabi/8.2.1/../../../../arm-none-eabi/lib/thumb/v6-m/nofp\libcr_c.a(_sincos.o)
                0x000059f8                _sincos
 .text.fclose   0x00005bd4       0x5c d:/mcuxpressoide_11.0.1_2563/ide/plugins/com.nxp.mcuxpresso.tools.win32_11.0.1.201907311258/tools/bin/../lib/gcc/arm-none-eabi/8.2.1/../../../../arm-none-eabi/lib/thumb/v6-m/nofp\libcr_c.a(fclose.o)
                0x00005bd4                fclose
 .text.fflush   0x00005c30       0x44 d:/mcuxpressoide_11.0.1_2563/ide/plugins/com.nxp.mcuxpresso.tools.win32_11.0.1.201907311258/tools/bin/../lib/gcc/arm-none-eabi/8.2.1/../../../../arm-none-eabi/lib/thumb/v6-m/nofp\libcr_c.a(fflush.o)
                0x00005c30                fflush
 .text.__check_heap_overflow
                0x00005c74       0x14 d:/mcuxpressoide_11.0.1_2563/ide/plugins/com.nxp.mcuxpresso.tools.win32_11.0.1.201907311258/tools/bin/../lib/gcc/arm-none-eabi/8.2.1/../../../../arm-none-eabi/lib/thumb/v6-m/nofp\libcr_c.a(_cr_check_heap.o)
                0x00005c74                __check_heap_overflow
 .text._do_fflush
                0x00005c88       0x44 d:/mcuxpressoide_11.0.1_2563/ide/plugins/com.nxp.mcuxpresso.tools.win32_11.0.1.201907311258/tools/bin/../lib/gcc/arm-none-eabi/8.2.1/../../../../arm-none-eabi/lib/thumb/v6-m/nofp\libcr_c.a(_do_fflush.o)
                0x00005c88                _do_fflush
 .text.__aeabi_dmul
                0x00005ccc      0x188 d:/mcuxpressoide_11.0.1_2563/ide/plugins/com.nxp.mcuxpresso.tools.win32_11.0.1.201907311258/tools/bin/../lib/gcc/arm-none-eabi/8.2.1/thumb/v6-m/nofp\libcr_eabihelpers.a(double.o)
                0x00005ccc                __aeabi_dmul
 .text.__aeabi_ddiv
                0x00005e54      0x148 d:/mcuxpressoide_11.0.1_2563/ide/plugins/com.nxp.mcuxpresso.tools.win32_11.0.1.201907311258/tools/bin/../lib/gcc/arm-none-eabi/8.2.1/thumb/v6-m/nofp\libcr_eabihelpers.a(double.o)
                0x00005e54                __aeabi_ddiv
 .text.__aeabi_dsub
                0x00005f9c      0x1c4 d:/mcuxpressoide_11.0.1_2563/ide/plugins/com.nxp.mcuxpresso.tools.win32_11.0.1.201907311258/tools/bin/../lib/gcc/arm-none-eabi/8.2.1/thumb/v6-m/nofp\libcr_eabihelpers.a(double.o)
                0x00005f9c                __aeabi_dsub
 .text.__aeabi_dadd
                0x00006160      0x12c d:/mcuxpressoide_11.0.1_2563/ide/plugins/com.nxp.mcuxpresso.tools.win32_11.0.1.201907311258/tools/bin/../lib/gcc/arm-none-eabi/8.2.1/thumb/v6-m/nofp\libcr_eabihelpers.a(double.o)
                0x00006160                __aeabi_dadd
 .text.__aeabi_d2f
                0x0000628c       0x60 d:/mcuxpressoide_11.0.1_2563/ide/plugins/com.nxp.mcuxpresso.tools.win32_11.0.1.201907311258/tools/bin/../lib/gcc/arm-none-eabi/8.2.1/thumb/v6-m/nofp\libcr_eabihelpers.a(double.o)
                0x0000628c                __aeabi_d2f
 .text.__aeabi_d2iz
                0x000062ec       0x4c d:/mcuxpressoide_11.0.1_2563/ide/plugins/com.nxp.mcuxpresso.tools.win32_11.0.1.201907311258/tools/bin/../lib/gcc/arm-none-eabi/8.2.1/thumb/v6-m/nofp\libcr_eabihelpers.a(double.o)
                0x000062ec                __aeabi_d2iz
 .text.__aeabi_d2uiz
                0x00006338       0x34 d:/mcuxpressoide_11.0.1_2563/ide/plugins/com.nxp.mcuxpresso.tools.win32_11.0.1.201907311258/tools/bin/../lib/gcc/arm-none-eabi/8.2.1/thumb/v6-m/nofp\libcr_eabihelpers.a(double.o)
                0x00006338                __aeabi_d2uiz
 .text.__bhs_ul2d
                0x0000636c       0xb4 d:/mcuxpressoide_11.0.1_2563/ide/plugins/com.nxp.mcuxpresso.tools.win32_11.0.1.201907311258/tools/bin/../lib/gcc/arm-none-eabi/8.2.1/thumb/v6-m/nofp\libcr_eabihelpers.a(double.o)
                0x0000636c                __bhs_ul2d
 .text.__aeabi_dcmplt
                0x00006420       0x60 d:/mcuxpressoide_11.0.1_2563/ide/plugins/com.nxp.mcuxpresso.tools.win32_11.0.1.201907311258/tools/bin/../lib/gcc/arm-none-eabi/8.2.1/thumb/v6-m/nofp\libcr_eabihelpers.a(double.o)
                0x00006420                __aeabi_dcmplt
 .text.__aeabi_dcmple
                0x00006480       0x58 d:/mcuxpressoide_11.0.1_2563/ide/plugins/com.nxp.mcuxpresso.tools.win32_11.0.1.201907311258/tools/bin/../lib/gcc/arm-none-eabi/8.2.1/thumb/v6-m/nofp\libcr_eabihelpers.a(double.o)
                0x00006480                __aeabi_dcmple
 .text.__aeabi_dcmpge
                0x000064d8       0x60 d:/mcuxpressoide_11.0.1_2563/ide/plugins/com.nxp.mcuxpresso.tools.win32_11.0.1.201907311258/tools/bin/../lib/gcc/arm-none-eabi/8.2.1/thumb/v6-m/nofp\libcr_eabihelpers.a(double.o)
                0x000064d8                __aeabi_dcmpge
 .text.__aeabi_fmul
                0x00006538       0xc4 d:/mcuxpressoide_11.0.1_2563/ide/plugins/com.nxp.mcuxpresso.tools.win32_11.0.1.201907311258/tools/bin/../lib/gcc/arm-none-eabi/8.2.1/thumb/v6-m/nofp\libcr_eabihelpers.a(float.o)
                0x00006538                __aeabi_fmul
 .text.__aeabi_fdiv
                0x000065fc       0xdc d:/mcuxpressoide_11.0.1_2563/ide/plugins/com.nxp.mcuxpresso.tools.win32_11.0.1.201907311258/tools/bin/../lib/gcc/arm-none-eabi/8.2.1/thumb/v6-m/nofp\libcr_eabihelpers.a(float.o)
                0x000065fc                __aeabi_fdiv
 .text.__aeabi_fsub
                0x000066d8      0x128 d:/mcuxpressoide_11.0.1_2563/ide/plugins/com.nxp.mcuxpresso.tools.win32_11.0.1.201907311258/tools/bin/../lib/gcc/arm-none-eabi/8.2.1/thumb/v6-m/nofp\libcr_eabihelpers.a(float.o)
                0x000066d8                __aeabi_fsub
 .text.__aeabi_fadd
                0x00006800       0xac d:/mcuxpressoide_11.0.1_2563/ide/plugins/com.nxp.mcuxpresso.tools.win32_11.0.1.201907311258/tools/bin/../lib/gcc/arm-none-eabi/8.2.1/thumb/v6-m/nofp\libcr_eabihelpers.a(float.o)
                0x00006800                __aeabi_fadd
 .text.__aeabi_f2iz
                0x000068ac       0x3c d:/mcuxpressoide_11.0.1_2563/ide/plugins/com.nxp.mcuxpresso.tools.win32_11.0.1.201907311258/tools/bin/../lib/gcc/arm-none-eabi/8.2.1/thumb/v6-m/nofp\libcr_eabihelpers.a(float.o)
                0x000068ac                __aeabi_f2iz
 .text.__aeabi_f2d
                0x000068e8       0x3c d:/mcuxpressoide_11.0.1_2563/ide/plugins/com.nxp.mcuxpresso.tools.win32_11.0.1.201907311258/tools/bin/../lib/gcc/arm-none-eabi/8.2.1/thumb/v6-m/nofp\libcr_eabihelpers.a(float.o)
                0x000068e8                __aeabi_f2d
 .text.UART_EnableTx
                0x00006924       0x40 ./utilities/fsl_debug_console.o
 .text.UART_EnableRx
                0x00006964       0x40 ./utilities/fsl_debug_console.o
 .text.LPSCI_EnableTx
                0x000069a4       0x40 ./utilities/fsl_debug_console.o
 .text.LPSCI_EnableRx
                0x000069e4       0x40 ./utilities/fsl_debug_console.o
 .text.DAC_Enable
                0x00006a24       0x4a ./source/adc_dac.o
 .text.ADC16_EnableHardwareTrigger
                0x00006a6e       0x3a ./source/adc_dac.o
 .text.vListInitialise
                0x00006aa8       0x3c ./freertos/list.o
                0x00006aa8                vListInitialise
 .text.vListInitialiseItem
                0x00006ae4       0x16 ./freertos/list.o
                0x00006ae4                vListInitialiseItem
 .text.vListInsertEnd
                0x00006afa       0x44 ./freertos/list.o
                0x00006afa                vListInsertEnd
 .text.vListInsert
                0x00006b3e       0x6c ./freertos/list.o
                0x00006b3e                vListInsert
 .text.uxListRemove
                0x00006baa       0x50 ./freertos/list.o
                0x00006baa                uxListRemove
 .text.SVC_Handler
                0x00006bfa        0xa ./freertos/port.o
                0x00006bfa                SVC_Handler
 .text.ulSetInterruptMaskFromISR
                0x00006c04        0xc ./freertos/port.o
                0x00006c04                ulSetInterruptMaskFromISR
 .text.vClearInterruptMaskFromISR
                0x00006c10        0x8 ./freertos/port.o
                0x00006c10                vClearInterruptMaskFromISR
 .text.xQueueGenericReset
                0x00006c18       0xa8 ./freertos/queue.o
                0x00006c18                xQueueGenericReset
 .text.xQueueGenericCreate
                0x00006cc0       0x64 ./freertos/queue.o
                0x00006cc0                xQueueGenericCreate
 .text.prvInitialiseNewQueue
                0x00006d24       0x4e ./freertos/queue.o
 .text.xQueueGenericSend
                0x00006d72      0x188 ./freertos/queue.o
                0x00006d72                xQueueGenericSend
 .text.xQueueGenericSendFromISR
                0x00006efa       0xe2 ./freertos/queue.o
                0x00006efa                xQueueGenericSendFromISR
 .text.xQueueGenericReceive
                0x00006fdc      0x1c8 ./freertos/queue.o
                0x00006fdc                xQueueGenericReceive
 .text.prvCopyDataToQueue
                0x000071a4       0xd6 ./freertos/queue.o
 .text.prvCopyDataFromQueue
                0x0000727a       0x4c ./freertos/queue.o
 .text.prvUnlockQueue
                0x000072c6       0xbc ./freertos/queue.o
 .text.prvIsQueueEmpty
                0x00007382       0x2c ./freertos/queue.o
 .text.prvIsQueueFull
                0x000073ae       0x30 ./freertos/queue.o
 .text.vQueueWaitForMessageRestricted
                0x000073de       0x66 ./freertos/queue.o
                0x000073de                vQueueWaitForMessageRestricted
 .text.xTaskCreate
                0x00007444       0x90 ./freertos/tasks.o
                0x00007444                xTaskCreate
 .text.prvDeleteTCB
                0x000074d4       0x22 ./freertos/tasks.o
 .text.prvTimerTask
                0x000074f6       0x28 ./freertos/timers.o
 .text.ADC16_DoAutoCalibration
                0x0000751e      0x118 ./drivers/fsl_adc16.o
                0x0000751e                ADC16_DoAutoCalibration
 .text.ADC16_GetStatusFlags
                0x00007636       0x3a ./drivers/fsl_adc16.o
                0x00007636                ADC16_GetStatusFlags
 .text.OSC_SetExtRefClkConfig
                0x00007670       0x3e ./drivers/fsl_clock.o
 .text.OSC_SetCapLoad
                0x000076ae       0x42 ./drivers/fsl_clock.o
 .text.CLOCK_GetPll0RefFreq
                0x000076f0       0x10 ./drivers/fsl_clock.o
 .text.CLOCK_SetExternalRefClkConfig
                0x00007700       0x16 ./drivers/fsl_clock.o
                0x00007700                CLOCK_SetExternalRefClkConfig
 .text.EnableIRQ
                0x00007716       0x2c ./drivers/fsl_dma.o
 .text.LPSCI_GetStatusFlags
                0x00007742       0x26 ./drivers/fsl_lpsci.o
                0x00007742                LPSCI_GetStatusFlags
 .text.UART_GetStatusFlags
                0x00007768       0x26 ./drivers/fsl_uart.o
                0x00007768                UART_GetStatusFlags
 .text.UART_WriteBlocking
                0x0000778e       0x3a ./drivers/fsl_uart.o
                0x0000778e                UART_WriteBlocking
 .text.__main   0x000077c8        0xc d:/mcuxpressoide_11.0.1_2563/ide/plugins/com.nxp.mcuxpresso.tools.win32_11.0.1.201907311258/tools/bin/../lib/gcc/arm-none-eabi/8.2.1/../../../../arm-none-eabi/lib/thumb/v6-m/nofp\libcr_semihost_nf.a(_cr__main.o)
                0x000077c8                __CR_SEMIHOST
                0x000077c8                __main
 .text.memcpy   0x000077d4        0x8 d:/mcuxpressoide_11.0.1_2563/ide/plugins/com.nxp.mcuxpresso.tools.win32_11.0.1.201907311258/tools/bin/../lib/gcc/arm-none-eabi/8.2.1/../../../../arm-none-eabi/lib/thumb/v6-m/nofp\libcr_c.a(memcpy.o)
                0x000077d4                memcpy
 .text.memset   0x000077dc        0x8 d:/mcuxpressoide_11.0.1_2563/ide/plugins/com.nxp.mcuxpresso.tools.win32_11.0.1.201907311258/tools/bin/../lib/gcc/arm-none-eabi/8.2.1/../../../../arm-none-eabi/lib/thumb/v6-m/nofp\libcr_c.a(memset.o)
                0x000077dc                memset
 .text.free     0x000077e4       0x2c d:/mcuxpressoide_11.0.1_2563/ide/plugins/com.nxp.mcuxpresso.tools.win32_11.0.1.201907311258/tools/bin/../lib/gcc/arm-none-eabi/8.2.1/../../../../arm-none-eabi/lib/thumb/v6-m/nofp\libcr_c.a(alloc.o)
                0x000077e4                free
 .text.fputs    0x00007810       0x2e d:/mcuxpressoide_11.0.1_2563/ide/plugins/com.nxp.mcuxpresso.tools.win32_11.0.1.201907311258/tools/bin/../lib/gcc/arm-none-eabi/8.2.1/../../../../arm-none-eabi/lib/thumb/v6-m/nofp\libcr_c.a(fputs.o)
                0x00007810                fputs
 .text.no_fp_display
                0x0000783e        0x4 d:/mcuxpressoide_11.0.1_2563/ide/plugins/com.nxp.mcuxpresso.tools.win32_11.0.1.201907311258/tools/bin/../lib/gcc/arm-none-eabi/8.2.1/../../../../arm-none-eabi/lib/thumb/v6-m/nofp\libcr_c.a(printf.o)
 .text.sin      0x00007842       0x36 d:/mcuxpressoide_11.0.1_2563/ide/plugins/com.nxp.mcuxpresso.tools.win32_11.0.1.201907311258/tools/bin/../lib/gcc/arm-none-eabi/8.2.1/../../../../arm-none-eabi/lib/thumb/v6-m/nofp\libcr_c.a(sin.o)
                0x00007842                sin
 .text.fabs     0x00007878       0x22 d:/mcuxpressoide_11.0.1_2563/ide/plugins/com.nxp.mcuxpresso.tools.win32_11.0.1.201907311258/tools/bin/../lib/gcc/arm-none-eabi/8.2.1/../../../../arm-none-eabi/lib/thumb/v6-m/nofp\libcr_c.a(fabs.o)
                0x00007878                fabs
 .text.remove   0x0000789a       0x12 d:/mcuxpressoide_11.0.1_2563/ide/plugins/com.nxp.mcuxpresso.tools.win32_11.0.1.201907311258/tools/bin/../lib/gcc/arm-none-eabi/8.2.1/../../../../arm-none-eabi/lib/thumb/v6-m/nofp\libcr_c.a(remove.o)
                0x0000789a                remove
 .text.__aeabi_division_idivmod
                0x000078ac       0x78 d:/mcuxpressoide_11.0.1_2563/ide/plugins/com.nxp.mcuxpresso.tools.win32_11.0.1.201907311258/tools/bin/../lib/gcc/arm-none-eabi/8.2.1/thumb/v6-m/nofp\libcr_eabihelpers.a(division_32.o)
                0x000078ac                __aeabi_idivmod
                0x000078ac                __aeabi_idiv
                0x000078b2                __aeabi_uidivmod
                0x000078b2                __aeabi_uidiv
 .text.__aeabi_division_idiv0
                0x00007924        0x2 d:/mcuxpressoide_11.0.1_2563/ide/plugins/com.nxp.mcuxpresso.tools.win32_11.0.1.201907311258/tools/bin/../lib/gcc/arm-none-eabi/8.2.1/thumb/v6-m/nofp\libcr_eabihelpers.a(division_idiv0.o)
                0x00007924                __aeabi_idiv0
 .text.__bhs_ui2d
                0x00007926       0x5e d:/mcuxpressoide_11.0.1_2563/ide/plugins/com.nxp.mcuxpresso.tools.win32_11.0.1.201907311258/tools/bin/../lib/gcc/arm-none-eabi/8.2.1/thumb/v6-m/nofp\libcr_eabihelpers.a(double.o)
                0x00007926                __bhs_ui2d
 .text.__aeabi_i2d
                0x00007984       0x18 d:/mcuxpressoide_11.0.1_2563/ide/plugins/com.nxp.mcuxpresso.tools.win32_11.0.1.201907311258/tools/bin/../lib/gcc/arm-none-eabi/8.2.1/thumb/v6-m/nofp\libcr_eabihelpers.a(double.o)
                0x00007984                __aeabi_i2d
 .text.__aeabi_ui2d
                0x0000799c        0xc d:/mcuxpressoide_11.0.1_2563/ide/plugins/com.nxp.mcuxpresso.tools.win32_11.0.1.201907311258/tools/bin/../lib/gcc/arm-none-eabi/8.2.1/thumb/v6-m/nofp\libcr_eabihelpers.a(double.o)
                0x0000799c                __aeabi_ui2d
 .text.__aeabi_ul2d
                0x000079a8        0xc d:/mcuxpressoide_11.0.1_2563/ide/plugins/com.nxp.mcuxpresso.tools.win32_11.0.1.201907311258/tools/bin/../lib/gcc/arm-none-eabi/8.2.1/thumb/v6-m/nofp\libcr_eabihelpers.a(double.o)
                0x000079a8                __aeabi_ul2d
 .text.__bhs_ui2f
                0x000079b4       0x62 d:/mcuxpressoide_11.0.1_2563/ide/plugins/com.nxp.mcuxpresso.tools.win32_11.0.1.201907311258/tools/bin/../lib/gcc/arm-none-eabi/8.2.1/thumb/v6-m/nofp\libcr_eabihelpers.a(float.o)
                0x000079b4                __bhs_ui2f
 .text.__aeabi_i2f
                0x00007a16       0x18 d:/mcuxpressoide_11.0.1_2563/ide/plugins/com.nxp.mcuxpresso.tools.win32_11.0.1.201907311258/tools/bin/../lib/gcc/arm-none-eabi/8.2.1/thumb/v6-m/nofp\libcr_eabihelpers.a(float.o)
                0x00007a16                __aeabi_i2f
 .text.__aeabi_fcmpeq
                0x00007a2e       0x20 d:/mcuxpressoide_11.0.1_2563/ide/plugins/com.nxp.mcuxpresso.tools.win32_11.0.1.201907311258/tools/bin/../lib/gcc/arm-none-eabi/8.2.1/thumb/v6-m/nofp\libcr_eabihelpers.a(float.o)
                0x00007a2e                __aeabi_fcmpeq
 .text.__aeabi_fcmplt
                0x00007a4e       0x44 d:/mcuxpressoide_11.0.1_2563/ide/plugins/com.nxp.mcuxpresso.tools.win32_11.0.1.201907311258/tools/bin/../lib/gcc/arm-none-eabi/8.2.1/thumb/v6-m/nofp\libcr_eabihelpers.a(float.o)
                0x00007a4e                __aeabi_fcmplt
 .text.__aeabi_fcmple
                0x00007a92       0x44 d:/mcuxpressoide_11.0.1_2563/ide/plugins/com.nxp.mcuxpresso.tools.win32_11.0.1.201907311258/tools/bin/../lib/gcc/arm-none-eabi/8.2.1/thumb/v6-m/nofp\libcr_eabihelpers.a(float.o)
                0x00007a92                __aeabi_fcmple
 .text.__aeabi_llong_lmul
                0x00007ad6       0x2e d:/mcuxpressoide_11.0.1_2563/ide/plugins/com.nxp.mcuxpresso.tools.win32_11.0.1.201907311258/tools/bin/../lib/gcc/arm-none-eabi/8.2.1/thumb/v6-m/nofp\libcr_eabihelpers.a(llong.o)
                0x00007ad6                __aeabi_lmul
 .text.__aeabi_memcpy
                0x00007b04       0x2c d:/mcuxpressoide_11.0.1_2563/ide/plugins/com.nxp.mcuxpresso.tools.win32_11.0.1.201907311258/tools/bin/../lib/gcc/arm-none-eabi/8.2.1/thumb/v6-m/nofp\libcr_eabihelpers.a(memcpy.o)
                0x00007b04                __aeabi_memcpy4
                0x00007b04                __aeabi_memcpy8
                0x00007b04                __aeabi_memcpy
 .text.__aeabi_memset_lowlevel
                0x00007b30       0x2a d:/mcuxpressoide_11.0.1_2563/ide/plugins/com.nxp.mcuxpresso.tools.win32_11.0.1.201907311258/tools/bin/../lib/gcc/arm-none-eabi/8.2.1/thumb/v6-m/nofp\libcr_eabihelpers.a(memcpy.o)
                0x00007b30                __aeabi_lowlevel_memset
 .text.__sys_close
                0x00007b5a        0xc d:/mcuxpressoide_11.0.1_2563/ide/plugins/com.nxp.mcuxpresso.tools.win32_11.0.1.201907311258/tools/bin/../lib/gcc/arm-none-eabi/8.2.1/../../../../arm-none-eabi/lib/thumb/v6-m/nofp\libcr_semihost_nf.a(__sys_close.o)
                0x00007b5a                __sys_close
 .text.__sys_flen
                0x00007b66        0xc d:/mcuxpressoide_11.0.1_2563/ide/plugins/com.nxp.mcuxpresso.tools.win32_11.0.1.201907311258/tools/bin/../lib/gcc/arm-none-eabi/8.2.1/../../../../arm-none-eabi/lib/thumb/v6-m/nofp\libcr_semihost_nf.a(__sys_flen.o)
                0x00007b66                __sys_flen
 .text.__sys_istty
                0x00007b72        0xc d:/mcuxpressoide_11.0.1_2563/ide/plugins/com.nxp.mcuxpresso.tools.win32_11.0.1.201907311258/tools/bin/../lib/gcc/arm-none-eabi/8.2.1/../../../../arm-none-eabi/lib/thumb/v6-m/nofp\libcr_semihost_nf.a(__sys_istty.o)
                0x00007b72                __sys_istty
 .text.__sys_remove
                0x00007b7e        0xc d:/mcuxpressoide_11.0.1_2563/ide/plugins/com.nxp.mcuxpresso.tools.win32_11.0.1.201907311258/tools/bin/../lib/gcc/arm-none-eabi/8.2.1/../../../../arm-none-eabi/lib/thumb/v6-m/nofp\libcr_semihost_nf.a(__sys_remove.o)
                0x00007b7e                __sys_remove
 .text.__sys_seek
                0x00007b8a        0xc d:/mcuxpressoide_11.0.1_2563/ide/plugins/com.nxp.mcuxpresso.tools.win32_11.0.1.201907311258/tools/bin/../lib/gcc/arm-none-eabi/8.2.1/../../../../arm-none-eabi/lib/thumb/v6-m/nofp\libcr_semihost_nf.a(__sys_seek.o)
                0x00007b8a                __sys_seek
 .text.__sys_tmpnam
                0x00007b96        0xc d:/mcuxpressoide_11.0.1_2563/ide/plugins/com.nxp.mcuxpresso.tools.win32_11.0.1.201907311258/tools/bin/../lib/gcc/arm-none-eabi/8.2.1/../../../../arm-none-eabi/lib/thumb/v6-m/nofp\libcr_semihost_nf.a(__sys_tmpnam.o)
                0x00007b96                __sys_tmpnam
 *(SORT_BY_ALIGNMENT(.rodata) SORT_BY_ALIGNMENT(.rodata.*) SORT_BY_ALIGNMENT(.constdata) SORT_BY_ALIGNMENT(.constdata.*))
 *fill*         0x00007ba2        0x6 ff
 .rodata.a1.3979
                0x00007ba8       0x88 d:/mcuxpressoide_11.0.1_2563/ide/plugins/com.nxp.mcuxpresso.tools.win32_11.0.1.201907311258/tools/bin/../lib/gcc/arm-none-eabi/8.2.1/../../../../arm-none-eabi/lib/thumb/v6-m/nofp\libcr_c.a(powf.o)
 .rodata        0x00007c30       0xaf ./source/adc_dac.o
 *fill*         0x00007cdf        0x1 ff
 .rodata        0x00007ce0      0x12a ./source/dma.o
 *fill*         0x00007e0a        0x2 ff
 .rodata        0x00007e0c       0x48 ./source/main.o
 .rodata        0x00007e54      0x1e5 ./source/task1.o
 *fill*         0x00008039        0x3 ff
 .rodata        0x0000803c       0x32 ./source/wave.o
 *fill*         0x0000806e        0x2 ff
 .rodata        0x00008070       0x18 ./freertos/tasks.o
                0x00008078                FreeRTOSDebugConfig
 .rodata        0x00008088        0xd ./freertos/timers.o
 *fill*         0x00008095        0x3 ff
 .rodata.prvProcessReceivedCommands
                0x00008098       0x28 ./freertos/timers.o
 .rodata        0x000080c0      0x13a ./drivers/fsl_adc16.o
 *fill*         0x000081fa        0x2 ff
 .rodata        0x000081fc      0x11d ./drivers/fsl_clock.o
 *fill*         0x00008319        0x3 ff
 .rodata.fllFactorTable.5230
                0x0000831c       0x10 ./drivers/fsl_clock.o
 .rodata        0x0000832c      0x152 ./drivers/fsl_dac.o
 *fill*         0x0000847e        0x2 ff
 .rodata        0x00008480      0x4ae ./drivers/fsl_dma.o
 *fill*         0x0000892e        0x2 ff
 .rodata.s_dmaIRQNumber
                0x00008930        0x4 ./drivers/fsl_dma.o
 .rodata        0x00008934       0x42 ./drivers/fsl_dmamux.o
 *fill*         0x00008976        0x2 ff
 .rodata        0x00008978      0x48c ./drivers/fsl_lpsci.o
 .rodata.s_uartBases
                0x00008e04        0xc ./drivers/fsl_uart.o
 .rodata.s_uartClock
                0x00008e10        0xc ./drivers/fsl_uart.o
 .rodata        0x00008e1c      0x45b ./drivers/fsl_uart.o
 *fill*         0x00009277        0x1 ff
 .rodata.mcgConfig_BOARD_BootClockRUN
                0x00009278        0xa ./board/clock_config.o
                0x00009278                mcgConfig_BOARD_BootClockRUN
 *fill*         0x00009282        0x2 ff
 .rodata.simConfig_BOARD_BootClockRUN
                0x00009284        0x8 ./board/clock_config.o
                0x00009284                simConfig_BOARD_BootClockRUN
 .rodata.oscConfig_BOARD_BootClockRUN
                0x0000928c        0x8 ./board/clock_config.o
                0x0000928c                oscConfig_BOARD_BootClockRUN
 .rodata.__num_Ciob_streams
                0x00009294        0x4 d:/mcuxpressoide_11.0.1_2563/ide/plugins/com.nxp.mcuxpresso.tools.win32_11.0.1.201907311258/tools/bin/../lib/gcc/arm-none-eabi/8.2.1/../../../../arm-none-eabi/lib/thumb/v6-m/nofp\libcr_semihost_nf.a(__ciob.o)
                0x00009294                __num_Ciob_streams
 .rodata.__assertion_failed.str1.1
                0x00009298       0x15 d:/mcuxpressoide_11.0.1_2563/ide/plugins/com.nxp.mcuxpresso.tools.win32_11.0.1.201907311258/tools/bin/../lib/gcc/arm-none-eabi/8.2.1/../../../../arm-none-eabi/lib/thumb/v6-m/nofp\libcr_semihost_nf.a(_cr_assert.o)
 .rodata._Csys_alloc.str1.1
                0x000092ad       0x18 d:/mcuxpressoide_11.0.1_2563/ide/plugins/com.nxp.mcuxpresso.tools.win32_11.0.1.201907311258/tools/bin/../lib/gcc/arm-none-eabi/8.2.1/../../../../arm-none-eabi/lib/thumb/v6-m/nofp\libcr_c.a(alloc.o)
 .rodata._initio.str1.1
                0x000092c5        0x4 d:/mcuxpressoide_11.0.1_2563/ide/plugins/com.nxp.mcuxpresso.tools.win32_11.0.1.201907311258/tools/bin/../lib/gcc/arm-none-eabi/8.2.1/../../../../arm-none-eabi/lib/thumb/v6-m/nofp\libcr_c.a(initio.o)
 .rodata.__vfprintf.str1.1
                0x000092c9       0x35 d:/mcuxpressoide_11.0.1_2563/ide/plugins/com.nxp.mcuxpresso.tools.win32_11.0.1.201907311258/tools/bin/../lib/gcc/arm-none-eabi/8.2.1/../../../../arm-none-eabi/lib/thumb/v6-m/nofp\libcr_c.a(printf.o)
                                 0x38 (size before relaxing)
                0x00009300                . = ALIGN (0x4)
 *fill*         0x000092fe        0x2 ff

.glue_7         0x00009300        0x0
 .glue_7        0x00009300        0x0 linker stubs

.glue_7t        0x00009300        0x0
 .glue_7t       0x00009300        0x0 linker stubs

.vfp11_veneer   0x00009300        0x0
 .vfp11_veneer  0x00009300        0x0 linker stubs

.v4_bx          0x00009300        0x0
 .v4_bx         0x00009300        0x0 linker stubs

.iplt           0x00009300        0x0
 .iplt          0x00009300        0x0 ./utilities/fsl_debug_console.o

.rel.dyn        0x00009300        0x0
 .rel.iplt      0x00009300        0x0 ./utilities/fsl_debug_console.o

.ARM.extab
 *(SORT_BY_ALIGNMENT(.ARM.extab*) SORT_BY_ALIGNMENT(.gnu.linkonce.armextab.*))
                0x00009300                __exidx_start = .

.ARM.exidx
 *(SORT_BY_ALIGNMENT(.ARM.exidx*) SORT_BY_ALIGNMENT(.gnu.linkonce.armexidx.*))
                0x00009300                __exidx_end = .
                0x00009300                _etext = .

.m_usb_data
 *(SORT_BY_ALIGNMENT(m_usb_bdt))

.mtb_buffer_default
                0x1ffff000       0x80
 *(SORT_BY_ALIGNMENT(.mtb*))
 .mtb.$RAM1     0x1ffff000       0x80 ./source/mtb.o
                0x1ffff000                __mtb_buffer__

.uninit_RESERVED
                0x1ffff080        0x0
                0x1ffff080                . = ALIGN (0x4)
 *(SORT_BY_ALIGNMENT(.bss.$RESERVED*))
                0x1ffff080                . = ALIGN (0x4)
                0x1ffff080                _end_uninit_RESERVED = .

.data           0x1ffff080        0xc load address 0x00009300
 FILL mask 0xff
                0x1ffff080                _data = .
 *(SORT_BY_ALIGNMENT(vtable))
 *(SORT_BY_ALIGNMENT(.ramfunc*))
 *(SORT_BY_ALIGNMENT(CodeQuickAccess))
 *(SORT_BY_ALIGNMENT(DataQuickAccess))
 *(SORT_BY_ALIGNMENT(RamFunction))
 *(SORT_BY_ALIGNMENT(.data*))
 .data.uxCriticalNesting
                0x1ffff080        0x4 ./freertos/port.o
 .data.s_slowIrcFreq
                0x1ffff084        0x4 ./drivers/fsl_clock.o
 .data.SystemCoreClock
                0x1ffff088        0x4 ./CMSIS/system_MKL25Z4.o
                0x1ffff088                SystemCoreClock
                0x1ffff08c                . = ALIGN (0x4)
                0x1ffff08c                _edata = .

.igot.plt       0x1ffff08c        0x0 load address 0x0000930c
 .igot.plt      0x1ffff08c        0x0 ./utilities/fsl_debug_console.o

.bss            0x1ffff090     0x2ce4 load address 0x0000930c
                0x1ffff090                . = ALIGN (0x4)
                0x1ffff090                _bss = .
 *(SORT_BY_ALIGNMENT(.bss*))
 .bss.current_time
                0x1ffff090        0x8 ./source/time_stamp.o
 .bss.s_debugConsole
                0x1ffff098       0x10 ./utilities/fsl_debug_console.o
 .bss.adc_config_struct
                0x1ffff0a8        0x9 ./source/adc_dac.o
 *fill*         0x1ffff0b1        0x3 
 .bss.adc_channel_config_struct
                0x1ffff0b4        0x8 ./source/adc_dac.o
 .bss.dac_config
                0x1ffff0bc        0x2 ./source/adc_dac.o
 *fill*         0x1ffff0be        0x2 
 .bss.transferConfig
                0x1ffff0c0       0x10 ./source/dma.o
                0x1ffff0c0                transferConfig
 .bss.g_DMA_Handle
                0x1ffff0d0       0x10 ./source/dma.o
                0x1ffff0d0                g_DMA_Handle
 .bss.ADC_BUFF  0x1ffff0e0        0x4 ./source/main.o
                0x1ffff0e0                ADC_BUFF
 .bss.DSP_Handle
                0x1ffff0e4        0x4 ./source/task1.o
                0x1ffff0e4                DSP_Handle
 .bss.buffer    0x1ffff0e8       0x80 ./source/task1.o
                0x1ffff0e8                buffer
 .bss.sum       0x1ffff168        0x4 ./source/task1.o
                0x1ffff168                sum
 .bss.stdDevSum
                0x1ffff16c        0x4 ./source/task1.o
                0x1ffff16c                stdDevSum
 .bss.values    0x1ffff170      0x100 ./source/task1.o
                0x1ffff170                values
 .bss.min       0x1ffff270        0x4 ./source/task1.o
                0x1ffff270                min
 .bss.max       0x1ffff274        0x4 ./source/task1.o
                0x1ffff274                max
 .bss.average   0x1ffff278        0x4 ./source/task1.o
                0x1ffff278                average
 .bss.std_dev   0x1ffff27c        0x4 ./source/task1.o
                0x1ffff27c                std_dev
 .bss.count     0x1ffff280        0x4 ./source/wave.o
                0x1ffff280                count
 .bss.sine      0x1ffff284       0x64 ./source/wave.o
 .bss.ucHeap    0x1ffff2e8     0x2800 ./freertos/heap_4.o
 .bss.xStart    0x20001ae8        0x8 ./freertos/heap_4.o
 .bss.pxEnd     0x20001af0        0x4 ./freertos/heap_4.o
 .bss.xFreeBytesRemaining
                0x20001af4        0x4 ./freertos/heap_4.o
 .bss.xMinimumEverFreeBytesRemaining
                0x20001af8        0x4 ./freertos/heap_4.o
 .bss.xBlockAllocatedBit
                0x20001afc        0x4 ./freertos/heap_4.o
 .bss.xQueueRegistry
                0x20001b00       0x40 ./freertos/queue.o
                0x20001b00                xQueueRegistry
 .bss.pxCurrentTCB
                0x20001b40        0x4 ./freertos/tasks.o
                0x20001b40                pxCurrentTCB
 .bss.pxReadyTasksLists
                0x20001b44       0x64 ./freertos/tasks.o
 .bss.xDelayedTaskList1
                0x20001ba8       0x14 ./freertos/tasks.o
 .bss.xDelayedTaskList2
                0x20001bbc       0x14 ./freertos/tasks.o
 .bss.pxDelayedTaskList
                0x20001bd0        0x4 ./freertos/tasks.o
 .bss.pxOverflowDelayedTaskList
                0x20001bd4        0x4 ./freertos/tasks.o
 .bss.xPendingReadyList
                0x20001bd8       0x14 ./freertos/tasks.o
 .bss.xTasksWaitingTermination
                0x20001bec       0x14 ./freertos/tasks.o
 .bss.uxDeletedTasksWaitingCleanUp
                0x20001c00        0x4 ./freertos/tasks.o
 .bss.xSuspendedTaskList
                0x20001c04       0x14 ./freertos/tasks.o
 .bss.uxCurrentNumberOfTasks
                0x20001c18        0x4 ./freertos/tasks.o
 .bss.xTickCount
                0x20001c1c        0x4 ./freertos/tasks.o
 .bss.uxTopReadyPriority
                0x20001c20        0x4 ./freertos/tasks.o
 .bss.xSchedulerRunning
                0x20001c24        0x4 ./freertos/tasks.o
 .bss.uxPendedTicks
                0x20001c28        0x4 ./freertos/tasks.o
 .bss.xYieldPending
                0x20001c2c        0x4 ./freertos/tasks.o
 .bss.xNumOfOverflows
                0x20001c30        0x4 ./freertos/tasks.o
 .bss.uxTaskNumber
                0x20001c34        0x4 ./freertos/tasks.o
 .bss.xNextTaskUnblockTime
                0x20001c38        0x4 ./freertos/tasks.o
 .bss.xIdleTaskHandle
                0x20001c3c        0x4 ./freertos/tasks.o
 .bss.uxSchedulerSuspended
                0x20001c40        0x4 ./freertos/tasks.o
 .bss.xActiveTimerList1
                0x20001c44       0x14 ./freertos/timers.o
 .bss.xActiveTimerList2
                0x20001c58       0x14 ./freertos/timers.o
 .bss.pxCurrentTimerList
                0x20001c6c        0x4 ./freertos/timers.o
 .bss.pxOverflowTimerList
                0x20001c70        0x4 ./freertos/timers.o
 .bss.xTimerQueue
                0x20001c74        0x4 ./freertos/timers.o
 .bss.xTimerTaskHandle
                0x20001c78        0x4 ./freertos/timers.o
 .bss.xLastTime.4595
                0x20001c7c        0x4 ./freertos/timers.o
 .bss.g_xtal0Freq
                0x20001c80        0x4 ./drivers/fsl_clock.o
                0x20001c80                g_xtal0Freq
 .bss.s_DMAHandle
                0x20001c84       0x10 ./drivers/fsl_dma.o
 .bss.s_lpsciHandle
                0x20001c94        0x4 ./drivers/fsl_lpsci.o
 .bss.s_lpsciIsr
                0x20001c98        0x4 ./drivers/fsl_lpsci.o
 .bss.s_uartHandle
                0x20001c9c        0xc ./drivers/fsl_uart.o
 .bss.s_uartIsr
                0x20001ca8        0x4 ./drivers/fsl_uart.o
 .bss.__Ciob    0x20001cac       0xb4 d:/mcuxpressoide_11.0.1_2563/ide/plugins/com.nxp.mcuxpresso.tools.win32_11.0.1.201907311258/tools/bin/../lib/gcc/arm-none-eabi/8.2.1/../../../../arm-none-eabi/lib/thumb/v6-m/nofp\libcr_semihost_nf.a(__ciob.o)
                0x20001cac                __Ciob
 .bss.errno     0x20001d60        0x4 d:/mcuxpressoide_11.0.1_2563/ide/plugins/com.nxp.mcuxpresso.tools.win32_11.0.1.201907311258/tools/bin/../lib/gcc/arm-none-eabi/8.2.1/../../../../arm-none-eabi/lib/thumb/v6-m/nofp\libcr_c.a(errno.o)
                0x20001d60                errno
 .bss.__end_of_heap
                0x20001d64        0x4 d:/mcuxpressoide_11.0.1_2563/ide/plugins/com.nxp.mcuxpresso.tools.win32_11.0.1.201907311258/tools/bin/../lib/gcc/arm-none-eabi/8.2.1/../../../../arm-none-eabi/lib/thumb/v6-m/nofp\libcr_c.a(__init_alloc.o)
                0x20001d64                __end_of_heap
 .bss.__heaps   0x20001d68        0x4 d:/mcuxpressoide_11.0.1_2563/ide/plugins/com.nxp.mcuxpresso.tools.win32_11.0.1.201907311258/tools/bin/../lib/gcc/arm-none-eabi/8.2.1/../../../../arm-none-eabi/lib/thumb/v6-m/nofp\libcr_c.a(__init_alloc.o)
                0x20001d68                __heaps
 .bss.minInt    0x20001d6c        0x2 ./source/task1.o
                0x20001d6c                minInt
 .bss.maxInt    0x20001d6e        0x2 ./source/task1.o
                0x20001d6e                maxInt
 .bss.adc_read_count
                0x20001d70        0x1 ./source/task1.o
                0x20001d70                adc_read_count
 .bss.cycle     0x20001d71        0x1 ./source/task1.o
                0x20001d71                cycle
 .bss.g_Transfer_Done
                0x20001d72        0x1 ./source/task1.o
                0x20001d72                g_Transfer_Done
 *(SORT_BY_ALIGNMENT(COMMON))
                0x20001d74                . = ALIGN (0x4)
 *fill*         0x20001d73        0x1 
                0x20001d74                _ebss = .
                [!provide]                PROVIDE (end = .)

.noinit         0x20001d74        0x0 load address 0x0000930c
                0x20001d74                . = ALIGN (0x4)
                0x20001d74                _noinit = .
 *(SORT_BY_ALIGNMENT(.noinit*))
                0x20001d74                . = ALIGN (0x4)
                0x20001d74                _end_noinit = .
                0x00000400                _HeapSize = 0x400

.heap           0x20001d74      0x400 load address 0x0000930c
                0x20001d74                _pvHeapStart = .
                0x20002174                . = (. + _HeapSize)
 *fill*         0x20001d74      0x400 
                0x20002174                . = ALIGN (0x4)
                0x20002174                _pvHeapLimit = .
                0x00000400                _StackSize = 0x400

.heap2stackfill
                0x20002174      0x400 load address 0x0000930c
                0x20002574                . = (. + _StackSize)
 *fill*         0x20002174      0x400 

.stack          0x20002c00        0x0
                0x20002c00                _vStackBase = .
                0x20002c00                . = ALIGN (0x4)
                0x20003000                _vStackTop = (. + _StackSize)
                0x00000000                _image_start = LOADADDR (.text)
                0x0000930c                _image_end = (LOADADDR (.data) + SIZEOF (.data))
                0x0000930c                _image_size = (_image_end - _image_start)
OUTPUT(PES_ASSIGNMENT-6.axf elf32-littlearm)

.debug_info     0x00000000    0x10db3
 .debug_info    0x00000000      0xa34 ./utilities/fsl_debug_console.o
 .debug_info    0x00000a34      0x4db ./startup/startup_mkl25z4.o
 .debug_info    0x00000f0f      0xcc4 ./source/adc_dac.o
 .debug_info    0x00001bd3      0x729 ./source/dma.o
 .debug_info    0x000022fc      0x8cd ./source/main.o
 .debug_info    0x00002bc9       0x4f ./source/mtb.o
 .debug_info    0x00002c18       0x38 ./source/semihost_hardfault.o
 .debug_info    0x00002c50      0xdfb ./source/task1.o
 .debug_info    0x00003a4b      0x7ff ./source/time_stamp.o
 .debug_info    0x0000424a      0x436 ./source/wave.o
 .debug_info    0x00004680       0xe8 ./freertos/fsl_tickless_lptmr.o
 .debug_info    0x00004768      0x330 ./freertos/heap_4.o
 .debug_info    0x00004a98      0x2e7 ./freertos/list.o
 .debug_info    0x00004d7f      0x276 ./freertos/port.o
 .debug_info    0x00004ff5      0xef9 ./freertos/queue.o
 .debug_info    0x00005eee     0x18e2 ./freertos/tasks.o
 .debug_info    0x000077d0      0xc93 ./freertos/timers.o
 .debug_info    0x00008463      0xc9a ./drivers/fsl_adc16.o
 .debug_info    0x000090fd     0x1a93 ./drivers/fsl_clock.o
 .debug_info    0x0000ab90      0x8b6 ./drivers/fsl_dac.o
 .debug_info    0x0000b446      0xf4a ./drivers/fsl_dma.o
 .debug_info    0x0000c390      0x4e3 ./drivers/fsl_dmamux.o
 .debug_info    0x0000c873     0x1465 ./drivers/fsl_lpsci.o
 .debug_info    0x0000dcd8     0x1406 ./drivers/fsl_uart.o
 .debug_info    0x0000f0de      0x807 ./board/board.o
 .debug_info    0x0000f8e5      0xafa ./board/clock_config.o
 .debug_info    0x000103df      0x59f ./board/pin_mux.o
 .debug_info    0x0001097e      0x435 ./CMSIS/system_MKL25Z4.o

.debug_abbrev   0x00000000     0x362a
 .debug_abbrev  0x00000000      0x229 ./utilities/fsl_debug_console.o
 .debug_abbrev  0x00000229      0x18a ./startup/startup_mkl25z4.o
 .debug_abbrev  0x000003b3      0x21c ./source/adc_dac.o
 .debug_abbrev  0x000005cf      0x208 ./source/dma.o
 .debug_abbrev  0x000007d7      0x190 ./source/main.o
 .debug_abbrev  0x00000967       0x43 ./source/mtb.o
 .debug_abbrev  0x000009aa       0x2e ./source/semihost_hardfault.o
 .debug_abbrev  0x000009d8      0x2a6 ./source/task1.o
 .debug_abbrev  0x00000c7e      0x25a ./source/time_stamp.o
 .debug_abbrev  0x00000ed8      0x163 ./source/wave.o
 .debug_abbrev  0x0000103b       0x97 ./freertos/fsl_tickless_lptmr.o
 .debug_abbrev  0x000010d2      0x1a4 ./freertos/heap_4.o
 .debug_abbrev  0x00001276      0x123 ./freertos/list.o
 .debug_abbrev  0x00001399      0x1b0 ./freertos/port.o
 .debug_abbrev  0x00001549      0x233 ./freertos/queue.o
 .debug_abbrev  0x0000177c      0x2cd ./freertos/tasks.o
 .debug_abbrev  0x00001a49      0x229 ./freertos/timers.o
 .debug_abbrev  0x00001c72      0x29f ./drivers/fsl_adc16.o
 .debug_abbrev  0x00001f11      0x36c ./drivers/fsl_clock.o
 .debug_abbrev  0x0000227d      0x234 ./drivers/fsl_dac.o
 .debug_abbrev  0x000024b1      0x2e9 ./drivers/fsl_dma.o
 .debug_abbrev  0x0000279a      0x1ad ./drivers/fsl_dmamux.o
 .debug_abbrev  0x00002947      0x306 ./drivers/fsl_lpsci.o
 .debug_abbrev  0x00002c4d      0x320 ./drivers/fsl_uart.o
 .debug_abbrev  0x00002f6d      0x1a4 ./board/board.o
 .debug_abbrev  0x00003111      0x20e ./board/clock_config.o
 .debug_abbrev  0x0000331f      0x1b8 ./board/pin_mux.o
 .debug_abbrev  0x000034d7      0x153 ./CMSIS/system_MKL25Z4.o

.debug_aranges  0x00000000      0xf80
 .debug_aranges
                0x00000000       0x58 ./utilities/fsl_debug_console.o
 .debug_aranges
                0x00000058      0x160 ./startup/startup_mkl25z4.o
 .debug_aranges
                0x000001b8       0x50 ./source/adc_dac.o
 .debug_aranges
                0x00000208       0x40 ./source/dma.o
 .debug_aranges
                0x00000248       0x20 ./source/main.o
 .debug_aranges
                0x00000268       0x18 ./source/mtb.o
 .debug_aranges
                0x00000280       0x20 ./source/semihost_hardfault.o
 .debug_aranges
                0x000002a0       0x48 ./source/task1.o
 .debug_aranges
                0x000002e8       0x50 ./source/time_stamp.o
 .debug_aranges
                0x00000338       0x28 ./source/wave.o
 .debug_aranges
                0x00000360       0x20 ./freertos/fsl_tickless_lptmr.o
 .debug_aranges
                0x00000380       0x50 ./freertos/heap_4.o
 .debug_aranges
                0x000003d0       0x40 ./freertos/list.o
 .debug_aranges
                0x00000410       0x80 ./freertos/port.o
 .debug_aranges
                0x00000490      0x118 ./freertos/queue.o
 .debug_aranges
                0x000005a8      0x1e8 ./freertos/tasks.o
 .debug_aranges
                0x00000790       0xc8 ./freertos/timers.o
 .debug_aranges
                0x00000858       0x88 ./drivers/fsl_adc16.o
 .debug_aranges
                0x000008e0      0x1d8 ./drivers/fsl_clock.o
 .debug_aranges
                0x00000ab8       0x90 ./drivers/fsl_dac.o
 .debug_aranges
                0x00000b48       0xd0 ./drivers/fsl_dma.o
 .debug_aranges
                0x00000c18       0x40 ./drivers/fsl_dmamux.o
 .debug_aranges
                0x00000c58      0x118 ./drivers/fsl_lpsci.o
 .debug_aranges
                0x00000d70      0x130 ./drivers/fsl_uart.o
 .debug_aranges
                0x00000ea0       0x28 ./board/board.o
 .debug_aranges
                0x00000ec8       0x58 ./board/clock_config.o
 .debug_aranges
                0x00000f20       0x38 ./board/pin_mux.o
 .debug_aranges
                0x00000f58       0x28 ./CMSIS/system_MKL25Z4.o

.debug_ranges   0x00000000      0xdb8
 .debug_ranges  0x00000000       0x48 ./utilities/fsl_debug_console.o
 .debug_ranges  0x00000048      0x150 ./startup/startup_mkl25z4.o
 .debug_ranges  0x00000198       0x40 ./source/adc_dac.o
 .debug_ranges  0x000001d8       0x30 ./source/dma.o
 .debug_ranges  0x00000208       0x10 ./source/main.o
 .debug_ranges  0x00000218       0x10 ./source/semihost_hardfault.o
 .debug_ranges  0x00000228       0x38 ./source/task1.o
 .debug_ranges  0x00000260       0x40 ./source/time_stamp.o
 .debug_ranges  0x000002a0       0x18 ./source/wave.o
 .debug_ranges  0x000002b8       0x10 ./freertos/fsl_tickless_lptmr.o
 .debug_ranges  0x000002c8       0x40 ./freertos/heap_4.o
 .debug_ranges  0x00000308       0x30 ./freertos/list.o
 .debug_ranges  0x00000338       0x70 ./freertos/port.o
 .debug_ranges  0x000003a8      0x108 ./freertos/queue.o
 .debug_ranges  0x000004b0      0x1d8 ./freertos/tasks.o
 .debug_ranges  0x00000688       0xb8 ./freertos/timers.o
 .debug_ranges  0x00000740       0x78 ./drivers/fsl_adc16.o
 .debug_ranges  0x000007b8      0x1c8 ./drivers/fsl_clock.o
 .debug_ranges  0x00000980       0x80 ./drivers/fsl_dac.o
 .debug_ranges  0x00000a00       0xc0 ./drivers/fsl_dma.o
 .debug_ranges  0x00000ac0       0x30 ./drivers/fsl_dmamux.o
 .debug_ranges  0x00000af0      0x108 ./drivers/fsl_lpsci.o
 .debug_ranges  0x00000bf8      0x120 ./drivers/fsl_uart.o
 .debug_ranges  0x00000d18       0x18 ./board/board.o
 .debug_ranges  0x00000d30       0x48 ./board/clock_config.o
 .debug_ranges  0x00000d78       0x28 ./board/pin_mux.o
 .debug_ranges  0x00000da0       0x18 ./CMSIS/system_MKL25Z4.o

.debug_line     0x00000000     0x8e17
 .debug_line    0x00000000      0x376 ./utilities/fsl_debug_console.o
 .debug_line    0x00000376      0x1e7 ./startup/startup_mkl25z4.o
 .debug_line    0x0000055d      0x2c9 ./source/adc_dac.o
 .debug_line    0x00000826      0x277 ./source/dma.o
 .debug_line    0x00000a9d      0x20f ./source/main.o
 .debug_line    0x00000cac       0x30 ./source/mtb.o
 .debug_line    0x00000cdc       0x5a ./source/semihost_hardfault.o
 .debug_line    0x00000d36      0x3da ./source/task1.o
 .debug_line    0x00001110      0x323 ./source/time_stamp.o
 .debug_line    0x00001433      0x20d ./source/wave.o
 .debug_line    0x00001640      0x184 ./freertos/fsl_tickless_lptmr.o
 .debug_line    0x000017c4      0x3be ./freertos/heap_4.o
 .debug_line    0x00001b82      0x26a ./freertos/list.o
 .debug_line    0x00001dec      0x305 ./freertos/port.o
 .debug_line    0x000020f1      0xbd5 ./freertos/queue.o
 .debug_line    0x00002cc6     0x1480 ./freertos/tasks.o
 .debug_line    0x00004146      0x673 ./freertos/timers.o
 .debug_line    0x000047b9      0x550 ./drivers/fsl_adc16.o
 .debug_line    0x00004d09     0x11fc ./drivers/fsl_clock.o
 .debug_line    0x00005f05      0x436 ./drivers/fsl_dac.o
 .debug_line    0x0000633b      0x651 ./drivers/fsl_dma.o
 .debug_line    0x0000698c      0x251 ./drivers/fsl_dmamux.o
 .debug_line    0x00006bdd      0xc80 ./drivers/fsl_lpsci.o
 .debug_line    0x0000785d      0xc6f ./drivers/fsl_uart.o
 .debug_line    0x000084cc      0x1dd ./board/board.o
 .debug_line    0x000086a9      0x2af ./board/clock_config.o
 .debug_line    0x00008958      0x21f ./board/pin_mux.o
 .debug_line    0x00008b77      0x2a0 ./CMSIS/system_MKL25Z4.o

.debug_str      0x00000000     0x6a13
 .debug_str     0x00000000      0xb11 ./utilities/fsl_debug_console.o
                                0xb9f (size before relaxing)
 .debug_str     0x00000b11      0x394 ./startup/startup_mkl25z4.o
                                0x4eb (size before relaxing)
 .debug_str     0x00000ea5      0xa49 ./source/adc_dac.o
                               0x11dc (size before relaxing)
 .debug_str     0x000018ee      0x273 ./source/dma.o
                                0x9f0 (size before relaxing)
 .debug_str     0x00001b61      0x1b4 ./source/main.o
                                0xc87 (size before relaxing)
 .debug_str     0x00001d15       0x1f ./source/mtb.o
                                0x175 (size before relaxing)
 .debug_str     0x00001d34       0x1f ./source/semihost_hardfault.o
                                0x175 (size before relaxing)
 .debug_str     0x00001d53       0xe5 ./source/task1.o
                                0xf7d (size before relaxing)
 .debug_str     0x00001e38      0x2ff ./source/time_stamp.o
                                0xa84 (size before relaxing)
 .debug_str     0x00002137       0x64 ./source/wave.o
                                0x7cb (size before relaxing)
 .debug_str     0x0000219b       0x38 ./freertos/fsl_tickless_lptmr.o
                                0x266 (size before relaxing)
 .debug_str     0x000021d3      0x1d3 ./freertos/heap_4.o
                                0x3ec (size before relaxing)
 .debug_str     0x000023a6       0x9c ./freertos/list.o
                                0x360 (size before relaxing)
 .debug_str     0x00002442      0x13d ./freertos/port.o
                                0x3a2 (size before relaxing)
 .debug_str     0x0000257f      0x48d ./freertos/queue.o
                                0x882 (size before relaxing)
 .debug_str     0x00002a0c      0xbdf ./freertos/tasks.o
                               0x1000 (size before relaxing)
 .debug_str     0x000035eb      0x4cf ./freertos/timers.o
                                0x913 (size before relaxing)
 .debug_str     0x00003aba      0x571 ./drivers/fsl_adc16.o
                               0x1274 (size before relaxing)
 .debug_str     0x0000402b      0xc2d ./drivers/fsl_clock.o
                               0x1816 (size before relaxing)
 .debug_str     0x00004c58      0x259 ./drivers/fsl_dac.o
                                0xbc7 (size before relaxing)
 .debug_str     0x00004eb1      0x567 ./drivers/fsl_dma.o
                               0x12a8 (size before relaxing)
 .debug_str     0x00005418       0x65 ./drivers/fsl_dmamux.o
                                0x8cf (size before relaxing)
 .debug_str     0x0000547d      0x94b ./drivers/fsl_lpsci.o
                               0x15de (size before relaxing)
 .debug_str     0x00005dc8      0x819 ./drivers/fsl_uart.o
                               0x15ea (size before relaxing)
 .debug_str     0x000065e1       0x4c ./board/board.o
                                0x769 (size before relaxing)
 .debug_str     0x0000662d      0x237 ./board/clock_config.o
                                0xdfd (size before relaxing)
 .debug_str     0x00006864      0x168 ./board/pin_mux.o
                                0x606 (size before relaxing)
 .debug_str     0x000069cc       0x47 ./CMSIS/system_MKL25Z4.o
                                0x357 (size before relaxing)

.comment        0x00000000       0x75
 .comment       0x00000000       0x75 ./utilities/fsl_debug_console.o
                                 0x76 (size before relaxing)
 .comment       0x00000075       0x76 ./startup/startup_mkl25z4.o
 .comment       0x00000075       0x76 ./source/adc_dac.o
 .comment       0x00000075       0x76 ./source/dma.o
 .comment       0x00000075       0x76 ./source/main.o
 .comment       0x00000075       0x76 ./source/mtb.o
 .comment       0x00000075       0x76 ./source/semihost_hardfault.o
 .comment       0x00000075       0x76 ./source/task1.o
 .comment       0x00000075       0x76 ./source/time_stamp.o
 .comment       0x00000075       0x76 ./source/wave.o
 .comment       0x00000075       0x76 ./freertos/fsl_tickless_lptmr.o
 .comment       0x00000075       0x76 ./freertos/heap_4.o
 .comment       0x00000075       0x76 ./freertos/list.o
 .comment       0x00000075       0x76 ./freertos/port.o
 .comment       0x00000075       0x76 ./freertos/queue.o
 .comment       0x00000075       0x76 ./freertos/tasks.o
 .comment       0x00000075       0x76 ./freertos/timers.o
 .comment       0x00000075       0x76 ./drivers/fsl_adc16.o
 .comment       0x00000075       0x76 ./drivers/fsl_clock.o
 .comment       0x00000075       0x76 ./drivers/fsl_dac.o
 .comment       0x00000075       0x76 ./drivers/fsl_dma.o
 .comment       0x00000075       0x76 ./drivers/fsl_dmamux.o
 .comment       0x00000075       0x76 ./drivers/fsl_lpsci.o
 .comment       0x00000075       0x76 ./drivers/fsl_uart.o
 .comment       0x00000075       0x76 ./board/board.o
 .comment       0x00000075       0x76 ./board/clock_config.o
 .comment       0x00000075       0x76 ./board/pin_mux.o
 .comment       0x00000075       0x76 ./CMSIS/system_MKL25Z4.o
 .comment       0x00000075       0x76 d:/mcuxpressoide_11.0.1_2563/ide/plugins/com.nxp.mcuxpresso.tools.win32_11.0.1.201907311258/tools/bin/../lib/gcc/arm-none-eabi/8.2.1/../../../../arm-none-eabi/lib/thumb/v6-m/nofp\libcr_semihost_nf.a(_cr__main.o)
 .comment       0x00000075       0x76 d:/mcuxpressoide_11.0.1_2563/ide/plugins/com.nxp.mcuxpresso.tools.win32_11.0.1.201907311258/tools/bin/../lib/gcc/arm-none-eabi/8.2.1/../../../../arm-none-eabi/lib/thumb/v6-m/nofp\libcr_semihost_nf.a(_cr_assert.o)
 .comment       0x00000075       0x76 d:/mcuxpressoide_11.0.1_2563/ide/plugins/com.nxp.mcuxpresso.tools.win32_11.0.1.201907311258/tools/bin/../lib/gcc/arm-none-eabi/8.2.1/../../../../arm-none-eabi/lib/thumb/v6-m/nofp\libcr_semihost_nf.a(__ciob.o)
 .comment       0x00000075       0x76 d:/mcuxpressoide_11.0.1_2563/ide/plugins/com.nxp.mcuxpresso.tools.win32_11.0.1.201907311258/tools/bin/../lib/gcc/arm-none-eabi/8.2.1/../../../../arm-none-eabi/lib/thumb/v6-m/nofp\libcr_c.a(powf.o)
 .comment       0x00000075       0x76 d:/mcuxpressoide_11.0.1_2563/ide/plugins/com.nxp.mcuxpresso.tools.win32_11.0.1.201907311258/tools/bin/../lib/gcc/arm-none-eabi/8.2.1/../../../../arm-none-eabi/lib/thumb/v6-m/nofp\libcr_c.a(sqrtf.o)
 .comment       0x00000075       0x76 d:/mcuxpressoide_11.0.1_2563/ide/plugins/com.nxp.mcuxpresso.tools.win32_11.0.1.201907311258/tools/bin/../lib/gcc/arm-none-eabi/8.2.1/../../../../arm-none-eabi/lib/thumb/v6-m/nofp\libcr_c.a(memcpy.o)
 .comment       0x00000075       0x76 d:/mcuxpressoide_11.0.1_2563/ide/plugins/com.nxp.mcuxpresso.tools.win32_11.0.1.201907311258/tools/bin/../lib/gcc/arm-none-eabi/8.2.1/../../../../arm-none-eabi/lib/thumb/v6-m/nofp\libcr_c.a(memset.o)
 .comment       0x00000075       0x76 d:/mcuxpressoide_11.0.1_2563/ide/plugins/com.nxp.mcuxpresso.tools.win32_11.0.1.201907311258/tools/bin/../lib/gcc/arm-none-eabi/8.2.1/../../../../arm-none-eabi/lib/thumb/v6-m/nofp\libcr_c.a(_deferredlazyseek.o)
 .comment       0x00000075       0x76 d:/mcuxpressoide_11.0.1_2563/ide/plugins/com.nxp.mcuxpresso.tools.win32_11.0.1.201907311258/tools/bin/../lib/gcc/arm-none-eabi/8.2.1/../../../../arm-none-eabi/lib/thumb/v6-m/nofp\libcr_c.a(_fflush.o)
 .comment       0x00000075       0x76 d:/mcuxpressoide_11.0.1_2563/ide/plugins/com.nxp.mcuxpresso.tools.win32_11.0.1.201907311258/tools/bin/../lib/gcc/arm-none-eabi/8.2.1/../../../../arm-none-eabi/lib/thumb/v6-m/nofp\libcr_c.a(_writebuf.o)
 .comment       0x00000075       0x76 d:/mcuxpressoide_11.0.1_2563/ide/plugins/com.nxp.mcuxpresso.tools.win32_11.0.1.201907311258/tools/bin/../lib/gcc/arm-none-eabi/8.2.1/../../../../arm-none-eabi/lib/thumb/v6-m/nofp\libcr_c.a(alloc.o)
 .comment       0x00000075       0x76 d:/mcuxpressoide_11.0.1_2563/ide/plugins/com.nxp.mcuxpresso.tools.win32_11.0.1.201907311258/tools/bin/../lib/gcc/arm-none-eabi/8.2.1/../../../../arm-none-eabi/lib/thumb/v6-m/nofp\libcr_c.a(errno.o)
 .comment       0x00000075       0x76 d:/mcuxpressoide_11.0.1_2563/ide/plugins/com.nxp.mcuxpresso.tools.win32_11.0.1.201907311258/tools/bin/../lib/gcc/arm-none-eabi/8.2.1/../../../../arm-none-eabi/lib/thumb/v6-m/nofp\libcr_c.a(fputs.o)
 .comment       0x00000075       0x76 d:/mcuxpressoide_11.0.1_2563/ide/plugins/com.nxp.mcuxpresso.tools.win32_11.0.1.201907311258/tools/bin/../lib/gcc/arm-none-eabi/8.2.1/../../../../arm-none-eabi/lib/thumb/v6-m/nofp\libcr_c.a(fseek.o)
 .comment       0x00000075       0x76 d:/mcuxpressoide_11.0.1_2563/ide/plugins/com.nxp.mcuxpresso.tools.win32_11.0.1.201907311258/tools/bin/../lib/gcc/arm-none-eabi/8.2.1/../../../../arm-none-eabi/lib/thumb/v6-m/nofp\libcr_c.a(ftell.o)
 .comment       0x00000075       0x76 d:/mcuxpressoide_11.0.1_2563/ide/plugins/com.nxp.mcuxpresso.tools.win32_11.0.1.201907311258/tools/bin/../lib/gcc/arm-none-eabi/8.2.1/../../../../arm-none-eabi/lib/thumb/v6-m/nofp\libcr_c.a(initio.o)
 .comment       0x00000075       0x76 d:/mcuxpressoide_11.0.1_2563/ide/plugins/com.nxp.mcuxpresso.tools.win32_11.0.1.201907311258/tools/bin/../lib/gcc/arm-none-eabi/8.2.1/../../../../arm-none-eabi/lib/thumb/v6-m/nofp\libcr_c.a(printf.o)
 .comment       0x00000075       0x76 d:/mcuxpressoide_11.0.1_2563/ide/plugins/com.nxp.mcuxpresso.tools.win32_11.0.1.201907311258/tools/bin/../lib/gcc/arm-none-eabi/8.2.1/../../../../arm-none-eabi/lib/thumb/v6-m/nofp\libcr_c.a(setvbuf.o)
 .comment       0x00000075       0x76 d:/mcuxpressoide_11.0.1_2563/ide/plugins/com.nxp.mcuxpresso.tools.win32_11.0.1.201907311258/tools/bin/../lib/gcc/arm-none-eabi/8.2.1/../../../../arm-none-eabi/lib/thumb/v6-m/nofp\libcr_c.a(sin.o)
 .comment       0x00000075       0x76 d:/mcuxpressoide_11.0.1_2563/ide/plugins/com.nxp.mcuxpresso.tools.win32_11.0.1.201907311258/tools/bin/../lib/gcc/arm-none-eabi/8.2.1/../../../../arm-none-eabi/lib/thumb/v6-m/nofp\libcr_c.a(strlen.o)
 .comment       0x00000075       0x76 d:/mcuxpressoide_11.0.1_2563/ide/plugins/com.nxp.mcuxpresso.tools.win32_11.0.1.201907311258/tools/bin/../lib/gcc/arm-none-eabi/8.2.1/../../../../arm-none-eabi/lib/thumb/v6-m/nofp\libcr_c.a(frexpf.o)
 .comment       0x00000075       0x76 d:/mcuxpressoide_11.0.1_2563/ide/plugins/com.nxp.mcuxpresso.tools.win32_11.0.1.201907311258/tools/bin/../lib/gcc/arm-none-eabi/8.2.1/../../../../arm-none-eabi/lib/thumb/v6-m/nofp\libcr_c.a(ldexpf.o)
 .comment       0x00000075       0x76 d:/mcuxpressoide_11.0.1_2563/ide/plugins/com.nxp.mcuxpresso.tools.win32_11.0.1.201907311258/tools/bin/../lib/gcc/arm-none-eabi/8.2.1/../../../../arm-none-eabi/lib/thumb/v6-m/nofp\libcr_c.a(__init_alloc.o)
 .comment       0x00000075       0x76 d:/mcuxpressoide_11.0.1_2563/ide/plugins/com.nxp.mcuxpresso.tools.win32_11.0.1.201907311258/tools/bin/../lib/gcc/arm-none-eabi/8.2.1/../../../../arm-none-eabi/lib/thumb/v6-m/nofp\libcr_c.a(_cr_sbrk.o)
 .comment       0x00000075       0x76 d:/mcuxpressoide_11.0.1_2563/ide/plugins/com.nxp.mcuxpresso.tools.win32_11.0.1.201907311258/tools/bin/../lib/gcc/arm-none-eabi/8.2.1/../../../../arm-none-eabi/lib/thumb/v6-m/nofp\libcr_c.a(_fdopen.o)
 .comment       0x00000075       0x76 d:/mcuxpressoide_11.0.1_2563/ide/plugins/com.nxp.mcuxpresso.tools.win32_11.0.1.201907311258/tools/bin/../lib/gcc/arm-none-eabi/8.2.1/../../../../arm-none-eabi/lib/thumb/v6-m/nofp\libcr_c.a(_sincos.o)
 .comment       0x00000075       0x76 d:/mcuxpressoide_11.0.1_2563/ide/plugins/com.nxp.mcuxpresso.tools.win32_11.0.1.201907311258/tools/bin/../lib/gcc/arm-none-eabi/8.2.1/../../../../arm-none-eabi/lib/thumb/v6-m/nofp\libcr_c.a(fabs.o)
 .comment       0x00000075       0x76 d:/mcuxpressoide_11.0.1_2563/ide/plugins/com.nxp.mcuxpresso.tools.win32_11.0.1.201907311258/tools/bin/../lib/gcc/arm-none-eabi/8.2.1/../../../../arm-none-eabi/lib/thumb/v6-m/nofp\libcr_c.a(fclose.o)
 .comment       0x00000075       0x76 d:/mcuxpressoide_11.0.1_2563/ide/plugins/com.nxp.mcuxpresso.tools.win32_11.0.1.201907311258/tools/bin/../lib/gcc/arm-none-eabi/8.2.1/../../../../arm-none-eabi/lib/thumb/v6-m/nofp\libcr_c.a(fflush.o)
 .comment       0x00000075       0x76 d:/mcuxpressoide_11.0.1_2563/ide/plugins/com.nxp.mcuxpresso.tools.win32_11.0.1.201907311258/tools/bin/../lib/gcc/arm-none-eabi/8.2.1/../../../../arm-none-eabi/lib/thumb/v6-m/nofp\libcr_c.a(remove.o)
 .comment       0x00000075       0x76 d:/mcuxpressoide_11.0.1_2563/ide/plugins/com.nxp.mcuxpresso.tools.win32_11.0.1.201907311258/tools/bin/../lib/gcc/arm-none-eabi/8.2.1/../../../../arm-none-eabi/lib/thumb/v6-m/nofp\libcr_c.a(_cr_check_heap.o)
 .comment       0x00000075       0x76 d:/mcuxpressoide_11.0.1_2563/ide/plugins/com.nxp.mcuxpresso.tools.win32_11.0.1.201907311258/tools/bin/../lib/gcc/arm-none-eabi/8.2.1/../../../../arm-none-eabi/lib/thumb/v6-m/nofp\libcr_c.a(_do_fflush.o)
 .comment       0x00000075       0x76 d:/mcuxpressoide_11.0.1_2563/ide/plugins/com.nxp.mcuxpresso.tools.win32_11.0.1.201907311258/tools/bin/../lib/gcc/arm-none-eabi/8.2.1/thumb/v6-m/nofp\libcr_eabihelpers.a(double.o)
 .comment       0x00000075       0x76 d:/mcuxpressoide_11.0.1_2563/ide/plugins/com.nxp.mcuxpresso.tools.win32_11.0.1.201907311258/tools/bin/../lib/gcc/arm-none-eabi/8.2.1/thumb/v6-m/nofp\libcr_eabihelpers.a(float.o)

.ARM.attributes
                0x00000000       0x2a
 .ARM.attributes
                0x00000000       0x2c ./utilities/fsl_debug_console.o
 .ARM.attributes
                0x0000002c       0x2c ./startup/startup_mkl25z4.o
 .ARM.attributes
                0x00000058       0x2c ./source/adc_dac.o
 .ARM.attributes
                0x00000084       0x2c ./source/dma.o
 .ARM.attributes
                0x000000b0       0x2c ./source/main.o
 .ARM.attributes
                0x000000dc       0x32 ./source/mtb.o
 .ARM.attributes
                0x0000010e       0x2c ./source/semihost_hardfault.o
 .ARM.attributes
                0x0000013a       0x2c ./source/task1.o
 .ARM.attributes
                0x00000166       0x2c ./source/time_stamp.o
 .ARM.attributes
                0x00000192       0x2c ./source/wave.o
 .ARM.attributes
                0x000001be       0x2c ./freertos/fsl_tickless_lptmr.o
 .ARM.attributes
                0x000001ea       0x2c ./freertos/heap_4.o
 .ARM.attributes
                0x00000216       0x2c ./freertos/list.o
 .ARM.attributes
                0x00000242       0x2c ./freertos/port.o
 .ARM.attributes
                0x0000026e       0x2c ./freertos/queue.o
 .ARM.attributes
                0x0000029a       0x2c ./freertos/tasks.o
 .ARM.attributes
                0x000002c6       0x2c ./freertos/timers.o
 .ARM.attributes
                0x000002f2       0x2c ./drivers/fsl_adc16.o
 .ARM.attributes
                0x0000031e       0x2c ./drivers/fsl_clock.o
 .ARM.attributes
                0x0000034a       0x2c ./drivers/fsl_dac.o
 .ARM.attributes
                0x00000376       0x2c ./drivers/fsl_dma.o
 .ARM.attributes
                0x000003a2       0x2c ./drivers/fsl_dmamux.o
 .ARM.attributes
                0x000003ce       0x2c ./drivers/fsl_lpsci.o
 .ARM.attributes
                0x000003fa       0x2c ./drivers/fsl_uart.o
 .ARM.attributes
                0x00000426       0x2c ./board/board.o
 .ARM.attributes
                0x00000452       0x2c ./board/clock_config.o
 .ARM.attributes
                0x0000047e       0x2c ./board/pin_mux.o
 .ARM.attributes
                0x000004aa       0x2c ./CMSIS/system_MKL25Z4.o
 .ARM.attributes
                0x000004d6       0x2c d:/mcuxpressoide_11.0.1_2563/ide/plugins/com.nxp.mcuxpresso.tools.win32_11.0.1.201907311258/tools/bin/../lib/gcc/arm-none-eabi/8.2.1/../../../../arm-none-eabi/lib/thumb/v6-m/nofp\libcr_semihost_nf.a(_cr__main.o)
 .ARM.attributes
                0x00000502       0x2c d:/mcuxpressoide_11.0.1_2563/ide/plugins/com.nxp.mcuxpresso.tools.win32_11.0.1.201907311258/tools/bin/../lib/gcc/arm-none-eabi/8.2.1/../../../../arm-none-eabi/lib/thumb/v6-m/nofp\libcr_semihost_nf.a(_cr_assert.o)
 .ARM.attributes
                0x0000052e       0x31 d:/mcuxpressoide_11.0.1_2563/ide/plugins/com.nxp.mcuxpresso.tools.win32_11.0.1.201907311258/tools/bin/../lib/gcc/arm-none-eabi/8.2.1/../../../../arm-none-eabi/lib/thumb/v6-m/nofp\libcr_semihost_nf.a(__ciob.o)
 .ARM.attributes
                0x0000055f       0x1c d:/mcuxpressoide_11.0.1_2563/ide/plugins/com.nxp.mcuxpresso.tools.win32_11.0.1.201907311258/tools/bin/../lib/gcc/arm-none-eabi/8.2.1/../../../../arm-none-eabi/lib/thumb/v6-m/nofp\libcr_semihost_nf.a(__sys_appexit.o)
 .ARM.attributes
                0x0000057b       0x2c d:/mcuxpressoide_11.0.1_2563/ide/plugins/com.nxp.mcuxpresso.tools.win32_11.0.1.201907311258/tools/bin/../lib/gcc/arm-none-eabi/8.2.1/../../../../arm-none-eabi/lib/thumb/v6-m/nofp\libcr_c.a(powf.o)
 .ARM.attributes
                0x000005a7       0x2c d:/mcuxpressoide_11.0.1_2563/ide/plugins/com.nxp.mcuxpresso.tools.win32_11.0.1.201907311258/tools/bin/../lib/gcc/arm-none-eabi/8.2.1/../../../../arm-none-eabi/lib/thumb/v6-m/nofp\libcr_c.a(sqrtf.o)
 .ARM.attributes
                0x000005d3       0x2c d:/mcuxpressoide_11.0.1_2563/ide/plugins/com.nxp.mcuxpresso.tools.win32_11.0.1.201907311258/tools/bin/../lib/gcc/arm-none-eabi/8.2.1/../../../../arm-none-eabi/lib/thumb/v6-m/nofp\libcr_c.a(memcpy.o)
 .ARM.attributes