port.c:127:14:pxPortInitialiseStack	24	static
port.c:145:13:prvTaskExitError	8	static
port.c:159:6:SVC_Handler	8	static
port.c:166:6:vPortStartFirstTask	0	static
port.c:196:12:xPortStartScheduler	8	static
port.c:223:6:vPortEndScheduler	8	static
port.c:231:6:vPortYield	8	static
port.c:243:6:vPortEnterCritical	8	static
port.c:252:6:vPortExitCritical	8	static
port.c:263:10:ulSetInterruptMaskFromISR	0	static
port.c:276:6:vClearInterruptMaskFromISR	0	static
port.c:288:6:PendSV_Handler	0	static
port.c:336:6:SysTick_Handler	16	static
