queue.c:240:12:xQueueGenericReset	24	static
queue.c:347:16:xQueueGenericCreate	56	static
queue.c:393:13:prvInitialiseNewQueue	24	static
queue.c:437:14:prvInitialiseMutex	16	static
queue.c:467:16:xQueueCreateMutex	32	static
queue.c:533:13:xQueueGiveMutexRecursive	32	static
queue.c:588:13:xQueueTakeMutexRecursive	32	static
queue.c:658:16:xQueueCreateCountingSemaphore	24	static
queue.c:684:12:xQueueGenericSend	48	static
queue.c:882:12:xQueueGenericSendFromISR	48	static
queue.c:1033:12:xQueueGiveFromISR	40	static
queue.c:1198:12:xQueueGenericReceive	48	static
queue.c:1395:12:xQueueReceiveFromISR	56	static
queue.c:1486:12:xQueuePeekFromISR	32	static
queue.c:1540:13:uxQueueMessagesWaiting	24	static
queue.c:1556:13:uxQueueSpacesAvailable	24	static
queue.c:1574:13:uxQueueMessagesWaitingFromISR	24	static
queue.c:1586:6:vQueueDelete	24	static
queue.c:1630:14:uxQueueGetQueueNumber	16	static
queue.c:1640:7:vQueueSetQueueNumber	16	static
queue.c:1650:10:ucQueueGetQueueType	16	static
queue.c:1658:19:prvCopyDataToQueue	32	static
queue.c:1737:13:prvCopyDataFromQueue	16	static
queue.c:1755:13:prvUnlockQueue	24	static
queue.c:1875:19:prvIsQueueEmpty	24	static
queue.c:1896:12:xQueueIsQueueEmptyFromISR	24	static
queue.c:1914:19:prvIsQueueFull	24	static
queue.c:1935:12:xQueueIsQueueFullFromISR	24	static
queue.c:2230:7:vQueueAddToRegistry	24	static
queue.c:2259:14:pcQueueGetName	24	static
queue.c:2287:7:vQueueUnregisterQueue	24	static
queue.c:2319:7:vQueueWaitForMessageRestricted	32	static
