queue.c:239:12:xQueueGenericReset	24	static
queue.c:346:16:xQueueGenericCreate	56	static
queue.c:392:13:prvInitialiseNewQueue	24	static
queue.c:436:14:prvInitialiseMutex	16	static
queue.c:466:16:xQueueCreateMutex	32	static
queue.c:532:13:xQueueGiveMutexRecursive	32	static
queue.c:587:13:xQueueTakeMutexRecursive	32	static
queue.c:657:16:xQueueCreateCountingSemaphore	24	static
queue.c:683:12:xQueueGenericSend	48	static
queue.c:881:12:xQueueGenericSendFromISR	48	static
queue.c:1032:12:xQueueGiveFromISR	40	static
queue.c:1197:12:xQueueGenericReceive	48	static
queue.c:1394:12:xQueueReceiveFromISR	56	static
queue.c:1485:12:xQueuePeekFromISR	32	static
queue.c:1539:13:uxQueueMessagesWaiting	24	static
queue.c:1555:13:uxQueueSpacesAvailable	24	static
queue.c:1573:13:uxQueueMessagesWaitingFromISR	24	static
queue.c:1585:6:vQueueDelete	24	static
queue.c:1629:14:uxQueueGetQueueNumber	16	static
queue.c:1639:7:vQueueSetQueueNumber	16	static
queue.c:1649:10:ucQueueGetQueueType	16	static
queue.c:1657:19:prvCopyDataToQueue	32	static
queue.c:1736:13:prvCopyDataFromQueue	16	static
queue.c:1754:13:prvUnlockQueue	24	static
queue.c:1874:19:prvIsQueueEmpty	24	static
queue.c:1895:12:xQueueIsQueueEmptyFromISR	24	static
queue.c:1913:19:prvIsQueueFull	24	static
queue.c:1934:12:xQueueIsQueueFullFromISR	24	static
queue.c:2229:7:vQueueAddToRegistry	24	static
queue.c:2258:14:pcQueueGetName	24	static
queue.c:2286:7:vQueueUnregisterQueue	24	static
queue.c:2318:7:vQueueWaitForMessageRestricted	32	static
